51.68.107.148 - - [21/Jul/2025:01:04:24 +1000] "GET /robots.txt HTTP/1.1" 200 274 "-" "Mozilla/5.0 (compatible; MJ12bot/v2.0.2; http://mj12bot.com/)"
51.68.107.148 - - [21/Jul/2025:01:04:25 +1000] "GET / HTTP/1.1" 200 102365 "-" "Mozilla/5.0 (compatible; MJ12bot/v2.0.2; http://mj12bot.com/)"
139.59.109.12 - - [21/Jul/2025:01:04:31 +1000] "HEAD / HTTP/2" 200 0 "-" "downnotifier.com monitoring"
108.61.201.55 - - [21/Jul/2025:01:04:36 +1000] "HEAD / HTTP/2" 200 0 "-" "downnotifier.com monitoring"
139.162.215.113 - - [21/Jul/2025:01:05:01 +1000] "GET / HTTP/2" 200 119988 "-" "Better Uptime Bot Mozilla/5.0 (Windows NT 10.0; Win64; x64) AppleWebKit/537.36 (KHTML, like Gecko) Chrome/74.0.3729.169 Safari/537.36"
194.195.253.114 - - [21/Jul/2025:01:05:03 +1000] "GET / HTTP/2" 200 98250 "-" "Better Uptime Bot Mozilla/5.0 (Windows NT 10.0; Win64; x64) AppleWebKit/537.36 (KHTML, like Gecko) Chrome/74.0.3729.169 Safari/537.36"
69.164.207.190 - - [21/Jul/2025:01:05:03 +1000] "GET / HTTP/2" 200 98250 "-" "Better Uptime Bot Mozilla/5.0 (Windows NT 10.0; Win64; x64) AppleWebKit/537.36 (KHTML, like Gecko) Chrome/74.0.3729.169 Safari/537.36"
139.162.121.238 - - [21/Jul/2025:01:05:03 +1000] "GET / HTTP/2" 200 98250 "-" "Better Uptime Bot Mozilla/5.0 (Windows NT 10.0; Win64; x64) AppleWebKit/537.36 (KHTML, like Gecko) Chrome/74.0.3729.169 Safari/537.36"
216.144.248.30 - - [21/Jul/2025:01:05:45 +1000] "HEAD / HTTP/1.1" 200 0 "https://awaydigitalteams.com/" "Mozilla/5.0+(compatible; UptimeRobot/2.0; http://www.uptimerobot.com/)"
27.131.110.181 - - [21/Jul/2025:01:06:00 +1000] "POST /wp-cron.php?doing_wp_cron=1753023960.7327530384063720703125 HTTP/1.1" 200 0 "-" "WordPress/6.7; https://awaydigitalteams.com"
178.233.41.175 - - [21/Jul/2025:01:05:58 +1000] "GET /wp-json/wp/v2/posts?slug=/blog/should-i-outsource-insights-from-leading-australian-brands/ HTTP/1.1" 200 9334 "-" "-"
178.233.41.175 - - [21/Jul/2025:01:06:01 +1000] "POST /wp-comments-post.php HTTP/1.1" 403 1242 "-" "-"
216.144.248.24 - - [21/Jul/2025:01:07:58 +1000] "HEAD / HTTP/1.1" 200 0 "https://awaydigitalteams.com" "Mozilla/5.0+(compatible; UptimeRobot/2.0; http://www.uptimerobot.com/)"
66.228.56.140 - - [21/Jul/2025:01:08:00 +1000] "GET / HTTP/2" 200 119988 "-" "Better Uptime Bot Mozilla/5.0 (Windows NT 10.0; Win64; x64) AppleWebKit/537.36 (KHTML, like Gecko) Chrome/74.0.3729.169 Safari/537.36"
216.144.248.28 - - [21/Jul/2025:01:08:47 +1000] "HEAD / HTTP/1.1" 200 0 "https://awaydigitalteams.com/" "Mozilla/5.0+(compatible; UptimeRobot/2.0; http://www.uptimerobot.com/)"
52.15.147.27 - - [21/Jul/2025:01:10:13 +1000] "HEAD / HTTP/1.1" 200 0 "https://awaydigitalteams.com/" "Mozilla/5.0+(compatible; UptimeRobot/2.0; http://www.uptimerobot.com/)"
139.162.215.114 - - [21/Jul/2025:01:11:07 +1000] "GET / HTTP/2" 200 119988 "-" "Better Uptime Bot Mozilla/5.0 (Windows NT 10.0; Win64; x64) AppleWebKit/537.36 (KHTML, like Gecko) Chrome/74.0.3729.169 Safari/537.36"
3.212.128.62 - - [21/Jul/2025:01:12:39 +1000] "HEAD / HTTP/1.1" 200 0 "https://awaydigitalteams.com/" "Mozilla/5.0+(compatible; UptimeRobot/2.0; http://www.uptimerobot.com/)"
216.144.248.21 - - [21/Jul/2025:01:13:03 +1000] "HEAD / HTTP/1.1" 200 0 "https://awaydigitalteams.com" "Mozilla/5.0+(compatible; UptimeRobot/2.0; http://www.uptimerobot.com/)"
216.144.248.29 - - [21/Jul/2025:01:13:52 +1000] "HEAD / HTTP/1.1" 200 0 "https://awaydigitalteams.com/" "Mozilla/5.0+(compatible; UptimeRobot/2.0; http://www.uptimerobot.com/)"
194.195.253.108 - - [21/Jul/2025:01:13:59 +1000] "GET / HTTP/2" 200 98250 "-" "Better Uptime Bot Mozilla/5.0 (Windows NT 10.0; Win64; x64) AppleWebKit/537.36 (KHTML, like Gecko) Chrome/74.0.3729.169 Safari/537.36"
108.61.201.55 - - [21/Jul/2025:01:14:30 +1000] "HEAD / HTTP/2" 200 0 "-" "downnotifier.com monitoring"
139.59.109.12 - - [21/Jul/2025:01:14:34 +1000] "HEAD / HTTP/2" 200 0 "-" "downnotifier.com monitoring"
216.144.248.19 - - [21/Jul/2025:01:15:17 +1000] "HEAD / HTTP/1.1" 200 0 "https://awaydigitalteams.com/" "Mozilla/5.0+(compatible; UptimeRobot/2.0; http://www.uptimerobot.com/)"
51.8.155.55 - - [21/Jul/2025:01:15:55 +1000] "GET / HTTP/2" 200 102365 "-" "Mozilla/5.0 AppleWebKit/537.36 (KHTML, like Gecko); compatible; ChatGPT-User/1.0; +https://openai.com/bot"
168.119.178.203 - - [21/Jul/2025:01:17:00 +1000] "GET / HTTP/2" 200 98250 "-" "Better Uptime Bot Mozilla/5.0 (Windows NT 10.0; Win64; x64) AppleWebKit/537.36 (KHTML, like Gecko) Chrome/74.0.3729.169 Safari/537.36"
216.144.248.26 - - [21/Jul/2025:01:18:36 +1000] "HEAD / HTTP/1.1" 200 0 "https://awaydigitalteams.com/" "Mozilla/5.0+(compatible; UptimeRobot/2.0; http://www.uptimerobot.com/)"
216.144.248.24 - - [21/Jul/2025:01:18:56 +1000] "HEAD / HTTP/1.1" 200 0 "https://awaydigitalteams.com/" "Mozilla/5.0+(compatible; UptimeRobot/2.0; http://www.uptimerobot.com/)"
216.144.248.25 - - [21/Jul/2025:01:19:01 +1000] "HEAD / HTTP/1.1" 200 0 "https://awaydigitalteams.com" "Mozilla/5.0+(compatible; UptimeRobot/2.0; http://www.uptimerobot.com/)"
66.228.53.233 - - [21/Jul/2025:01:19:57 +1000] "GET / HTTP/2" 200 119988 "-" "Better Uptime Bot Mozilla/5.0 (Windows NT 10.0; Win64; x64) AppleWebKit/537.36 (KHTML, like Gecko) Chrome/74.0.3729.169 Safari/537.36"
216.144.248.25 - - [21/Jul/2025:01:20:20 +1000] "HEAD / HTTP/1.1" 200 0 "https://awaydigitalteams.com/" "Mozilla/5.0+(compatible; UptimeRobot/2.0; http://www.uptimerobot.com/)"
91.107.221.68 - - [21/Jul/2025:01:23:00 +1000] "GET / HTTP/2" 200 98250 "-" "Better Uptime Bot Mozilla/5.0 (Windows NT 10.0; Win64; x64) AppleWebKit/537.36 (KHTML, like Gecko) Chrome/74.0.3729.169 Safari/537.36"
216.144.248.21 - - [21/Jul/2025:01:23:41 +1000] "HEAD / HTTP/1.1" 200 0 "https://awaydigitalteams.com/" "Mozilla/5.0+(compatible; UptimeRobot/2.0; http://www.uptimerobot.com/)"
139.59.109.12 - - [21/Jul/2025:01:24:31 +1000] "HEAD / HTTP/2" 200 0 "-" "downnotifier.com monitoring"
108.61.201.55 - - [21/Jul/2025:01:24:32 +1000] "HEAD / HTTP/2" 200 0 "-" "downnotifier.com monitoring"
216.144.248.27 - - [21/Jul/2025:01:24:53 +1000] "HEAD / HTTP/1.1" 200 0 "https://awaydigitalteams.com/" "Mozilla/5.0+(compatible; UptimeRobot/2.0; http://www.uptimerobot.com/)"
216.144.248.28 - - [21/Jul/2025:01:24:58 +1000] "HEAD / HTTP/1.1" 200 0 "https://awaydigitalteams.com" "Mozilla/5.0+(compatible; UptimeRobot/2.0; http://www.uptimerobot.com/)"
216.144.248.27 - - [21/Jul/2025:01:25:24 +1000] "HEAD / HTTP/1.1" 200 0 "https://awaydigitalteams.com/" "Mozilla/5.0+(compatible; UptimeRobot/2.0; http://www.uptimerobot.com/)"
172.105.162.194 - - [21/Jul/2025:01:25:59 +1000] "GET / HTTP/2" 200 119988 "-" "Better Uptime Bot Mozilla/5.0 (Windows NT 10.0; Win64; x64) AppleWebKit/537.36 (KHTML, like Gecko) Chrome/74.0.3729.169 Safari/537.36"
139.162.121.226 - - [21/Jul/2025:01:28:59 +1000] "GET / HTTP/2" 200 119988 "-" "Better Uptime Bot Mozilla/5.0 (Windows NT 10.0; Win64; x64) AppleWebKit/537.36 (KHTML, like Gecko) Chrome/74.0.3729.169 Safari/537.36"
216.144.248.21 - - [21/Jul/2025:01:29:41 +1000] "HEAD / HTTP/1.1" 200 0 "https://awaydigitalteams.com/" "Mozilla/5.0+(compatible; UptimeRobot/2.0; http://www.uptimerobot.com/)"
216.144.248.22 - - [21/Jul/2025:01:29:56 +1000] "HEAD / HTTP/1.1" 200 0 "https://awaydigitalteams.com/" "Mozilla/5.0+(compatible; UptimeRobot/2.0; http://www.uptimerobot.com/)"
216.144.248.28 - - [21/Jul/2025:01:30:04 +1000] "HEAD / HTTP/1.1" 200 0 "https://awaydigitalteams.com" "Mozilla/5.0+(compatible; UptimeRobot/2.0; http://www.uptimerobot.com/)"
216.144.248.25 - - [21/Jul/2025:01:31:21 +1000] "HEAD / HTTP/1.1" 200 0 "https://awaydigitalteams.com/" "Mozilla/5.0+(compatible; UptimeRobot/2.0; http://www.uptimerobot.com/)"
69.164.207.190 - - [21/Jul/2025:01:31:59 +1000] "GET / HTTP/2" 200 119988 "-" "Better Uptime Bot Mozilla/5.0 (Windows NT 10.0; Win64; x64) AppleWebKit/537.36 (KHTML, like Gecko) Chrome/74.0.3729.169 Safari/537.36"
108.61.201.55 - - [21/Jul/2025:01:34:30 +1000] "HEAD / HTTP/2" 200 0 "-" "downnotifier.com monitoring"
139.59.109.12 - - [21/Jul/2025:01:34:31 +1000] "HEAD / HTTP/2" 200 0 "-" "downnotifier.com monitoring"
66.228.56.140 - - [21/Jul/2025:01:34:59 +1000] "GET / HTTP/2" 200 119988 "-" "Better Uptime Bot Mozilla/5.0 (Windows NT 10.0; Win64; x64) AppleWebKit/537.36 (KHTML, like Gecko) Chrome/74.0.3729.169 Safari/537.36"
216.144.248.18 - - [21/Jul/2025:01:34:59 +1000] "HEAD / HTTP/1.1" 200 0 "https://awaydigitalteams.com/" "Mozilla/5.0+(compatible; UptimeRobot/2.0; http://www.uptimerobot.com/)"
216.144.248.22 - - [21/Jul/2025:01:35:09 +1000] "HEAD / HTTP/1.1" 200 0 "https://awaydigitalteams.com" "Mozilla/5.0+(compatible; UptimeRobot/2.0; http://www.uptimerobot.com/)"
216.144.248.28 - - [21/Jul/2025:01:35:38 +1000] "HEAD / HTTP/1.1" 200 0 "https://awaydigitalteams.com/" "Mozilla/5.0+(compatible; UptimeRobot/2.0; http://www.uptimerobot.com/)"
216.144.248.24 - - [21/Jul/2025:01:36:26 +1000] "HEAD / HTTP/1.1" 200 0 "https://awaydigitalteams.com/" "Mozilla/5.0+(compatible; UptimeRobot/2.0; http://www.uptimerobot.com/)"
194.195.253.114 - - [21/Jul/2025:01:37:59 +1000] "GET / HTTP/2" 200 119988 "-" "Better Uptime Bot Mozilla/5.0 (Windows NT 10.0; Win64; x64) AppleWebKit/537.36 (KHTML, like Gecko) Chrome/74.0.3729.169 Safari/537.36"
216.144.248.19 - - [21/Jul/2025:01:40:04 +1000] "HEAD / HTTP/1.1" 200 0 "https://awaydigitalteams.com/" "Mozilla/5.0+(compatible; UptimeRobot/2.0; http://www.uptimerobot.com/)"
34.147.203.208 - - [21/Jul/2025:01:40:09 +1000] "GET /?ignorenitro=mmhrtOHGFa&nitroWebhook=config&token=75d85c80e82f009c6e59808f5ce9badc HTTP/1.1" 200 38 "-" "Mozilla/5.0 (Macintosh; Intel Mac OS X 13_3) AppleWebKit/537.36 (KHTML, like Gecko) Chrome/112.0.0.0 Safari/537.36 Nitro-Webhook-Agent"
27.131.110.181 - - [21/Jul/2025:01:40:10 +1000] "GET /?nitroHealthcheck=1 HTTP/1.1" 200 27 "-" "-"
34.147.203.208 - - [21/Jul/2025:01:40:11 +1000] "GET / HTTP/1.1" 200 65536 "-" "Mozilla/5.0 (Macintosh; Intel Mac OS X 13_3) AppleWebKit/537.36 (KHTML, like Gecko) Chrome/112.0.0.0 Safari/537.36 Nitro-Webhook-Agent"
34.147.203.208 - - [21/Jul/2025:01:40:11 +1000] "GET / HTTP/1.1" 200 97346 "-" "Mozilla/5.0 (Macintosh; Intel Mac OS X 13_3) AppleWebKit/537.36 (KHTML, like Gecko) Chrome/112.0.0.0 Safari/537.36 Nitro-Webhook-Agent"
216.144.248.28 - - [21/Jul/2025:01:40:14 +1000] "HEAD / HTTP/1.1" 200 0 "https://awaydigitalteams.com" "Mozilla/5.0+(compatible; UptimeRobot/2.0; http://www.uptimerobot.com/)"
216.144.248.28 - - [21/Jul/2025:01:40:43 +1000] "HEAD / HTTP/1.1" 200 0 "https://awaydigitalteams.com/" "Mozilla/5.0+(compatible; UptimeRobot/2.0; http://www.uptimerobot.com/)"
139.162.121.226 - - [21/Jul/2025:01:40:59 +1000] "GET / HTTP/2" 200 119988 "-" "Better Uptime Bot Mozilla/5.0 (Windows NT 10.0; Win64; x64) AppleWebKit/537.36 (KHTML, like Gecko) Chrome/74.0.3729.169 Safari/537.36"
216.144.248.22 - - [21/Jul/2025:01:41:30 +1000] "HEAD / HTTP/1.1" 200 0 "https://awaydigitalteams.com/" "Mozilla/5.0+(compatible; UptimeRobot/2.0; http://www.uptimerobot.com/)"
194.195.253.114 - - [21/Jul/2025:01:43:58 +1000] "GET / HTTP/2" 200 119988 "-" "Better Uptime Bot Mozilla/5.0 (Windows NT 10.0; Win64; x64) AppleWebKit/537.36 (KHTML, like Gecko) Chrome/74.0.3729.169 Safari/537.36"
139.59.109.12 - - [21/Jul/2025:01:44:28 +1000] "HEAD / HTTP/2" 200 0 "-" "downnotifier.com monitoring"
108.61.201.55 - - [21/Jul/2025:01:44:30 +1000] "HEAD / HTTP/2" 200 0 "-" "downnotifier.com monitoring"
216.144.248.26 - - [21/Jul/2025:01:45:17 +1000] "HEAD / HTTP/1.1" 200 0 "https://awaydigitalteams.com" "Mozilla/5.0+(compatible; UptimeRobot/2.0; http://www.uptimerobot.com/)"
205.210.31.132 - - [21/Jul/2025:01:45:21 +1000] "GET / HTTP/1.1" 200 856773 "http://27.131.110.181:80/" "-"
216.144.248.23 - - [21/Jul/2025:01:45:47 +1000] "HEAD / HTTP/1.1" 200 0 "https://awaydigitalteams.com/" "Mozilla/5.0+(compatible; UptimeRobot/2.0; http://www.uptimerobot.com/)"
173.252.107.2 - - [21/Jul/2025:01:46:00 +1000] "GET /contact HTTP/2" 301 10 "-" "facebookexternalhit/1.1 (+http://www.facebook.com/externalhit_uatext.php)"
27.131.110.181 - - [21/Jul/2025:01:46:05 +1000] "POST /wp-cron.php?doing_wp_cron=1753026365.2738161087036132812500 HTTP/1.1" 200 0 "-" "WordPress/6.7; https://awaydigitalteams.com"
173.252.107.7 - - [21/Jul/2025:01:46:06 +1000] "GET /contact/ HTTP/2" 200 778416 "-" "facebookexternalhit/1.1 (+http://www.facebook.com/externalhit_uatext.php)"
216.144.248.26 - - [21/Jul/2025:01:46:34 +1000] "HEAD / HTTP/1.1" 200 0 "https://awaydigitalteams.com/" "Mozilla/5.0+(compatible; UptimeRobot/2.0; http://www.uptimerobot.com/)"
3.212.128.62 - - [21/Jul/2025:01:46:54 +1000] "HEAD / HTTP/1.1" 200 0 "https://awaydigitalteams.com/" "Mozilla/5.0+(compatible; UptimeRobot/2.0; http://www.uptimerobot.com/)"
139.162.215.114 - - [21/Jul/2025:01:47:04 +1000] "GET / HTTP/2" 200 119988 "-" "Better Uptime Bot Mozilla/5.0 (Windows NT 10.0; Win64; x64) AppleWebKit/537.36 (KHTML, like Gecko) Chrome/74.0.3729.169 Safari/537.36"
182.160.12.153 - - [21/Jul/2025:01:47:34 +1000] "GET /blog/what-does-a-graphic-designer-do/ HTTP/2" 200 117730 "-" "Mozilla/5.0 (Windows NT 10.0; Win64; x64) AppleWebKit/537.36 (KHTML, like Gecko) Chrome/101.0.4951.67 Safari/537.36"
162.120.187.119 - - [21/Jul/2025:01:47:47 +1000] "GET /blog/what-does-a-graphic-designer-do/ HTTP/2" 200 100226 "https://www.google.com/" "Mozilla/5.0 (Windows NT 10.0; Win64; x64) AppleWebKit/537.36 (KHTML, like Gecko) Chrome/138.0.0.0 Safari/537.36"
27.131.110.181 - - [21/Jul/2025:01:47:47 +1000] "POST /wp-cron.php?doing_wp_cron=1753026467.9641740322113037109375 HTTP/1.1" 200 0 "-" "WordPress/6.7; https://awaydigitalteams.com"
142.250.32.2 - - [21/Jul/2025:01:47:46 +1000] "GET /.well-known/traffic-advice HTTP/1.1" 301 30 "-" "Chrome Privacy Preserving Prefetch Proxy"
91.107.221.68 - - [21/Jul/2025:01:49:59 +1000] "GET / HTTP/2" 200 119988 "-" "Better Uptime Bot Mozilla/5.0 (Windows NT 10.0; Win64; x64) AppleWebKit/537.36 (KHTML, like Gecko) Chrome/74.0.3729.169 Safari/537.36"
216.144.248.21 - - [21/Jul/2025:01:50:51 +1000] "HEAD / HTTP/1.1" 200 0 "https://awaydigitalteams.com/" "Mozilla/5.0+(compatible; UptimeRobot/2.0; http://www.uptimerobot.com/)"
216.144.248.19 - - [21/Jul/2025:01:51:16 +1000] "HEAD / HTTP/1.1" 200 0 "https://awaydigitalteams.com" "Mozilla/5.0+(compatible; UptimeRobot/2.0; http://www.uptimerobot.com/)"
216.144.248.25 - - [21/Jul/2025:01:51:37 +1000] "HEAD / HTTP/1.1" 200 0 "https://awaydigitalteams.com/" "Mozilla/5.0+(compatible; UptimeRobot/2.0; http://www.uptimerobot.com/)"
216.144.248.21 - - [21/Jul/2025:01:51:58 +1000] "HEAD / HTTP/1.1" 200 0 "https://awaydigitalteams.com/" "Mozilla/5.0+(compatible; UptimeRobot/2.0; http://www.uptimerobot.com/)"
52.167.144.18 - - [21/Jul/2025:01:52:08 +1000] "GET /wp-json/wp/v2/pages/8457 HTTP/2" 200 4683 "-" "Mozilla/5.0 AppleWebKit/537.36 (KHTML, like Gecko; compatible; bingbot/2.0; +http://www.bing.com/bingbot.htm) Chrome/116.0.1938.76 Safari/537.36"
27.131.110.181 - - [21/Jul/2025:01:52:10 +1000] "POST /wp-cron.php?doing_wp_cron=1753026730.1131570339202880859375 HTTP/1.1" 200 0 "-" "WordPress/6.7; https://awaydigitalteams.com"
69.164.207.190 - - [21/Jul/2025:01:53:02 +1000] "GET / HTTP/2" 200 119988 "-" "Better Uptime Bot Mozilla/5.0 (Windows NT 10.0; Win64; x64) AppleWebKit/537.36 (KHTML, like Gecko) Chrome/74.0.3729.169 Safari/537.36"
139.59.109.12 - - [21/Jul/2025:01:54:28 +1000] "HEAD / HTTP/2" 200 0 "-" "downnotifier.com monitoring"
108.61.201.55 - - [21/Jul/2025:01:54:29 +1000] "HEAD / HTTP/2" 200 0 "-" "downnotifier.com monitoring"
52.167.144.156 - - [21/Jul/2025:01:54:33 +1000] "GET /our-services/hiring-cloud-engineers/ HTTP/2" 200 117764 "-" "Mozilla/5.0 AppleWebKit/537.36 (KHTML, like Gecko; compatible; bingbot/2.0; +http://www.bing.com/bingbot.htm) Chrome/116.0.1938.76 Safari/537.36"
91.107.221.68 - - [21/Jul/2025:01:56:00 +1000] "GET / HTTP/2" 200 119988 "-" "Better Uptime Bot Mozilla/5.0 (Windows NT 10.0; Win64; x64) AppleWebKit/537.36 (KHTML, like Gecko) Chrome/74.0.3729.169 Safari/537.36"
216.144.248.27 - - [21/Jul/2025:01:56:41 +1000] "HEAD / HTTP/1.1" 200 0 "https://awaydigitalteams.com/" "Mozilla/5.0+(compatible; UptimeRobot/2.0; http://www.uptimerobot.com/)"
216.144.248.18 - - [21/Jul/2025:01:56:49 +1000] "HEAD / HTTP/1.1" 200 0 "https://awaydigitalteams.com/" "Mozilla/5.0+(compatible; UptimeRobot/2.0; http://www.uptimerobot.com/)"
216.144.248.24 - - [21/Jul/2025:01:57:02 +1000] "HEAD / HTTP/1.1" 200 0 "https://awaydigitalteams.com/" "Mozilla/5.0+(compatible; UptimeRobot/2.0; http://www.uptimerobot.com/)"
3.212.128.62 - - [21/Jul/2025:01:58:09 +1000] "HEAD / HTTP/1.1" 200 0 "https://awaydigitalteams.com" "Mozilla/5.0+(compatible; UptimeRobot/2.0; http://www.uptimerobot.com/)"
139.162.58.253 - - [21/Jul/2025:01:58:59 +1000] "GET / HTTP/2" 200 98250 "-" "Better Uptime Bot Mozilla/5.0 (Windows NT 10.0; Win64; x64) AppleWebKit/537.36 (KHTML, like Gecko) Chrome/74.0.3729.169 Safari/537.36"
216.144.248.25 - - [21/Jul/2025:02:01:45 +1000] "HEAD / HTTP/1.1" 200 0 "https://awaydigitalteams.com/" "Mozilla/5.0+(compatible; UptimeRobot/2.0; http://www.uptimerobot.com/)"
91.107.221.68 - - [21/Jul/2025:02:01:59 +1000] "GET / HTTP/2" 200 119988 "-" "Better Uptime Bot Mozilla/5.0 (Windows NT 10.0; Win64; x64) AppleWebKit/537.36 (KHTML, like Gecko) Chrome/74.0.3729.169 Safari/537.36"
52.255.111.15 - - [21/Jul/2025:02:02:39 +1000] "GET /blog/bookkeeper-salary-australia-guide/ HTTP/2" 200 121232 "-" "Mozilla/5.0 AppleWebKit/537.36 (KHTML, like Gecko); compatible; ChatGPT-User/1.0; +https://openai.com/bot"
216.144.248.24 - - [21/Jul/2025:02:02:47 +1000] "HEAD / HTTP/1.1" 200 0 "https://awaydigitalteams.com/" "Mozilla/5.0+(compatible; UptimeRobot/2.0; http://www.uptimerobot.com/)"
52.255.111.7 - - [21/Jul/2025:02:02:47 +1000] "GET / HTTP/2" 200 102365 "-" "Mozilla/5.0 AppleWebKit/537.36 (KHTML, like Gecko); compatible; ChatGPT-User/1.0; +https://openai.com/bot"
216.144.248.26 - - [21/Jul/2025:02:03:23 +1000] "HEAD / HTTP/1.1" 200 0 "https://awaydigitalteams.com/" "Mozilla/5.0+(compatible; UptimeRobot/2.0; http://www.uptimerobot.com/)"
216.144.248.29 - - [21/Jul/2025:02:04:07 +1000] "HEAD / HTTP/1.1" 200 0 "https://awaydigitalteams.com" "Mozilla/5.0+(compatible; UptimeRobot/2.0; http://www.uptimerobot.com/)"
108.61.201.55 - - [21/Jul/2025:02:04:27 +1000] "HEAD / HTTP/2" 200 0 "-" "downnotifier.com monitoring"
139.59.109.12 - - [21/Jul/2025:02:04:28 +1000] "HEAD / HTTP/2" 200 0 "-" "downnotifier.com monitoring"
139.162.121.238 - - [21/Jul/2025:02:05:02 +1000] "GET / HTTP/2" 200 98250 "-" "Better Uptime Bot Mozilla/5.0 (Windows NT 10.0; Win64; x64) AppleWebKit/537.36 (KHTML, like Gecko) Chrome/74.0.3729.169 Safari/537.36"
74.7.36.104 - - [21/Jul/2025:02:06:11 +1000] "GET /blog/just-how-good-are-vietnamese-software-developers/ HTTP/2" 200 113693 "-" "Mozilla/5.0 AppleWebKit/537.36 (KHTML, like Gecko); compatible; ChatGPT-User/1.0; +https://openai.com/bot"
216.144.248.30 - - [21/Jul/2025:02:06:48 +1000] "HEAD / HTTP/1.1" 200 0 "https://awaydigitalteams.com/" "Mozilla/5.0+(compatible; UptimeRobot/2.0; http://www.uptimerobot.com/)"
216.144.248.26 - - [21/Jul/2025:02:07:50 +1000] "HEAD / HTTP/1.1" 200 0 "https://awaydigitalteams.com/" "Mozilla/5.0+(compatible; UptimeRobot/2.0; http://www.uptimerobot.com/)"
172.104.181.25 - - [21/Jul/2025:02:07:59 +1000] "GET / HTTP/2" 200 119988 "-" "Better Uptime Bot Mozilla/5.0 (Windows NT 10.0; Win64; x64) AppleWebKit/537.36 (KHTML, like Gecko) Chrome/74.0.3729.169 Safari/537.36"
216.144.248.24 - - [21/Jul/2025:02:08:26 +1000] "HEAD / HTTP/1.1" 200 0 "https://awaydigitalteams.com/" "Mozilla/5.0+(compatible; UptimeRobot/2.0; http://www.uptimerobot.com/)"
216.144.248.28 - - [21/Jul/2025:02:09:11 +1000] "HEAD / HTTP/1.1" 200 0 "https://awaydigitalteams.com" "Mozilla/5.0+(compatible; UptimeRobot/2.0; http://www.uptimerobot.com/)"
66.228.56.140 - - [21/Jul/2025:02:11:00 +1000] "GET / HTTP/2" 200 119988 "-" "Better Uptime Bot Mozilla/5.0 (Windows NT 10.0; Win64; x64) AppleWebKit/537.36 (KHTML, like Gecko) Chrome/74.0.3729.169 Safari/537.36"
216.144.248.21 - - [21/Jul/2025:02:12:54 +1000] "HEAD / HTTP/1.1" 200 0 "https://awaydigitalteams.com/" "Mozilla/5.0+(compatible; UptimeRobot/2.0; http://www.uptimerobot.com/)"
34.34.225.2 - - [21/Jul/2025:02:13:04 +1000] "GET /blog/english-language-proficiency-and-the-education-system-in-vietnam/ HTTP/2" 200 115650 "-" "Mozilla/5.0 (Macintosh; Intel Mac OS X 10_15_7) AppleWebKit/537.36 (KHTML, like Gecko) Chrome/138.0.0.0 Safari/537.36"
27.131.110.181 - - [21/Jul/2025:02:13:10 +1000] "POST /wp-cron.php?doing_wp_cron=1753027990.6418220996856689453125 HTTP/1.1" 200 0 "-" "WordPress/6.7; https://awaydigitalteams.com"
27.131.110.181 - - [21/Jul/2025:02:13:10 +1000] "POST /wp-cron.php?doing_wp_cron=1753027990.7257869243621826171875 HTTP/1.1" 200 0 "-" "WordPress/6.7; https://awaydigitalteams.com"
27.131.110.181 - - [21/Jul/2025:02:13:10 +1000] "POST /wp-cron.php?doing_wp_cron=1753027990.9420380592346191406250 HTTP/1.1" 200 0 "-" "WordPress/6.7; https://awaydigitalteams.com"
40.77.167.150 - - [21/Jul/2025:02:13:08 +1000] "GET /our-services/payroll-services/ HTTP/2" 301 14 "-" "Mozilla/5.0 AppleWebKit/537.36 (KHTML, like Gecko; compatible; bingbot/2.0; +http://www.bing.com/bingbot.htm) Chrome/116.0.1938.76 Safari/537.36"
194.195.253.108 - - [21/Jul/2025:02:13:59 +1000] "GET / HTTP/2" 200 119988 "-" "Better Uptime Bot Mozilla/5.0 (Windows NT 10.0; Win64; x64) AppleWebKit/537.36 (KHTML, like Gecko) Chrome/74.0.3729.169 Safari/537.36"
3.212.128.62 - - [21/Jul/2025:02:14:04 +1000] "HEAD / HTTP/1.1" 200 0 "https://awaydigitalteams.com/" "Mozilla/5.0+(compatible; UptimeRobot/2.0; http://www.uptimerobot.com/)"
216.144.248.23 - - [21/Jul/2025:02:14:14 +1000] "HEAD / HTTP/1.1" 200 0 "https://awaydigitalteams.com" "Mozilla/5.0+(compatible; UptimeRobot/2.0; http://www.uptimerobot.com/)"
216.144.248.21 - - [21/Jul/2025:02:14:24 +1000] "HEAD / HTTP/1.1" 200 0 "https://awaydigitalteams.com/" "Mozilla/5.0+(compatible; UptimeRobot/2.0; http://www.uptimerobot.com/)"
139.59.109.12 - - [21/Jul/2025:02:14:25 +1000] "HEAD / HTTP/2" 200 0 "-" "downnotifier.com monitoring"
108.61.201.55 - - [21/Jul/2025:02:14:30 +1000] "HEAD / HTTP/2" 200 0 "-" "downnotifier.com monitoring"
42.115.42.241 - - [21/Jul/2025:02:15:50 +1000] "GET /favicon.ico HTTP/2" 404 1251 "https://sider.ai/vi/wisebase/chat/687d14ef00bcf77ebb7ebbc5?cid=687d14f1877a7836b016cfb5" "Mozilla/5.0 (Windows NT 10.0; Win64; x64) AppleWebKit/537.36 (KHTML, like Gecko) Chrome/138.0.0.0 Safari/537.36"
42.115.42.241 - - [21/Jul/2025:02:15:53 +1000] "GET /favicon.ico HTTP/2" 404 1251 "https://sider.ai/vi/wisebase/chat/687d14ef00bcf77ebb7ebbc5?cid=687d14f1877a7836b016cfb5" "Mozilla/5.0 (Windows NT 10.0; Win64; x64) AppleWebKit/537.36 (KHTML, like Gecko) Chrome/138.0.0.0 Safari/537.36"
66.228.56.189 - - [21/Jul/2025:02:17:00 +1000] "GET / HTTP/2" 200 119988 "-" "Better Uptime Bot Mozilla/5.0 (Windows NT 10.0; Win64; x64) AppleWebKit/537.36 (KHTML, like Gecko) Chrome/74.0.3729.169 Safari/537.36"
216.144.248.18 - - [21/Jul/2025:02:17:57 +1000] "HEAD / HTTP/1.1" 200 0 "https://awaydigitalteams.com/" "Mozilla/5.0+(compatible; UptimeRobot/2.0; http://www.uptimerobot.com/)"
216.144.248.21 - - [21/Jul/2025:02:19:07 +1000] "HEAD / HTTP/1.1" 200 0 "https://awaydigitalteams.com/" "Mozilla/5.0+(compatible; UptimeRobot/2.0; http://www.uptimerobot.com/)"
216.144.248.27 - - [21/Jul/2025:02:19:18 +1000] "HEAD / HTTP/1.1" 200 0 "https://awaydigitalteams.com" "Mozilla/5.0+(compatible; UptimeRobot/2.0; http://www.uptimerobot.com/)"
168.119.178.203 - - [21/Jul/2025:02:20:00 +1000] "GET / HTTP/2" 200 119988 "-" "Better Uptime Bot Mozilla/5.0 (Windows NT 10.0; Win64; x64) AppleWebKit/537.36 (KHTML, like Gecko) Chrome/74.0.3729.169 Safari/537.36"
216.144.248.25 - - [21/Jul/2025:02:20:21 +1000] "HEAD / HTTP/1.1" 200 0 "https://awaydigitalteams.com/" "Mozilla/5.0+(compatible; UptimeRobot/2.0; http://www.uptimerobot.com/)"
194.195.253.111 - - [21/Jul/2025:02:22:59 +1000] "GET / HTTP/2" 200 119988 "-" "Better Uptime Bot Mozilla/5.0 (Windows NT 10.0; Win64; x64) AppleWebKit/537.36 (KHTML, like Gecko) Chrome/74.0.3729.169 Safari/537.36"
40.77.167.13 - - [21/Jul/2025:02:23:39 +1000] "GET /blog/vietnamese-tet-business-guide-2024/ HTTP/2" 200 116587 "-" "Mozilla/5.0 AppleWebKit/537.36 (KHTML, like Gecko; compatible; bingbot/2.0; +http://www.bing.com/bingbot.htm) Chrome/116.0.1938.76 Safari/537.36"
216.144.248.18 - - [21/Jul/2025:02:23:55 +1000] "HEAD / HTTP/1.1" 200 0 "https://awaydigitalteams.com/" "Mozilla/5.0+(compatible; UptimeRobot/2.0; http://www.uptimerobot.com/)"
52.167.144.147 - - [21/Jul/2025:02:24:08 +1000] "GET / HTTP/2" 200 102365 "-" "Mozilla/5.0 AppleWebKit/537.36 (KHTML, like Gecko; compatible; bingbot/2.0; +http://www.bing.com/bingbot.htm) Chrome/116.0.1938.76 Safari/537.36"
216.144.248.22 - - [21/Jul/2025:02:24:12 +1000] "HEAD / HTTP/1.1" 200 0 "https://awaydigitalteams.com/" "Mozilla/5.0+(compatible; UptimeRobot/2.0; http://www.uptimerobot.com/)"
216.144.248.30 - - [21/Jul/2025:02:24:21 +1000] "HEAD / HTTP/1.1" 200 0 "https://awaydigitalteams.com" "Mozilla/5.0+(compatible; UptimeRobot/2.0; http://www.uptimerobot.com/)"
108.61.201.55 - - [21/Jul/2025:02:24:23 +1000] "HEAD / HTTP/2" 200 0 "-" "downnotifier.com monitoring"
139.59.109.12 - - [21/Jul/2025:02:24:28 +1000] "HEAD / HTTP/2" 200 0 "-" "downnotifier.com monitoring"
139.162.121.226 - - [21/Jul/2025:02:26:00 +1000] "GET / HTTP/2" 200 119988 "-" "Better Uptime Bot Mozilla/5.0 (Windows NT 10.0; Win64; x64) AppleWebKit/537.36 (KHTML, like Gecko) Chrome/74.0.3729.169 Safari/537.36"
216.144.248.26 - - [21/Jul/2025:02:26:19 +1000] "HEAD / HTTP/1.1" 200 0 "https://awaydigitalteams.com/" "Mozilla/5.0+(compatible; UptimeRobot/2.0; http://www.uptimerobot.com/)"
216.144.248.27 - - [21/Jul/2025:02:28:59 +1000] "HEAD / HTTP/1.1" 200 0 "https://awaydigitalteams.com/" "Mozilla/5.0+(compatible; UptimeRobot/2.0; http://www.uptimerobot.com/)"
139.162.121.238 - - [21/Jul/2025:02:29:04 +1000] "GET / HTTP/2" 200 119988 "-" "Better Uptime Bot Mozilla/5.0 (Windows NT 10.0; Win64; x64) AppleWebKit/537.36 (KHTML, like Gecko) Chrome/74.0.3729.169 Safari/537.36"
172.105.162.194 - - [21/Jul/2025:02:29:04 +1000] "GET / HTTP/2" 200 119988 "-" "Better Uptime Bot Mozilla/5.0 (Windows NT 10.0; Win64; x64) AppleWebKit/537.36 (KHTML, like Gecko) Chrome/74.0.3729.169 Safari/537.36"
216.144.248.30 - - [21/Jul/2025:02:29:15 +1000] "HEAD / HTTP/1.1" 200 0 "https://awaydigitalteams.com/" "Mozilla/5.0+(compatible; UptimeRobot/2.0; http://www.uptimerobot.com/)"
91.107.221.68 - - [21/Jul/2025:02:29:04 +1000] "GET / HTTP/2" 200 98250 "-" "Better Uptime Bot Mozilla/5.0 (Windows NT 10.0; Win64; x64) AppleWebKit/537.36 (KHTML, like Gecko) Chrome/74.0.3729.169 Safari/537.36"
216.144.248.19 - - [21/Jul/2025:02:30:20 +1000] "HEAD / HTTP/1.1" 200 0 "https://awaydigitalteams.com" "Mozilla/5.0+(compatible; UptimeRobot/2.0; http://www.uptimerobot.com/)"
40.77.167.5 - - [21/Jul/2025:02:30:59 +1000] "GET /wp-content/uploads/2025/04/womens-day-2025-3-1024x683.png HTTP/2" 200 809289 "-" "Mozilla/5.0 AppleWebKit/537.36 (KHTML, like Gecko; compatible; bingbot/2.0; +http://www.bing.com/bingbot.htm) Chrome/116.0.1938.76 Safari/537.36"
216.144.248.23 - - [21/Jul/2025:02:31:23 +1000] "HEAD / HTTP/1.1" 200 0 "https://awaydigitalteams.com/" "Mozilla/5.0+(compatible; UptimeRobot/2.0; http://www.uptimerobot.com/)"
139.162.121.238 - - [21/Jul/2025:02:32:00 +1000] "GET / HTTP/2" 200 119988 "-" "Better Uptime Bot Mozilla/5.0 (Windows NT 10.0; Win64; x64) AppleWebKit/537.36 (KHTML, like Gecko) Chrome/74.0.3729.169 Safari/537.36"
172.105.162.194 - - [21/Jul/2025:02:32:03 +1000] "GET / HTTP/2" 200 119988 "-" "Better Uptime Bot Mozilla/5.0 (Windows NT 10.0; Win64; x64) AppleWebKit/537.36 (KHTML, like Gecko) Chrome/74.0.3729.169 Safari/537.36"
69.164.207.190 - - [21/Jul/2025:02:32:04 +1000] "GET / HTTP/2" 200 119988 "-" "Better Uptime Bot Mozilla/5.0 (Windows NT 10.0; Win64; x64) AppleWebKit/537.36 (KHTML, like Gecko) Chrome/74.0.3729.169 Safari/537.36"
139.162.215.113 - - [21/Jul/2025:02:32:05 +1000] "GET / HTTP/2" 200 119988 "-" "Better Uptime Bot Mozilla/5.0 (Windows NT 10.0; Win64; x64) AppleWebKit/537.36 (KHTML, like Gecko) Chrome/74.0.3729.169 Safari/537.36"
86.165.47.176 - - [21/Jul/2025:02:33:00 +1000] "GET /blog/what-does-a-graphic-designer-do/ HTTP/2" 200 98304 "-" "Mozilla/5.0 (Macintosh; Intel Mac OS X 10_15_7) AppleWebKit/605.1.15 (KHTML, like Gecko) Version/17.13 Safari/605.1.15"
119.8.37.75 - - [21/Jul/2025:02:33:10 +1000] "GET /blog/the-value-of-outsourcing-customer-service-for-scaleups/ HTTP/2" 200 114717 "https://awaydigitalteams.com/blog/the-value-of-outsourcing-customer-service-for-scaleups/" "Mozilla/5.0 (Windows NT 10.0; Win64; x64) AppleWebKit/537.36 (KHTML, like Gecko) Chrome/110.0.0.0 Safari/537.36"
216.144.248.28 - - [21/Jul/2025:02:34:02 +1000] "HEAD / HTTP/1.1" 200 0 "https://awaydigitalteams.com/" "Mozilla/5.0+(compatible; UptimeRobot/2.0; http://www.uptimerobot.com/)"
216.144.248.18 - - [21/Jul/2025:02:34:19 +1000] "HEAD / HTTP/1.1" 200 0 "https://awaydigitalteams.com/" "Mozilla/5.0+(compatible; UptimeRobot/2.0; http://www.uptimerobot.com/)"
139.59.109.12 - - [21/Jul/2025:02:34:22 +1000] "HEAD / HTTP/2" 200 0 "-" "downnotifier.com monitoring"
108.61.201.55 - - [21/Jul/2025:02:34:26 +1000] "HEAD / HTTP/2" 200 0 "-" "downnotifier.com monitoring"
168.119.178.203 - - [21/Jul/2025:02:35:00 +1000] "GET / HTTP/2" 200 119988 "-" "Better Uptime Bot Mozilla/5.0 (Windows NT 10.0; Win64; x64) AppleWebKit/537.36 (KHTML, like Gecko) Chrome/74.0.3729.169 Safari/537.36"
216.144.248.24 - - [21/Jul/2025:02:36:18 +1000] "HEAD / HTTP/1.1" 200 0 "https://awaydigitalteams.com" "Mozilla/5.0+(compatible; UptimeRobot/2.0; http://www.uptimerobot.com/)"
216.144.248.24 - - [21/Jul/2025:02:36:27 +1000] "HEAD / HTTP/1.1" 200 0 "https://awaydigitalteams.com/" "Mozilla/5.0+(compatible; UptimeRobot/2.0; http://www.uptimerobot.com/)"
27.131.110.181 - - [21/Jul/2025:02:37:21 +1000] "POST /wp-cron.php?doing_wp_cron=1753029441.1460421085357666015625 HTTP/1.1" 200 0 "-" "WordPress/6.7; https://awaydigitalteams.com"
66.249.92.195 - - [21/Jul/2025:02:37:19 +1000] "GET /videos/ HTTP/1.1" 200 67051 "-" "Mozilla/5.0 (Linux; Android 6.0.1; Nexus 5X Build/MMB29P) AppleWebKit/537.36 (KHTML, like Gecko) Chrome/137.0.7151.103 Mobile Safari/537.36 (compatible; AdsBot-Google-Mobile; +http://www.google.com/mobile/adsbot.html)"
172.104.181.25 - - [21/Jul/2025:02:38:00 +1000] "GET / HTTP/2" 200 119988 "-" "Better Uptime Bot Mozilla/5.0 (Windows NT 10.0; Win64; x64) AppleWebKit/537.36 (KHTML, like Gecko) Chrome/74.0.3729.169 Safari/537.36"
27.131.110.181 - - [21/Jul/2025:02:38:12 +1000] "POST /wp-cron.php?doing_wp_cron=1753029492.6469860076904296875000 HTTP/1.1" 200 0 "-" "WordPress/6.7; https://awaydigitalteams.com"
40.77.167.5 - - [21/Jul/2025:02:38:11 +1000] "GET /service-landing-page/ HTTP/2" 200 71934 "-" "Mozilla/5.0 AppleWebKit/537.36 (KHTML, like Gecko; compatible; bingbot/2.0; +http://www.bing.com/bingbot.htm) Chrome/116.0.1938.76 Safari/537.36"
116.110.40.79 - - [21/Jul/2025:02:38:53 +1000] "GET /?zarsrc=30&utm_source=zalo&utm_medium=zalo&utm_campaign=zalo HTTP/2" 200 0 "-" "Mozilla/5.0 (iPhone; CPU iPhone OS 17_6_1 like Mac OS X) AppleWebKit/605.1.15 (KHTML, like Gecko) Mobile/15E148 Zalo iOS/666 ZaloTheme/light ZaloLanguage/en"
116.110.40.79 - - [21/Jul/2025:02:38:57 +1000] "GET /?zarsrc=30&utm_source=zalo&utm_medium=zalo&utm_campaign=zalo HTTP/2" 200 0 "-" "Mozilla/5.0 (iPhone; CPU iPhone OS 17_6_1 like Mac OS X) AppleWebKit/605.1.15 (KHTML, like Gecko) Mobile/15E148 Zalo iOS/666 ZaloTheme/light ZaloLanguage/en"
216.144.248.26 - - [21/Jul/2025:02:39:07 +1000] "HEAD / HTTP/1.1" 200 0 "https://awaydigitalteams.com/" "Mozilla/5.0+(compatible; UptimeRobot/2.0; http://www.uptimerobot.com/)"
66.249.92.196 - - [21/Jul/2025:02:39:19 +1000] "GET /wp-content/themes/awayteams/assets/js/bootstrap.min.js?ver=2740d675ea275477d4c24cf3b0557345 HTTP/1.1" 200 13430 "https://awaydigitalteams.com/videos/" "AdsBot-Google (+http://www.google.com/adsbot.html)"
66.249.92.196 - - [21/Jul/2025:02:39:19 +1000] "GET /wp-content/plugins/wpcf7-redirect/build/css/wpcf7-redirect-frontend.min.css?ver=1.1 HTTP/1.1" 200 96 "https://awaydigitalteams.com/videos/" "AdsBot-Google (+http://www.google.com/adsbot.html)"
66.249.92.196 - - [21/Jul/2025:02:39:19 +1000] "GET /wp-content/themes/awayteams/assets/slick/slick.css?ver=2740d675ea275477d4c24cf3b0557345 HTTP/1.1" 200 483 "https://awaydigitalteams.com/videos/" "AdsBot-Google (+http://www.google.com/adsbot.html)"
66.249.92.194 - - [21/Jul/2025:02:39:19 +1000] "GET /wp-content/themes/awayteams/assets/css/stylesub.css?ver=2740d675ea275477d4c24cf3b0557345 HTTP/1.1" 200 1607 "https://awaydigitalteams.com/videos/" "AdsBot-Google (+http://www.google.com/adsbot.html)"
66.249.92.196 - - [21/Jul/2025:02:39:20 +1000] "GET /wp-content/plugins/menu-image/includes/css/menu-image.css?ver=3.12 HTTP/1.1" 200 748 "https://awaydigitalteams.com/videos/" "AdsBot-Google (+http://www.google.com/adsbot.html)"
66.249.92.194 - - [21/Jul/2025:02:39:20 +1000] "GET /wp-content/uploads/astra-addon/astra-addon-681b217a074074-95895375.css?ver=4.8.3 HTTP/1.1" 200 6321 "https://awaydigitalteams.com/videos/" "AdsBot-Google (+http://www.google.com/adsbot.html)"
66.249.92.195 - - [21/Jul/2025:02:39:21 +1000] "GET /wp-content/themes/astra/assets/css/minified/compatibility/contact-form-7-main.min.css?ver=4.8.3 HTTP/1.1" 200 344 "https://awaydigitalteams.com/videos/" "AdsBot-Google (+http://www.google.com/adsbot.html)"
66.249.92.194 - - [21/Jul/2025:02:39:21 +1000] "GET /wp-content/plugins/wordpress-popular-posts/assets/js/wpp.min.js?ver=7.2.0 HTTP/1.1" 200 1492 "https://awaydigitalteams.com/videos/" "AdsBot-Google (+http://www.google.com/adsbot.html)"
66.249.92.196 - - [21/Jul/2025:02:39:22 +1000] "GET /wp-content/uploads/custom-css-js/3048.css?v=1970 HTTP/1.1" 200 940 "https://awaydigitalteams.com/videos/" "AdsBot-Google (+http://www.google.com/adsbot.html)"
66.249.92.196 - - [21/Jul/2025:02:39:22 +1000] "GET /wp-content/themes/awayteams/assets/slick/slick.js?ver=2740d675ea275477d4c24cf3b0557345 HTTP/1.1" 200 14819 "https://awaydigitalteams.com/videos/" "AdsBot-Google (+http://www.google.com/adsbot.html)"
216.144.248.21 - - [21/Jul/2025:02:39:22 +1000] "HEAD / HTTP/1.1" 200 0 "https://awaydigitalteams.com/" "Mozilla/5.0+(compatible; UptimeRobot/2.0; http://www.uptimerobot.com/)"
66.249.92.194 - - [21/Jul/2025:02:39:23 +1000] "GET /wp-content/themes/awayteams/assets/js/jquery-3.5.1.min.js?ver=2740d675ea275477d4c24cf3b0557345 HTTP/1.1" 200 30280 "https://awaydigitalteams.com/videos/" "AdsBot-Google (+http://www.google.com/adsbot.html)"
66.249.92.194 - - [21/Jul/2025:02:39:23 +1000] "GET /wp-includes/css/dashicons.min.css?ver=2740d675ea275477d4c24cf3b0557345 HTTP/1.1" 200 35110 "https://awaydigitalteams.com/videos/" "AdsBot-Google (+http://www.google.com/adsbot.html)"
66.249.92.195 - - [21/Jul/2025:02:39:24 +1000] "GET /wp-content/plugins/real3d-flipbook-lite/js/frontend.js?ver=4.6 HTTP/1.1" 200 1185 "https://awaydigitalteams.com/videos/" "AdsBot-Google (+http://www.google.com/adsbot.html)"
66.249.92.194 - - [21/Jul/2025:02:39:24 +1000] "GET /wp-content/plugins/table-of-contents-plus/screen.min.css?ver=2406 HTTP/1.1" 200 378 "https://awaydigitalteams.com/videos/" "AdsBot-Google (+http://www.google.com/adsbot.html)"
66.249.92.194 - - [21/Jul/2025:02:39:25 +1000] "GET /wp-content/plugins/gutenberg/build/i18n/index.min.js?ver=bd5a2533e717a1043151 HTTP/1.1" 200 3466 "https://awaydigitalteams.com/videos/" "AdsBot-Google (+http://www.google.com/adsbot.html)"
66.249.92.194 - - [21/Jul/2025:02:39:25 +1000] "GET /wp-content/themes/awayteams/style.css?ver=1.0.01753029440 HTTP/1.1" 200 10540 "https://awaydigitalteams.com/videos/" "AdsBot-Google (+http://www.google.com/adsbot.html)"
66.249.92.194 - - [21/Jul/2025:02:39:25 +1000] "GET /wp-content/themes/awayteams/assets/slick/slick-theme.css?ver=2740d675ea275477d4c24cf3b0557345 HTTP/1.1" 200 763 "https://awaydigitalteams.com/videos/" "AdsBot-Google (+http://www.google.com/adsbot.html)"
66.249.92.194 - - [21/Jul/2025:02:39:26 +1000] "GET /wp-content/plugins/gutenberg/build/hooks/index.min.js?ver=84e753e2b66eb7028d38 HTTP/1.1" 200 1580 "https://awaydigitalteams.com/videos/" "AdsBot-Google (+http://www.google.com/adsbot.html)"
66.249.92.194 - - [21/Jul/2025:02:39:26 +1000] "GET /wp-content/themes/astra/assets/css/minified/frontend.min.css?ver=4.8.3 HTTP/1.1" 200 8930 "https://awaydigitalteams.com/videos/" "AdsBot-Google (+http://www.google.com/adsbot.html)"
66.249.92.194 - - [21/Jul/2025:02:39:27 +1000] "GET /wp-content/themes/awayteams/assets/css/bootstrap.min.css?ver=2740d675ea275477d4c24cf3b0557345 HTTP/1.1" 200 18959 "https://awaydigitalteams.com/videos/" "AdsBot-Google (+http://www.google.com/adsbot.html)"
66.249.92.194 - - [21/Jul/2025:02:39:28 +1000] "GET /wp-content/themes/awayteams/assets/js/jquery.lockfixed.min.js?ver=2740d675ea275477d4c24cf3b0557345 HTTP/1.1" 200 643 "https://awaydigitalteams.com/videos/" "AdsBot-Google (+http://www.google.com/adsbot.html)"
66.249.92.194 - - [21/Jul/2025:02:39:28 +1000] "GET /wp-content/plugins/popup-maker/assets/css/pum-site.min.css?ver=1.19.0 HTTP/1.1" 200 1710 "https://awaydigitalteams.com/videos/" "AdsBot-Google (+http://www.google.com/adsbot.html)"
66.249.92.194 - - [21/Jul/2025:02:39:28 +1000] "GET /wp-content/themes/awayteams/assets/js/custom.js?ver=2740d675ea275477d4c24cf3b0557345 HTTP/1.1" 200 895 "https://awaydigitalteams.com/videos/" "AdsBot-Google (+http://www.google.com/adsbot.html)"
66.249.92.194 - - [21/Jul/2025:02:39:29 +1000] "GET /wp-content/plugins/astra-addon/addons/nav-menu/assets/css/minified/magamenu-frontend.min.css?ver=4.8.3 HTTP/1.1" 200 0 "https://awaydigitalteams.com/videos/" "AdsBot-Google (+http://www.google.com/adsbot.html)"
66.249.92.194 - - [21/Jul/2025:02:39:29 +1000] "GET /wp-content/plugins/wordpress-popular-posts/assets/css/wpp.css?ver=7.2.0 HTTP/1.1" 200 516 "https://awaydigitalteams.com/videos/" "AdsBot-Google (+http://www.google.com/adsbot.html)"
66.249.92.194 - - [21/Jul/2025:02:39:29 +1000] "GET /wp-includes/js/jquery/jquery-migrate.min.js?ver=3.4.1 HTTP/1.1" 200 4678 "https://awaydigitalteams.com/videos/" "AdsBot-Google (+http://www.google.com/adsbot.html)"
66.249.92.194 - - [21/Jul/2025:02:39:30 +1000] "GET /wp-content/plugins/contact-form-7/includes/css/styles.css?ver=5.9.8 HTTP/1.1" 200 890 "https://awaydigitalteams.com/videos/" "AdsBot-Google (+http://www.google.com/adsbot.html)"
66.249.92.194 - - [21/Jul/2025:02:39:30 +1000] "GET /wp-includes/js/jquery/jquery.min.js?ver=3.7.1 HTTP/1.1" 200 29744 "https://awaydigitalteams.com/videos/" "AdsBot-Google (+http://www.google.com/adsbot.html)"
66.249.92.194 - - [21/Jul/2025:02:39:31 +1000] "GET /wp-content/plugins/drag-and-drop-multiple-file-upload-contact-form-7/assets/css/dnd-upload-cf7.css?ver=1.3.8.1 HTTP/1.1" 200 1800 "https://awaydigitalteams.com/videos/" "AdsBot-Google (+http://www.google.com/adsbot.html)"
66.249.92.194 - - [21/Jul/2025:02:39:31 +1000] "GET /wp-content/plugins/astra-widgets/assets/css/minified/astra-widget-social-profiles.min.css?ver=1.2.12 HTTP/1.1" 200 346 "https://awaydigitalteams.com/videos/" "AdsBot-Google (+http://www.google.com/adsbot.html)"
66.249.92.194 - - [21/Jul/2025:02:39:32 +1000] "GET /wp-content/plugins/gutenberg/build/block-library/style.css?ver=20.6.0 HTTP/1.1" 200 14272 "https://awaydigitalteams.com/videos/" "AdsBot-Google (+http://www.google.com/adsbot.html)"
66.249.92.194 - - [21/Jul/2025:02:39:32 +1000] "GET /wp-content/themes/astra/assets/js/minified/frontend.min.js?ver=4.8.3 HTTP/1.1" 200 5267 "https://awaydigitalteams.com/videos/" "AdsBot-Google (+http://www.google.com/adsbot.html)"
66.249.92.194 - - [21/Jul/2025:02:39:32 +1000] "GET /wp-content/plugins/contact-form-7/includes/swv/js/index.js?ver=5.9.8 HTTP/1.1" 200 3228 "https://awaydigitalteams.com/videos/" "AdsBot-Google (+http://www.google.com/adsbot.html)"
66.249.92.194 - - [21/Jul/2025:02:39:33 +1000] "GET /wp-content/plugins/contact-form-7/includes/js/index.js?ver=5.9.8 HTTP/1.1" 200 4002 "https://awaydigitalteams.com/videos/" "AdsBot-Google (+http://www.google.com/adsbot.html)"
66.249.92.194 - - [21/Jul/2025:02:39:33 +1000] "GET /wp-content/plugins/drag-and-drop-multiple-file-upload-contact-form-7/assets/js/codedropz-uploader-min.js?ver=1.3.8.1 HTTP/1.1" 200 5309 "https://awaydigitalteams.com/videos/" "AdsBot-Google (+http://www.google.com/adsbot.html)"
66.249.92.194 - - [21/Jul/2025:02:39:34 +1000] "GET /wp-content/plugins/table-of-contents-plus/front.min.js?ver=2406 HTTP/1.1" 200 2198 "https://awaydigitalteams.com/videos/" "AdsBot-Google (+http://www.google.com/adsbot.html)"
66.249.92.194 - - [21/Jul/2025:02:39:34 +1000] "GET /wp-content/plugins/wpcf7-redirect/build/js/wpcf7r-fe.js?ver=1.1 HTTP/1.1" 200 1495 "https://awaydigitalteams.com/videos/" "AdsBot-Google (+http://www.google.com/adsbot.html)"
66.249.92.194 - - [21/Jul/2025:02:39:34 +1000] "GET /wp-includes/js/imagesloaded.min.js?ver=5.0.0 HTTP/1.1" 200 1687 "https://awaydigitalteams.com/videos/" "AdsBot-Google (+http://www.google.com/adsbot.html)"
66.249.92.194 - - [21/Jul/2025:02:39:35 +1000] "GET /wp-includes/js/masonry.min.js?ver=4.2.2 HTTP/1.1" 200 7117 "https://awaydigitalteams.com/videos/" "AdsBot-Google (+http://www.google.com/adsbot.html)"
66.249.92.194 - - [21/Jul/2025:02:39:35 +1000] "GET /wp-includes/js/jquery/jquery.masonry.min.js?ver=3.1.2b HTTP/1.1" 200 628 "https://awaydigitalteams.com/videos/" "AdsBot-Google (+http://www.google.com/adsbot.html)"
66.249.92.194 - - [21/Jul/2025:02:39:36 +1000] "GET /wp-content/uploads/astra-addon/astra-addon-681b217a085870-77773772.js?ver=4.8.3 HTTP/1.1" 200 6604 "https://awaydigitalteams.com/videos/" "AdsBot-Google (+http://www.google.com/adsbot.html)"
66.249.92.194 - - [21/Jul/2025:02:39:36 +1000] "GET /wp-content/plugins/astra-addon/assets/js/minified/purify.min.js?ver=4.8.3 HTTP/1.1" 200 8137 "https://awaydigitalteams.com/videos/" "AdsBot-Google (+http://www.google.com/adsbot.html)"
66.249.92.194 - - [21/Jul/2025:02:39:37 +1000] "GET /wp-includes/js/jquery/ui/core.min.js?ver=1.13.3 HTTP/1.1" 200 6811 "https://awaydigitalteams.com/videos/" "AdsBot-Google (+http://www.google.com/adsbot.html)"
66.249.92.194 - - [21/Jul/2025:02:39:37 +1000] "GET /wp-content/plugins/popup-maker/assets/js/site.min.js?defer&ver=1.19.0 HTTP/1.1" 200 16634 "https://awaydigitalteams.com/videos/" "AdsBot-Google (+http://www.google.com/adsbot.html)"
66.249.92.194 - - [21/Jul/2025:02:39:37 +1000] "GET /wp-includes/js/dist/vendor/wp-polyfill.min.js?ver=3.15.0 HTTP/1.1" 200 13180 "https://awaydigitalteams.com/videos/" "AdsBot-Google (+http://www.google.com/adsbot.html)"
66.249.92.194 - - [21/Jul/2025:02:39:38 +1000] "GET /wp-content/plugins/contact-form-7/modules/recaptcha/index.js?ver=5.9.8 HTTP/1.1" 200 417 "https://awaydigitalteams.com/videos/" "AdsBot-Google (+http://www.google.com/adsbot.html)"
66.249.92.194 - - [21/Jul/2025:02:39:38 +1000] "GET /wp-content/plugins/optinmonster/assets/dist/js/helper.min.js?ver=2.16.19 HTTP/1.1" 200 786 "https://awaydigitalteams.com/videos/" "AdsBot-Google (+http://www.google.com/adsbot.html)"
66.249.92.194 - - [21/Jul/2025:02:39:39 +1000] "POST /videos/ HTTP/1.1" 200 0 "https://awaydigitalteams.com/videos/" "AdsBot-Google (+http://www.google.com/adsbot.html)"
27.131.110.181 - - [21/Jul/2025:02:39:40 +1000] "POST /wp-cron.php?doing_wp_cron=1753029580.1310060024261474609375 HTTP/1.1" 200 0 "-" "WordPress/6.7; https://awaydigitalteams.com"
66.249.92.194 - - [21/Jul/2025:02:39:38 +1000] "POST /wp-json/wordpress-popular-posts/v2/views/3093 HTTP/1.1" 201 55 "https://awaydigitalteams.com/videos/" "AdsBot-Google (+http://www.google.com/adsbot.html)"
66.249.92.194 - - [21/Jul/2025:02:39:40 +1000] "GET /wp-json/contact-form-7/v1/contact-forms/1746/feedback/schema HTTP/1.1" 200 724 "https://awaydigitalteams.com/videos/" "AdsBot-Google (+http://www.google.com/adsbot.html)"
66.249.92.194 - - [21/Jul/2025:02:39:40 +1000] "POST /wp-admin/admin-ajax.php HTTP/1.1" 200 5 "https://awaydigitalteams.com/videos/" "AdsBot-Google (+http://www.google.com/adsbot.html)"
91.107.221.68 - - [21/Jul/2025:02:41:01 +1000] "GET / HTTP/2" 200 119988 "-" "Better Uptime Bot Mozilla/5.0 (Windows NT 10.0; Win64; x64) AppleWebKit/537.36 (KHTML, like Gecko) Chrome/74.0.3729.169 Safari/537.36"
216.144.248.25 - - [21/Jul/2025:02:41:22 +1000] "HEAD / HTTP/1.1" 200 0 "https://awaydigitalteams.com" "Mozilla/5.0+(compatible; UptimeRobot/2.0; http://www.uptimerobot.com/)"
216.144.248.19 - - [21/Jul/2025:02:42:26 +1000] "HEAD / HTTP/1.1" 200 0 "https://awaydigitalteams.com/" "Mozilla/5.0+(compatible; UptimeRobot/2.0; http://www.uptimerobot.com/)"
194.195.253.108 - - [21/Jul/2025:02:44:00 +1000] "GET / HTTP/2" 200 98250 "-" "Better Uptime Bot Mozilla/5.0 (Windows NT 10.0; Win64; x64) AppleWebKit/537.36 (KHTML, like Gecko) Chrome/74.0.3729.169 Safari/537.36"
108.61.201.55 - - [21/Jul/2025:02:44:21 +1000] "HEAD / HTTP/2" 200 0 "-" "downnotifier.com monitoring"
139.59.109.12 - - [21/Jul/2025:02:44:25 +1000] "HEAD / HTTP/2" 200 0 "-" "downnotifier.com monitoring"
216.144.248.24 - - [21/Jul/2025:02:44:26 +1000] "HEAD / HTTP/1.1" 200 0 "https://awaydigitalteams.com/" "Mozilla/5.0+(compatible; UptimeRobot/2.0; http://www.uptimerobot.com/)"
142.250.32.3 - - [21/Jul/2025:02:44:48 +1000] "GET /blog/what-does-a-graphic-designer-do/ HTTP/1.1" 200 117978 "-" "Mozilla/5.0 (Linux; Android 11; P13 Blue Max Lite 2022 Build/RP1A.201005.001) AppleWebKit/537.36 (KHTML, like Gecko) Chrome/138.0.7204.157 Mobile Safari/537.36,gzip(gfe)"
91.242.162.7 - - [21/Jul/2025:02:44:51 +1000] "GET /robots.txt HTTP/2" 200 274 "-" "Mozilla/5.0 (compatible; Qwantbot/1.0; +https://help.qwant.com/bot/)"
81.214.83.90 - - [21/Jul/2025:02:45:01 +1000] "OPTIONS /wp-json/wordpress-popular-posts/v2/views/6086 HTTP/2" 200 923 "https://awaydigitalteams-com.translate.goog/" "Mozilla/5.0 (Linux; Android 11; P13 Blue Max Lite 2022 Build/RP1A.201005.001) AppleWebKit/537.36 (KHTML, like Gecko) Chrome/138.0.7204.157 Mobile Safari/537.36"
81.214.83.90 - - [21/Jul/2025:02:45:02 +1000] "GET /wp-json/contact-form-7/v1/contact-forms/1746/feedback/schema HTTP/2" 200 724 "https://awaydigitalteams-com.translate.goog/" "Mozilla/5.0 (Linux; Android 11; P13 Blue Max Lite 2022 Build/RP1A.201005.001) AppleWebKit/537.36 (KHTML, like Gecko) Chrome/138.0.7204.157 Mobile Safari/537.36"
81.214.83.90 - - [21/Jul/2025:02:45:02 +1000] "POST /wp-admin/admin-ajax.php HTTP/2" 200 5 "https://awaydigitalteams-com.translate.goog/" "Mozilla/5.0 (Linux; Android 11; P13 Blue Max Lite 2022 Build/RP1A.201005.001) AppleWebKit/537.36 (KHTML, like Gecko) Chrome/138.0.7204.157 Mobile Safari/537.36"
27.131.110.181 - - [21/Jul/2025:02:45:04 +1000] "POST /wp-cron.php?doing_wp_cron=1753029904.4283709526062011718750 HTTP/1.1" 200 0 "-" "WordPress/6.7; https://awaydigitalteams.com"
81.214.83.90 - - [21/Jul/2025:02:45:02 +1000] "POST /wp-admin/admin-ajax.php HTTP/2" 200 40 "https://awaydigitalteams-com.translate.goog/" "Mozilla/5.0 (Linux; Android 11; P13 Blue Max Lite 2022 Build/RP1A.201005.001) AppleWebKit/537.36 (KHTML, like Gecko) Chrome/138.0.7204.157 Mobile Safari/537.36"
216.144.248.28 - - [21/Jul/2025:02:45:05 +1000] "HEAD / HTTP/1.1" 200 0 "https://awaydigitalteams.com/" "Mozilla/5.0+(compatible; UptimeRobot/2.0; http://www.uptimerobot.com/)"
81.214.83.90 - - [21/Jul/2025:02:45:04 +1000] "GET /wp-json/contact-form-7/v1/contact-forms/1746/refill HTTP/2" 200 2 "https://awaydigitalteams-com.translate.goog/" "Mozilla/5.0 (Linux; Android 11; P13 Blue Max Lite 2022 Build/RP1A.201005.001) AppleWebKit/537.36 (KHTML, like Gecko) Chrome/138.0.7204.157 Mobile Safari/537.36"
91.242.162.4 - - [21/Jul/2025:02:45:06 +1000] "GET /blog/customer-service-outsourcing HTTP/2" 301 14 "-" "Mozilla/5.0 (compatible; Qwantbot/1.0_4812024; +https://help.qwant.com/bot/)"
91.242.162.4 - - [21/Jul/2025:02:45:08 +1000] "GET /blog/customer-service-outsourcing/ HTTP/2" 200 114043 "https://awaydigitalteams.com/blog/customer-service-outsourcing" "Mozilla/5.0 (compatible; Qwantbot/1.0_4812024; +https://help.qwant.com/bot/)"
91.242.162.4 - - [21/Jul/2025:02:45:14 +1000] "GET /blog/global-companies-are-thriving-with-vietnam-teams HTTP/2" 301 14 "-" "Mozilla/5.0 (compatible; Qwantbot/1.0_4812024; +https://help.qwant.com/bot/)"
91.242.162.4 - - [21/Jul/2025:02:45:16 +1000] "GET /blog/global-companies-are-thriving-with-vietnam-teams/ HTTP/2" 200 115304 "https://awaydigitalteams.com/blog/global-companies-are-thriving-with-vietnam-teams" "Mozilla/5.0 (compatible; Qwantbot/1.0_4812024; +https://help.qwant.com/bot/)"
91.242.162.4 - - [21/Jul/2025:02:45:23 +1000] "GET /blog/leading-companies-who-outsource-examples HTTP/2" 301 14 "-" "Mozilla/5.0 (compatible; Qwantbot/1.0_4812024; +https://help.qwant.com/bot/)"
91.242.162.4 - - [21/Jul/2025:02:45:25 +1000] "GET /blog/leading-companies-who-outsource-examples/ HTTP/2" 200 117065 "https://awaydigitalteams.com/blog/leading-companies-who-outsource-examples" "Mozilla/5.0 (compatible; Qwantbot/1.0_4812024; +https://help.qwant.com/bot/)"
91.242.162.4 - - [21/Jul/2025:02:45:32 +1000] "GET /blog/outsourcing-or-subcontracting-for-business HTTP/2" 301 14 "-" "Mozilla/5.0 (compatible; Qwantbot/1.0_4812024; +https://help.qwant.com/bot/)"
91.242.162.4 - - [21/Jul/2025:02:45:33 +1000] "GET /blog/outsourcing-or-subcontracting-for-business/ HTTP/2" 200 117995 "https://awaydigitalteams.com/blog/outsourcing-or-subcontracting-for-business" "Mozilla/5.0 (compatible; Qwantbot/1.0_4812024; +https://help.qwant.com/bot/)"
91.242.162.4 - - [21/Jul/2025:02:45:40 +1000] "GET /blog/outsourcing-trends-for-2025-the-talent-revolution-that-can-transform-your-business HTTP/2" 301 14 "-" "Mozilla/5.0 (compatible; Qwantbot/1.0_4812024; +https://help.qwant.com/bot/)"
