139.59.109.12 - - [20/Jul/2025:22:04:50 +1000] "HEAD / HTTP/2" 200 0 "-" "downnotifier.com monitoring"
108.61.201.55 - - [20/Jul/2025:22:04:50 +1000] "HEAD / HTTP/2" 200 0 "-" "downnotifier.com monitoring"
139.162.215.114 - - [20/Jul/2025:22:05:04 +1000] "GET / HTTP/2" 200 119988 "-" "Better Uptime Bot Mozilla/5.0 (Windows NT 10.0; Win64; x64) AppleWebKit/537.36 (KHTML, like Gecko) Chrome/74.0.3729.169 Safari/537.36"
40.77.167.64 - - [20/Jul/2025:22:05:06 +1000] "GET /blog/how-outsourcing-promotes-sustainable-growth/ HTTP/2" 200 114765 "-" "Mozilla/5.0 AppleWebKit/537.36 (KHTML, like Gecko; compatible; bingbot/2.0; +http://www.bing.com/bingbot.htm) Chrome/116.0.1938.76 Safari/537.36"
216.144.248.19 - - [20/Jul/2025:22:05:12 +1000] "HEAD / HTTP/1.1" 200 0 "https://awaydigitalteams.com" "Mozilla/5.0+(compatible; UptimeRobot/2.0; http://www.uptimerobot.com/)"
66.249.66.195 - - [20/Jul/2025:22:05:22 +1000] "GET /blog/insights-from-a-leading-australian-retail-brand/ HTTP/1.1" 200 117942 "-" "Mozilla/5.0 (Linux; Android 6.0.1; Nexus 5X Build/MMB29P) AppleWebKit/537.36 (KHTML, like Gecko) Chrome/137.0.7151.103 Mobile Safari/537.36 (compatible; Googlebot/2.1; +http://www.google.com/bot.html)"
216.244.66.200 - - [20/Jul/2025:22:06:33 +1000] "GET /blog/if-outsourcing-feels-wrong-youre-probably-doing-it-wrong/ HTTP/1.1" 200 801210 "-" "Mozilla/5.0 (compatible; DotBot/1.2; +https://opensiteexplorer.org/dotbot; help@moz.com)"
3.212.128.62 - - [20/Jul/2025:22:07:36 +1000] "HEAD / HTTP/1.1" 200 0 "https://awaydigitalteams.com/" "Mozilla/5.0+(compatible; UptimeRobot/2.0; http://www.uptimerobot.com/)"
194.195.253.111 - - [20/Jul/2025:22:07:58 +1000] "GET / HTTP/2" 200 119988 "-" "Better Uptime Bot Mozilla/5.0 (Windows NT 10.0; Win64; x64) AppleWebKit/537.36 (KHTML, like Gecko) Chrome/74.0.3729.169 Safari/537.36"
216.144.248.25 - - [20/Jul/2025:22:08:33 +1000] "HEAD / HTTP/1.1" 200 0 "https://awaydigitalteams.com/" "Mozilla/5.0+(compatible; UptimeRobot/2.0; http://www.uptimerobot.com/)"
216.144.248.26 - - [20/Jul/2025:22:09:40 +1000] "HEAD / HTTP/1.1" 200 0 "https://awaydigitalteams.com/" "Mozilla/5.0+(compatible; UptimeRobot/2.0; http://www.uptimerobot.com/)"
216.144.248.24 - - [20/Jul/2025:22:10:16 +1000] "HEAD / HTTP/1.1" 200 0 "https://awaydigitalteams.com" "Mozilla/5.0+(compatible; UptimeRobot/2.0; http://www.uptimerobot.com/)"
74.7.36.102 - - [20/Jul/2025:22:10:38 +1000] "GET /blog/front-end-developer-salary-in-2024-a-comprehensive-guide/ HTTP/2" 200 98789 "-" "Mozilla/5.0 AppleWebKit/537.36 (KHTML, like Gecko); compatible; ChatGPT-User/1.0; +https://openai.com/bot"
74.7.36.102 - - [20/Jul/2025:22:10:43 +1000] "GET / HTTP/2" 200 102363 "-" "Mozilla/5.0 AppleWebKit/537.36 (KHTML, like Gecko); compatible; ChatGPT-User/1.0; +https://openai.com/bot"
91.107.221.68 - - [20/Jul/2025:22:11:00 +1000] "GET / HTTP/2" 200 119988 "-" "Better Uptime Bot Mozilla/5.0 (Windows NT 10.0; Win64; x64) AppleWebKit/537.36 (KHTML, like Gecko) Chrome/74.0.3729.169 Safari/537.36"
40.77.167.64 - - [20/Jul/2025:22:11:17 +1000] "GET /blog/vietnam-close-skills-gap-and-power-the-digital-economy/ HTTP/2" 200 115342 "-" "Mozilla/5.0 AppleWebKit/537.36 (KHTML, like Gecko; compatible; bingbot/2.0; +http://www.bing.com/bingbot.htm) Chrome/116.0.1938.76 Safari/537.36"
216.144.248.29 - - [20/Jul/2025:22:12:40 +1000] "HEAD / HTTP/1.1" 200 0 "https://awaydigitalteams.com/" "Mozilla/5.0+(compatible; UptimeRobot/2.0; http://www.uptimerobot.com/)"
194.195.253.111 - - [20/Jul/2025:22:13:58 +1000] "GET / HTTP/2" 200 119988 "-" "Better Uptime Bot Mozilla/5.0 (Windows NT 10.0; Win64; x64) AppleWebKit/537.36 (KHTML, like Gecko) Chrome/74.0.3729.169 Safari/537.36"
216.144.248.30 - - [20/Jul/2025:22:14:43 +1000] "HEAD / HTTP/1.1" 200 0 "https://awaydigitalteams.com/" "Mozilla/5.0+(compatible; UptimeRobot/2.0; http://www.uptimerobot.com/)"
139.59.109.12 - - [20/Jul/2025:22:14:49 +1000] "HEAD / HTTP/2" 200 0 "-" "downnotifier.com monitoring"
108.61.201.55 - - [20/Jul/2025:22:14:50 +1000] "HEAD / HTTP/2" 200 0 "-" "downnotifier.com monitoring"
216.144.248.26 - - [20/Jul/2025:22:15:19 +1000] "HEAD / HTTP/1.1" 200 0 "https://awaydigitalteams.com" "Mozilla/5.0+(compatible; UptimeRobot/2.0; http://www.uptimerobot.com/)"
52.15.147.27 - - [20/Jul/2025:22:15:24 +1000] "HEAD / HTTP/1.1" 200 0 "https://awaydigitalteams.com/" "Mozilla/5.0+(compatible; UptimeRobot/2.0; http://www.uptimerobot.com/)"
139.162.215.113 - - [20/Jul/2025:22:17:00 +1000] "GET / HTTP/2" 200 119988 "-" "Better Uptime Bot Mozilla/5.0 (Windows NT 10.0; Win64; x64) AppleWebKit/537.36 (KHTML, like Gecko) Chrome/74.0.3729.169 Safari/537.36"
216.144.248.27 - - [20/Jul/2025:22:17:44 +1000] "HEAD / HTTP/1.1" 200 0 "https://awaydigitalteams.com/" "Mozilla/5.0+(compatible; UptimeRobot/2.0; http://www.uptimerobot.com/)"
139.162.58.253 - - [20/Jul/2025:22:19:58 +1000] "GET / HTTP/2" 200 98250 "-" "Better Uptime Bot Mozilla/5.0 (Windows NT 10.0; Win64; x64) AppleWebKit/537.36 (KHTML, like Gecko) Chrome/74.0.3729.169 Safari/537.36"
216.144.248.18 - - [20/Jul/2025:22:20:22 +1000] "HEAD / HTTP/1.1" 200 0 "https://awaydigitalteams.com" "Mozilla/5.0+(compatible; UptimeRobot/2.0; http://www.uptimerobot.com/)"
216.144.248.19 - - [20/Jul/2025:22:20:27 +1000] "HEAD / HTTP/1.1" 200 0 "https://awaydigitalteams.com/" "Mozilla/5.0+(compatible; UptimeRobot/2.0; http://www.uptimerobot.com/)"
216.144.248.22 - - [20/Jul/2025:22:20:41 +1000] "HEAD / HTTP/1.1" 200 0 "https://awaydigitalteams.com/" "Mozilla/5.0+(compatible; UptimeRobot/2.0; http://www.uptimerobot.com/)"
77.75.79.109 - - [20/Jul/2025:22:22:14 +1000] "GET /our-services/outsource-virtual-assistants/ HTTP/1.1" 200 117883 "-" "Mozilla/5.0 (compatible; SeznamBot/4.0; +https://o-seznam.cz/napoveda/vyhledavani/en/seznambot-crawler/)"
216.144.248.27 - - [20/Jul/2025:22:22:46 +1000] "HEAD / HTTP/1.1" 200 0 "https://awaydigitalteams.com/" "Mozilla/5.0+(compatible; UptimeRobot/2.0; http://www.uptimerobot.com/)"
139.162.215.114 - - [20/Jul/2025:22:23:03 +1000] "GET / HTTP/2" 200 119988 "-" "Better Uptime Bot Mozilla/5.0 (Windows NT 10.0; Win64; x64) AppleWebKit/537.36 (KHTML, like Gecko) Chrome/74.0.3729.169 Safari/537.36"
27.131.110.181 - - [20/Jul/2025:22:23:46 +1000] "POST /wp-cron.php?doing_wp_cron=1753014226.2321898937225341796875 HTTP/1.1" 200 0 "-" "WordPress/6.7; https://awaydigitalteams.com"
27.131.110.181 - - [20/Jul/2025:22:23:47 +1000] "POST /wp-cron.php?doing_wp_cron=1753014227.4709169864654541015625 HTTP/1.1" 200 0 "-" "WordPress/6.7; https://awaydigitalteams.com"
52.167.144.213 - - [20/Jul/2025:22:23:45 +1000] "GET /sitemap.xml HTTP/2" 301 14 "-" "Mozilla/5.0 AppleWebKit/537.36 (KHTML, like Gecko; compatible; bingbot/2.0; +http://www.bing.com/bingbot.htm) Chrome/116.0.1938.76 Safari/537.36"
52.167.144.213 - - [20/Jul/2025:22:23:49 +1000] "GET /sitemaps.xml HTTP/2" 200 289 "-" "Mozilla/5.0 AppleWebKit/537.36 (KHTML, like Gecko; compatible; bingbot/2.0; +http://www.bing.com/bingbot.htm) Chrome/116.0.1938.76 Safari/537.36"
139.216.10.251 - - [20/Jul/2025:22:23:39 +1000] "GET /?utm_source=google&utm_medium=cpc&utm_campaign=pmax&gad_source=5&gclid=EAIaIQobChMIuYnFpr7ojAMVDqBmAh1XYjKaEAEYASAAEgI9UPD_BwE HTTP/1.1" 200 101556 "-" "Mozilla/5.0 (Linux; Android 10; K) AppleWebKit/537.36 (KHTML, like Gecko) SamsungBrowser/28.0 Chrome/130.0.0.0 Safari/537.36"
139.216.10.251 - - [20/Jul/2025:22:23:51 +1000] "GET /wp-content/uploads/2020/10/ADT_favicon.png HTTP/1.1" 200 414 "-" "Dalvik/2.1.0 (Linux; U; Android 15; SM-X210 Build/AP3A.240905.015.A2)"
108.61.201.55 - - [20/Jul/2025:22:24:46 +1000] "HEAD / HTTP/2" 200 0 "-" "downnotifier.com monitoring"
139.59.109.12 - - [20/Jul/2025:22:24:49 +1000] "HEAD / HTTP/2" 200 0 "-" "downnotifier.com monitoring"
216.144.248.26 - - [20/Jul/2025:22:25:26 +1000] "HEAD / HTTP/1.1" 200 0 "https://awaydigitalteams.com" "Mozilla/5.0+(compatible; UptimeRobot/2.0; http://www.uptimerobot.com/)"
216.144.248.27 - - [20/Jul/2025:22:25:45 +1000] "HEAD / HTTP/1.1" 200 0 "https://awaydigitalteams.com/" "Mozilla/5.0+(compatible; UptimeRobot/2.0; http://www.uptimerobot.com/)"
66.228.56.189 - - [20/Jul/2025:22:25:58 +1000] "GET / HTTP/2" 200 119988 "-" "Better Uptime Bot Mozilla/5.0 (Windows NT 10.0; Win64; x64) AppleWebKit/537.36 (KHTML, like Gecko) Chrome/74.0.3729.169 Safari/537.36"
216.144.248.27 - - [20/Jul/2025:22:26:49 +1000] "HEAD / HTTP/1.1" 200 0 "https://awaydigitalteams.com/" "Mozilla/5.0+(compatible; UptimeRobot/2.0; http://www.uptimerobot.com/)"
42.236.17.26 - - [20/Jul/2025:22:26:57 +1000] "GET / HTTP/2" 200 102365 "-" "Mozilla/5.0 (Windows NT 10.0; Win64; x64) AppleWebKit/537.36 (KHTML, like Gecko) Chrome/119.0.0.0 Safari/537.36"
216.144.248.28 - - [20/Jul/2025:22:27:50 +1000] "HEAD / HTTP/1.1" 200 0 "https://awaydigitalteams.com/" "Mozilla/5.0+(compatible; UptimeRobot/2.0; http://www.uptimerobot.com/)"
162.120.184.47 - - [20/Jul/2025:22:28:32 +1000] "GET / HTTP/2" 200 102365 "https://www.google.com/" "Mozilla/5.0 (Windows NT 10.0; Win64; x64) AppleWebKit/537.36 (KHTML, like Gecko) Chrome/138.0.0.0 Safari/537.36"
27.131.110.181 - - [20/Jul/2025:22:28:33 +1000] "POST /wp-cron.php?doing_wp_cron=1753014513.6959040164947509765625 HTTP/1.1" 200 0 "-" "WordPress/6.7; https://awaydigitalteams.com"
64.233.173.162 - - [20/Jul/2025:22:28:31 +1000] "GET /.well-known/traffic-advice HTTP/1.1" 301 30 "-" "Chrome Privacy Preserving Prefetch Proxy"
139.162.58.253 - - [20/Jul/2025:22:28:58 +1000] "GET / HTTP/2" 200 98250 "-" "Better Uptime Bot Mozilla/5.0 (Windows NT 10.0; Win64; x64) AppleWebKit/537.36 (KHTML, like Gecko) Chrome/74.0.3729.169 Safari/537.36"
42.236.17.198 - - [20/Jul/2025:22:29:30 +1000] "GET / HTTP/2" 200 102365 "-" "Mozilla/5.0 (Windows NT 10.0; Win64; x64) AppleWebKit/537.36 (KHTML, like Gecko) Chrome/119.0.0.0 Safari/537.36"
216.144.248.27 - - [20/Jul/2025:22:30:30 +1000] "HEAD / HTTP/1.1" 200 0 "https://awaydigitalteams.com" "Mozilla/5.0+(compatible; UptimeRobot/2.0; http://www.uptimerobot.com/)"
77.75.79.109 - - [20/Jul/2025:22:31:12 +1000] "GET /technology-outsourcing-2/ HTTP/1.1" 200 116567 "-" "Mozilla/5.0 (compatible; SeznamBot/4.0; +https://o-seznam.cz/napoveda/vyhledavani/en/seznambot-crawler/)"
216.144.248.19 - - [20/Jul/2025:22:31:41 +1000] "HEAD / HTTP/1.1" 200 0 "https://awaydigitalteams.com/" "Mozilla/5.0+(compatible; UptimeRobot/2.0; http://www.uptimerobot.com/)"
216.144.248.25 - - [20/Jul/2025:22:31:52 +1000] "HEAD / HTTP/1.1" 200 0 "https://awaydigitalteams.com/" "Mozilla/5.0+(compatible; UptimeRobot/2.0; http://www.uptimerobot.com/)"
66.228.56.140 - - [20/Jul/2025:22:31:58 +1000] "GET / HTTP/2" 200 119988 "-" "Better Uptime Bot Mozilla/5.0 (Windows NT 10.0; Win64; x64) AppleWebKit/537.36 (KHTML, like Gecko) Chrome/74.0.3729.169 Safari/537.36"
216.144.248.23 - - [20/Jul/2025:22:33:47 +1000] "HEAD / HTTP/1.1" 200 0 "https://awaydigitalteams.com/" "Mozilla/5.0+(compatible; UptimeRobot/2.0; http://www.uptimerobot.com/)"
139.59.109.12 - - [20/Jul/2025:22:34:46 +1000] "HEAD / HTTP/2" 200 0 "-" "downnotifier.com monitoring"
108.61.201.55 - - [20/Jul/2025:22:34:49 +1000] "HEAD / HTTP/2" 200 0 "-" "downnotifier.com monitoring"
40.116.89.24 - - [20/Jul/2025:22:34:52 +1000] "GET /wp-content/themes/awayteams/style.css?ver=1.0.01752829717 HTTP/1.1" 200 61394 "-" "-"
27.131.110.181 - - [20/Jul/2025:22:34:55 +1000] "POST /wp-cron.php?doing_wp_cron=1753014895.6859929561614990234375 HTTP/1.1" 200 0 "-" "WordPress/6.7; https://awaydigitalteams.com"
40.116.89.24 - - [20/Jul/2025:22:34:54 +1000] "GET /custom-css-js/3048.css?v=1970 HTTP/1.1" 301 10 "-" "-"
40.116.89.24 - - [20/Jul/2025:22:34:56 +1000] "GET / HTTP/1.1" 200 856773 "-" "-"
40.116.89.24 - - [20/Jul/2025:22:34:57 +1000] "GET /custom-css-js/3048.css?v=1970 HTTP/1.1" 301 10 "-" "-"
40.116.89.24 - - [20/Jul/2025:22:34:58 +1000] "GET / HTTP/1.1" 200 856773 "-" "-"
40.116.89.24 - - [20/Jul/2025:22:34:59 +1000] "GET /wp-content/uploads/custom-css-js/3048.css?v=1970 HTTP/1.1" 200 3959 "-" "-"
40.116.89.24 - - [20/Jul/2025:22:35:00 +1000] "GET /wp-content/plugins/astra-addon/addons/nav-menu/assets/css/minified/magamenu-frontend.min.css?ver=4.8.3 HTTP/1.1" 200 0 "-" "-"
194.195.253.114 - - [20/Jul/2025:22:35:00 +1000] "GET / HTTP/2" 200 119988 "-" "Better Uptime Bot Mozilla/5.0 (Windows NT 10.0; Win64; x64) AppleWebKit/537.36 (KHTML, like Gecko) Chrome/74.0.3729.169 Safari/537.36"
40.116.89.26 - - [20/Jul/2025:22:35:01 +1000] "GET /wp-content/plugins/astra-addon/addons/nav-menu/assets/css/minified/magamenu-frontend.min.css?ver=4.8.3 HTTP/1.1" 200 0 "-" "RestSharp/106.12.0.0"
216.144.248.28 - - [20/Jul/2025:22:35:34 +1000] "HEAD / HTTP/1.1" 200 0 "https://awaydigitalteams.com" "Mozilla/5.0+(compatible; UptimeRobot/2.0; http://www.uptimerobot.com/)"
216.144.248.28 - - [20/Jul/2025:22:37:40 +1000] "HEAD / HTTP/1.1" 200 0 "https://awaydigitalteams.com/" "Mozilla/5.0+(compatible; UptimeRobot/2.0; http://www.uptimerobot.com/)"
139.162.58.253 - - [20/Jul/2025:22:37:58 +1000] "GET / HTTP/2" 200 98250 "-" "Better Uptime Bot Mozilla/5.0 (Windows NT 10.0; Win64; x64) AppleWebKit/537.36 (KHTML, like Gecko) Chrome/74.0.3729.169 Safari/537.36"
52.15.147.27 - - [20/Jul/2025:22:38:44 +1000] "HEAD / HTTP/1.1" 200 0 "https://awaydigitalteams.com/" "Mozilla/5.0+(compatible; UptimeRobot/2.0; http://www.uptimerobot.com/)"
216.144.248.28 - - [20/Jul/2025:22:38:53 +1000] "HEAD / HTTP/1.1" 200 0 "https://awaydigitalteams.com/" "Mozilla/5.0+(compatible; UptimeRobot/2.0; http://www.uptimerobot.com/)"
216.144.248.25 - - [20/Jul/2025:22:40:38 +1000] "HEAD / HTTP/1.1" 200 0 "https://awaydigitalteams.com" "Mozilla/5.0+(compatible; UptimeRobot/2.0; http://www.uptimerobot.com/)"
139.162.121.238 - - [20/Jul/2025:22:40:58 +1000] "GET / HTTP/2" 200 119988 "-" "Better Uptime Bot Mozilla/5.0 (Windows NT 10.0; Win64; x64) AppleWebKit/537.36 (KHTML, like Gecko) Chrome/74.0.3729.169 Safari/537.36"
216.144.248.21 - - [20/Jul/2025:22:42:44 +1000] "HEAD / HTTP/1.1" 200 0 "https://awaydigitalteams.com/" "Mozilla/5.0+(compatible; UptimeRobot/2.0; http://www.uptimerobot.com/)"
216.144.248.25 - - [20/Jul/2025:22:43:47 +1000] "HEAD / HTTP/1.1" 200 0 "https://awaydigitalteams.com/" "Mozilla/5.0+(compatible; UptimeRobot/2.0; http://www.uptimerobot.com/)"
216.144.248.28 - - [20/Jul/2025:22:43:57 +1000] "HEAD / HTTP/1.1" 200 0 "https://awaydigitalteams.com/" "Mozilla/5.0+(compatible; UptimeRobot/2.0; http://www.uptimerobot.com/)"
194.195.253.108 - - [20/Jul/2025:22:43:59 +1000] "GET / HTTP/2" 200 98250 "-" "Better Uptime Bot Mozilla/5.0 (Windows NT 10.0; Win64; x64) AppleWebKit/537.36 (KHTML, like Gecko) Chrome/74.0.3729.169 Safari/537.36"
108.61.201.55 - - [20/Jul/2025:22:44:47 +1000] "HEAD / HTTP/2" 200 0 "-" "downnotifier.com monitoring"
139.59.109.12 - - [20/Jul/2025:22:44:49 +1000] "HEAD / HTTP/2" 200 0 "-" "downnotifier.com monitoring"
85.208.96.200 - - [20/Jul/2025:22:46:26 +1000] "GET /robots.txt HTTP/1.1" 200 274 "-" "Mozilla/5.0 (compatible; SemrushBot/7~bl; +http://www.semrush.com/bot.html)"
85.208.96.203 - - [20/Jul/2025:22:46:27 +1000] "GET /our-services/offshore-system-administrators/ HTTP/1.1" 200 117609 "-" "Mozilla/5.0 (compatible; SemrushBot/7~bl; +http://www.semrush.com/bot.html)"
37.154.91.46 - - [20/Jul/2025:22:46:33 +1000] "GET /blog/what-does-a-graphic-designer-do/ HTTP/2" 200 117978 "android-app://com.google.android.googlequicksearchbox/" "Mozilla/5.0 (Linux; Android 10; K) AppleWebKit/537.36 (KHTML, like Gecko) Chrome/138.0.0.0 Mobile Safari/537.36"
37.154.91.46 - - [20/Jul/2025:22:46:36 +1000] "GET /our-services/graphic-designer/ HTTP/2" 200 117931 "https://awaydigitalteams.com/blog/what-does-a-graphic-designer-do/" "Mozilla/5.0 (Linux; Android 10; K) AppleWebKit/537.36 (KHTML, like Gecko) Chrome/138.0.0.0 Mobile Safari/537.36"
216.144.248.25 - - [20/Jul/2025:22:46:36 +1000] "HEAD / HTTP/1.1" 200 0 "https://awaydigitalteams.com" "Mozilla/5.0+(compatible; UptimeRobot/2.0; http://www.uptimerobot.com/)"
27.131.110.181 - - [20/Jul/2025:22:46:39 +1000] "POST /wp-cron.php?doing_wp_cron=1753015599.8765459060668945312500 HTTP/1.1" 200 0 "-" "WordPress/6.7; https://awaydigitalteams.com"
37.154.91.46 - - [20/Jul/2025:22:46:38 +1000] "POST /wp-json/wordpress-popular-posts/v2/views/6086 HTTP/2" 201 55 "https://awaydigitalteams.com/blog/what-does-a-graphic-designer-do/" "Mozilla/5.0 (Linux; Android 10; K) AppleWebKit/537.36 (KHTML, like Gecko) Chrome/138.0.0.0 Mobile Safari/537.36"
37.154.91.46 - - [20/Jul/2025:22:46:40 +1000] "GET /wp-json/contact-form-7/v1/contact-forms/1746/feedback/schema HTTP/2" 200 0 "https://awaydigitalteams.com/blog/what-does-a-graphic-designer-do/" "Mozilla/5.0 (Linux; Android 10; K) AppleWebKit/537.36 (KHTML, like Gecko) Chrome/138.0.0.0 Mobile Safari/537.36"
37.154.91.46 - - [20/Jul/2025:22:46:40 +1000] "POST /wp-admin/admin-ajax.php HTTP/2" 200 0 "https://awaydigitalteams.com/blog/what-does-a-graphic-designer-do/" "Mozilla/5.0 (Linux; Android 10; K) AppleWebKit/537.36 (KHTML, like Gecko) Chrome/138.0.0.0 Mobile Safari/537.36"
27.131.110.181 - - [20/Jul/2025:22:46:42 +1000] "POST /wp-cron.php?doing_wp_cron=1753015602.3149828910827636718750 HTTP/1.1" 200 0 "-" "WordPress/6.7; https://awaydigitalteams.com"
27.131.110.181 - - [20/Jul/2025:22:46:42 +1000] "POST /wp-cron.php?doing_wp_cron=1753015602.3748149871826171875000 HTTP/1.1" 200 0 "-" "WordPress/6.7; https://awaydigitalteams.com"
168.119.178.203 - - [20/Jul/2025:22:46:59 +1000] "GET / HTTP/2" 200 119988 "-" "Better Uptime Bot Mozilla/5.0 (Windows NT 10.0; Win64; x64) AppleWebKit/537.36 (KHTML, like Gecko) Chrome/74.0.3729.169 Safari/537.36"
216.144.248.18 - - [20/Jul/2025:22:47:49 +1000] "HEAD / HTTP/1.1" 200 0 "https://awaydigitalteams.com/" "Mozilla/5.0+(compatible; UptimeRobot/2.0; http://www.uptimerobot.com/)"
216.144.248.26 - - [20/Jul/2025:22:48:51 +1000] "HEAD / HTTP/1.1" 200 0 "https://awaydigitalteams.com/" "Mozilla/5.0+(compatible; UptimeRobot/2.0; http://www.uptimerobot.com/)"
216.144.248.22 - - [20/Jul/2025:22:49:01 +1000] "HEAD / HTTP/1.1" 200 0 "https://awaydigitalteams.com/" "Mozilla/5.0+(compatible; UptimeRobot/2.0; http://www.uptimerobot.com/)"
27.131.110.181 - - [20/Jul/2025:22:49:30 +1000] "POST /wp-cron.php?doing_wp_cron=1753015770.0990500450134277343750 HTTP/1.1" 200 0 "-" "WordPress/6.7; https://awaydigitalteams.com"
114.119.129.254 - - [20/Jul/2025:22:49:28 +1000] "GET /blog/6-issues-to-consider-before-outsourcing-your-software-development/ HTTP/1.1" 301 30 "https://awaydigitalteams.com/blog/4-steps-to-integrating-an-outsourced-bookkeeper-into-your-business/" "Mozilla/5.0 (Linux; Android 7.0;) AppleWebKit/537.36 (KHTML, like Gecko) Mobile Safari/537.36 (compatible; PetalBot;+https://webmaster.petalsearch.com/site/petalbot)"
114.119.129.254 - - [20/Jul/2025:22:49:32 +1000] "GET / HTTP/1.1" 200 119877 "https://awaydigitalteams.com/blog/4-steps-to-integrating-an-outsourced-bookkeeper-into-your-business/" "Mozilla/5.0 (Linux; Android 7.0;) AppleWebKit/537.36 (KHTML, like Gecko) Mobile Safari/537.36 (compatible; PetalBot;+https://webmaster.petalsearch.com/site/petalbot)"
139.162.215.114 - - [20/Jul/2025:22:50:02 +1000] "GET / HTTP/2" 200 119988 "-" "Better Uptime Bot Mozilla/5.0 (Windows NT 10.0; Win64; x64) AppleWebKit/537.36 (KHTML, like Gecko) Chrome/74.0.3729.169 Safari/537.36"
5.176.192.176 - - [20/Jul/2025:22:50:24 +1000] "GET /blog/what-does-a-graphic-designer-do/ HTTP/2" 200 100149 "https://www.google.com/" "Mozilla/5.0 (Linux; Android 10; K) AppleWebKit/537.36 (KHTML, like Gecko) Chrome/138.0.0.0 Mobile Safari/537.36"
5.176.192.176 - - [20/Jul/2025:22:50:27 +1000] "GET /our-services/graphic-designer/ HTTP/2" 200 100565 "https://awaydigitalteams.com/blog/what-does-a-graphic-designer-do/" "Mozilla/5.0 (Linux; Android 10; K) AppleWebKit/537.36 (KHTML, like Gecko) Chrome/138.0.0.0 Mobile Safari/537.36"
5.176.192.176 - - [20/Jul/2025:22:50:27 +1000] "POST /wp-json/wordpress-popular-posts/v2/views/6086 HTTP/2" 201 55 "https://awaydigitalteams.com/blog/what-does-a-graphic-designer-do/" "Mozilla/5.0 (Linux; Android 10; K) AppleWebKit/537.36 (KHTML, like Gecko) Chrome/138.0.0.0 Mobile Safari/537.36"
5.176.192.176 - - [20/Jul/2025:22:50:28 +1000] "GET /wp-json/contact-form-7/v1/contact-forms/1746/feedback/schema HTTP/2" 200 724 "https://awaydigitalteams.com/blog/what-does-a-graphic-designer-do/" "Mozilla/5.0 (Linux; Android 10; K) AppleWebKit/537.36 (KHTML, like Gecko) Chrome/138.0.0.0 Mobile Safari/537.36"
27.131.110.181 - - [20/Jul/2025:22:50:30 +1000] "POST /wp-cron.php?doing_wp_cron=1753015830.1639349460601806640625 HTTP/1.1" 200 0 "-" "WordPress/6.7; https://awaydigitalteams.com"
5.176.192.176 - - [20/Jul/2025:22:50:28 +1000] "POST /wp-admin/admin-ajax.php HTTP/2" 200 5 "https://awaydigitalteams.com/blog/what-does-a-graphic-designer-do/" "Mozilla/5.0 (Linux; Android 10; K) AppleWebKit/537.36 (KHTML, like Gecko) Chrome/138.0.0.0 Mobile Safari/537.36"
5.176.192.176 - - [20/Jul/2025:22:50:28 +1000] "POST /wp-admin/admin-ajax.php HTTP/2" 200 40 "https://awaydigitalteams.com/blog/what-does-a-graphic-designer-do/" "Mozilla/5.0 (Linux; Android 10; K) AppleWebKit/537.36 (KHTML, like Gecko) Chrome/138.0.0.0 Mobile Safari/537.36"
5.176.192.176 - - [20/Jul/2025:22:50:30 +1000] "POST /?ob=open-bridge/events HTTP/2" 200 0 "https://awaydigitalteams.com/blog/what-does-a-graphic-designer-do/" "Mozilla/5.0 (Linux; Android 10; K) AppleWebKit/537.36 (KHTML, like Gecko) Chrome/138.0.0.0 Mobile Safari/537.36"
5.176.192.176 - - [20/Jul/2025:22:50:31 +1000] "GET /wp-json/contact-form-7/v1/contact-forms/1746/refill HTTP/2" 200 2 "https://awaydigitalteams.com/blog/what-does-a-graphic-designer-do/" "Mozilla/5.0 (Linux; Android 10; K) AppleWebKit/537.36 (KHTML, like Gecko) Chrome/138.0.0.0 Mobile Safari/537.36"
178.233.41.175 - - [20/Jul/2025:22:50:57 +1000] "GET /wp-json/wp/v2/posts?slug=/blog/should-i-outsource-insights-from-leading-australian-brands/ HTTP/1.1" 200 9334 "-" "-"
178.233.41.175 - - [20/Jul/2025:22:50:58 +1000] "GET /wp-json/wp/v2/posts?slug=/blog/should-i-outsource-insights-from-leading-australian-brands/ HTTP/1.1" 200 9334 "-" "-"
178.233.41.175 - - [20/Jul/2025:22:50:59 +1000] "POST /wp-comments-post.php HTTP/1.1" 403 1242 "-" "-"
178.233.41.175 - - [20/Jul/2025:22:50:59 +1000] "POST /wp-comments-post.php HTTP/1.1" 403 1242 "-" "-"
216.144.248.27 - - [20/Jul/2025:22:51:40 +1000] "HEAD / HTTP/1.1" 200 0 "https://awaydigitalteams.com" "Mozilla/5.0+(compatible; UptimeRobot/2.0; http://www.uptimerobot.com/)"
216.144.248.29 - - [20/Jul/2025:22:52:53 +1000] "HEAD / HTTP/1.1" 200 0 "https://awaydigitalteams.com/" "Mozilla/5.0+(compatible; UptimeRobot/2.0; http://www.uptimerobot.com/)"
66.228.56.140 - - [20/Jul/2025:22:52:58 +1000] "GET / HTTP/2" 200 119988 "-" "Better Uptime Bot Mozilla/5.0 (Windows NT 10.0; Win64; x64) AppleWebKit/537.36 (KHTML, like Gecko) Chrome/74.0.3729.169 Safari/537.36"
216.144.248.18 - - [20/Jul/2025:22:53:56 +1000] "HEAD / HTTP/1.1" 200 0 "https://awaydigitalteams.com/" "Mozilla/5.0+(compatible; UptimeRobot/2.0; http://www.uptimerobot.com/)"
216.144.248.28 - - [20/Jul/2025:22:54:05 +1000] "HEAD / HTTP/1.1" 200 0 "https://awaydigitalteams.com/" "Mozilla/5.0+(compatible; UptimeRobot/2.0; http://www.uptimerobot.com/)"
139.59.109.12 - - [20/Jul/2025:22:54:46 +1000] "HEAD / HTTP/2" 200 0 "-" "downnotifier.com monitoring"
108.61.201.55 - - [20/Jul/2025:22:54:48 +1000] "HEAD / HTTP/2" 200 0 "-" "downnotifier.com monitoring"
52.255.111.9 - - [20/Jul/2025:22:55:21 +1000] "GET /blog/vietnam-and-ai-talent-a-rising-hub-for-outsourcing-and-innovation/ HTTP/2" 200 113614 "-" "Mozilla/5.0 AppleWebKit/537.36 (KHTML, like Gecko); compatible; ChatGPT-User/1.0; +https://openai.com/bot"
194.195.253.108 - - [20/Jul/2025:22:55:59 +1000] "GET / HTTP/2" 200 98250 "-" "Better Uptime Bot Mozilla/5.0 (Windows NT 10.0; Win64; x64) AppleWebKit/537.36 (KHTML, like Gecko) Chrome/74.0.3729.169 Safari/537.36"
216.144.248.23 - - [20/Jul/2025:22:56:45 +1000] "HEAD / HTTP/1.1" 200 0 "https://awaydigitalteams.com" "Mozilla/5.0+(compatible; UptimeRobot/2.0; http://www.uptimerobot.com/)"
77.75.73.26 - - [20/Jul/2025:22:56:49 +1000] "GET /robots.txt HTTP/1.1" 200 274 "-" "Mozilla/5.0 (compatible; SeznamBot/4.0; +https://o-seznam.cz/napoveda/vyhledavani/en/seznambot-crawler/)"
27.131.110.181 - - [20/Jul/2025:22:56:50 +1000] "POST /wp-cron.php?doing_wp_cron=1753016210.3782188892364501953125 HTTP/1.1" 200 0 "-" "WordPress/6.7; https://awaydigitalteams.com"
77.75.73.26 - - [20/Jul/2025:22:56:48 +1000] "GET /post-sitemap1.xml HTTP/1.1" 200 8914 "-" "Mozilla/5.0 (compatible; SeznamBot/4.0; +https://o-seznam.cz/napoveda/vyhledavani/en/seznambot-crawler/)"
91.106.54.43 - - [20/Jul/2025:22:57:28 +1000] "GET /blog/what-is-outsourcing/ HTTP/2" 200 119359 "https://awaydigitalteams.com/blog/leading-companies-who-outsource-examples/" "Mozilla/5.0 (Windows NT 10.0; Win64; x64) AppleWebKit/537.36 (KHTML, like Gecko) Chrome/138.0.0.0 Safari/537.36"
216.144.248.23 - - [20/Jul/2025:22:57:58 +1000] "HEAD / HTTP/1.1" 200 0 "https://awaydigitalteams.com/" "Mozilla/5.0+(compatible; UptimeRobot/2.0; http://www.uptimerobot.com/)"
66.228.56.189 - - [20/Jul/2025:22:59:00 +1000] "GET / HTTP/2" 200 119988 "-" "Better Uptime Bot Mozilla/5.0 (Windows NT 10.0; Win64; x64) AppleWebKit/537.36 (KHTML, like Gecko) Chrome/74.0.3729.169 Safari/537.36"
216.144.248.29 - - [20/Jul/2025:22:59:00 +1000] "HEAD / HTTP/1.1" 200 0 "https://awaydigitalteams.com/" "Mozilla/5.0+(compatible; UptimeRobot/2.0; http://www.uptimerobot.com/)"
216.144.248.18 - - [20/Jul/2025:22:59:10 +1000] "HEAD / HTTP/1.1" 200 0 "https://awaydigitalteams.com/" "Mozilla/5.0+(compatible; UptimeRobot/2.0; http://www.uptimerobot.com/)"
216.144.248.25 - - [20/Jul/2025:23:01:50 +1000] "HEAD / HTTP/1.1" 200 0 "https://awaydigitalteams.com" "Mozilla/5.0+(compatible; UptimeRobot/2.0; http://www.uptimerobot.com/)"
69.164.207.190 - - [20/Jul/2025:23:02:00 +1000] "GET / HTTP/2" 200 119988 "-" "Better Uptime Bot Mozilla/5.0 (Windows NT 10.0; Win64; x64) AppleWebKit/537.36 (KHTML, like Gecko) Chrome/74.0.3729.169 Safari/537.36"
52.230.164.189 - - [20/Jul/2025:23:02:49 +1000] "GET /blog/just-how-good-are-vietnamese-software-developers/ HTTP/2" 200 113693 "-" "Mozilla/5.0 AppleWebKit/537.36 (KHTML, like Gecko); compatible; ChatGPT-User/1.0; +https://openai.com/bot"
52.230.164.189 - - [20/Jul/2025:23:02:54 +1000] "GET / HTTP/2" 200 102363 "-" "Mozilla/5.0 AppleWebKit/537.36 (KHTML, like Gecko); compatible; ChatGPT-User/1.0; +https://openai.com/bot"
216.144.248.22 - - [20/Jul/2025:23:03:02 +1000] "HEAD / HTTP/1.1" 200 0 "https://awaydigitalteams.com/" "Mozilla/5.0+(compatible; UptimeRobot/2.0; http://www.uptimerobot.com/)"
216.144.248.25 - - [20/Jul/2025:23:04:14 +1000] "HEAD / HTTP/1.1" 200 0 "https://awaydigitalteams.com/" "Mozilla/5.0+(compatible; UptimeRobot/2.0; http://www.uptimerobot.com/)"
108.61.201.55 - - [20/Jul/2025:23:04:47 +1000] "HEAD / HTTP/2" 200 0 "-" "downnotifier.com monitoring"
139.59.109.12 - - [20/Jul/2025:23:04:48 +1000] "HEAD / HTTP/2" 200 0 "-" "downnotifier.com monitoring"
114.119.151.89 - - [20/Jul/2025:23:04:50 +1000] "GET /wp-content/uploads/2021/04/MicrosoftTeams-image-3.jpg HTTP/1.1" 200 241951 "-" "Mozilla/5.0 (Linux; Android 7.0;) AppleWebKit/537.36 (KHTML, like Gecko) Mobile Safari/537.36 (compatible; PetalBot;+https://webmaster.petalsearch.com/site/petalbot)"
216.144.248.24 - - [20/Jul/2025:23:04:58 +1000] "HEAD / HTTP/1.1" 200 0 "https://awaydigitalteams.com/" "Mozilla/5.0+(compatible; UptimeRobot/2.0; http://www.uptimerobot.com/)"
66.228.53.233 - - [20/Jul/2025:23:05:00 +1000] "GET / HTTP/2" 200 119988 "-" "Better Uptime Bot Mozilla/5.0 (Windows NT 10.0; Win64; x64) AppleWebKit/537.36 (KHTML, like Gecko) Chrome/74.0.3729.169 Safari/537.36"
27.131.110.181 - - [20/Jul/2025:23:06:14 +1000] "POST /wp-cron.php?doing_wp_cron=1753016774.4246959686279296875000 HTTP/1.1" 200 0 "-" "WordPress/6.7; https://awaydigitalteams.com"
1.146.222.202 - - [20/Jul/2025:23:06:14 +1000] "GET / HTTP/2" 200 102365 "-" "Mozilla/5.0 (Macintosh; Intel Mac OS X 10_15_7) AppleWebKit/605.1.15 (KHTML, like Gecko) Version/18.3 Safari/605.1.15 Ddg/16.6"
114.119.153.16 - - [20/Jul/2025:23:06:13 +1000] "GET /blog/awayteams-interviews-daniel-gold-from-long-property/ HTTP/1.1" 301 30 "-" "Mozilla/5.0 (Linux; Android 7.0;) AppleWebKit/537.36 (KHTML, like Gecko) Mobile Safari/537.36 (compatible; PetalBot;+https://webmaster.petalsearch.com/site/petalbot)"
114.119.153.16 - - [20/Jul/2025:23:06:15 +1000] "GET /blog/awayteams-interviews-daniel-gold-from-long-property/ HTTP/1.1" 200 111684 "-" "Mozilla/5.0 (Linux; Android 7.0;) AppleWebKit/537.36 (KHTML, like Gecko) Mobile Safari/537.36 (compatible; PetalBot;+https://webmaster.petalsearch.com/site/petalbot)"
66.249.66.195 - - [20/Jul/2025:23:06:17 +1000] "GET /blog/ HTTP/1.1" 200 111533 "-" "Mozilla/5.0 (compatible; Googlebot/2.1; +http://www.google.com/bot.html)"
216.144.248.28 - - [20/Jul/2025:23:06:53 +1000] "HEAD / HTTP/1.1" 200 0 "https://awaydigitalteams.com" "Mozilla/5.0+(compatible; UptimeRobot/2.0; http://www.uptimerobot.com/)"
74.7.35.112 - - [20/Jul/2025:23:07:12 +1000] "GET /blog/cross-cultural-management-101-australia-and-vietnam/ HTTP/2" 200 113553 "-" "Mozilla/5.0 AppleWebKit/537.36 (KHTML, like Gecko); compatible; ChatGPT-User/1.0; +https://openai.com/bot"
74.7.35.123 - - [20/Jul/2025:23:07:11 +1000] "GET /ebook/2025-vietnam-outsourcing-industry-report/ HTTP/2" 200 107304 "-" "Mozilla/5.0 AppleWebKit/537.36 (KHTML, like Gecko); compatible; ChatGPT-User/1.0; +https://openai.com/bot"
74.7.35.123 - - [20/Jul/2025:23:07:12 +1000] "GET /blog/the-realities-and-rewards-of-outsourcing-to-vietnam/ HTTP/2" 200 112329 "-" "Mozilla/5.0 AppleWebKit/537.36 (KHTML, like Gecko); compatible; ChatGPT-User/1.0; +https://openai.com/bot"
74.7.35.123 - - [20/Jul/2025:23:07:12 +1000] "GET /blog/global-companies-are-thriving-with-vietnam-teams/ HTTP/2" 200 115304 "-" "Mozilla/5.0 AppleWebKit/537.36 (KHTML, like Gecko); compatible; ChatGPT-User/1.0; +https://openai.com/bot"
74.7.35.123 - - [20/Jul/2025:23:07:12 +1000] "GET /blog/access-to-highly-skilled-talent-why-vietnam-is-a-top-choice-for-outsourcing-in-2025/ HTTP/2" 200 114630 "-" "Mozilla/5.0 AppleWebKit/537.36 (KHTML, like Gecko); compatible; ChatGPT-User/1.0; +https://openai.com/bot"
74.7.35.123 - - [20/Jul/2025:23:07:15 +1000] "GET /blog/english-language-proficiency-and-the-education-system-in-vietnam/ HTTP/2" 200 115650 "-" "Mozilla/5.0 AppleWebKit/537.36 (KHTML, like Gecko); compatible; ChatGPT-User/1.0; +https://openai.com/bot"
173.252.107.9 - - [20/Jul/2025:23:07:26 +1000] "GET /robots.txt HTTP/2" 200 274 "-" "facebookexternalhit/1.1 (+http://www.facebook.com/externalhit_uatext.php)"
173.252.107.113 - - [20/Jul/2025:23:07:27 +1000] "GET / HTTP/2" 200 856773 "-" "facebookexternalhit/1.1 (+http://www.facebook.com/externalhit_uatext.php)"
139.162.58.253 - - [20/Jul/2025:23:07:57 +1000] "GET / HTTP/2" 200 98250 "-" "Better Uptime Bot Mozilla/5.0 (Windows NT 10.0; Win64; x64) AppleWebKit/537.36 (KHTML, like Gecko) Chrome/74.0.3729.169 Safari/537.36"
216.144.248.28 - - [20/Jul/2025:23:08:05 +1000] "HEAD / HTTP/1.1" 200 0 "https://awaydigitalteams.com/" "Mozilla/5.0+(compatible; UptimeRobot/2.0; http://www.uptimerobot.com/)"
216.144.248.29 - - [20/Jul/2025:23:09:17 +1000] "HEAD / HTTP/1.1" 200 0 "https://awaydigitalteams.com/" "Mozilla/5.0+(compatible; UptimeRobot/2.0; http://www.uptimerobot.com/)"
66.249.92.196 - - [20/Jul/2025:23:09:48 +1000] "GET / HTTP/1.1" 200 101902 "-" "Mozilla/5.0 (Linux; Android 6.0.1; Nexus 5X Build/MMB29P) AppleWebKit/537.36 (KHTML, like Gecko) Chrome/137.0.7151.103 Mobile Safari/537.36 (compatible; AdsBot-Google-Mobile; +http://www.google.com/mobile/adsbot.html)"
27.131.110.181 - - [20/Jul/2025:23:10:24 +1000] "POST /wp-cron.php?doing_wp_cron=1753017024.6498229503631591796875 HTTP/1.1" 200 0 "-" "WordPress/6.7; https://awaydigitalteams.com"
114.119.134.49 - - [20/Jul/2025:23:10:22 +1000] "GET /ebooks/ HTTP/1.1" 200 88879 "https://awaydigitalteams.com/blog/vietnam-is-future-of-digital-marketing-outsourcing/" "Mozilla/5.0 (Linux; Android 7.0;) AppleWebKit/537.36 (KHTML, like Gecko) Mobile Safari/537.36 (compatible; PetalBot;+https://webmaster.petalsearch.com/site/petalbot)"
40.76.244.98 - - [20/Jul/2025:23:10:31 +1000] "GET / HTTP/1.1" 200 119988 "-" "Mozilla/5.0 (Windows NT 10.0; Win64; x64) AppleWebKit/537.36 (KHTML, like Gecko) Chrome/120.0.0.0 Safari/537.36"
216.144.248.18 - - [20/Jul/2025:23:10:55 +1000] "HEAD / HTTP/1.1" 200 0 "https://awaydigitalteams.com/" "Mozilla/5.0+(compatible; UptimeRobot/2.0; http://www.uptimerobot.com/)"
139.162.121.238 - - [20/Jul/2025:23:10:58 +1000] "GET / HTTP/2" 200 119988 "-" "Better Uptime Bot Mozilla/5.0 (Windows NT 10.0; Win64; x64) AppleWebKit/537.36 (KHTML, like Gecko) Chrome/74.0.3729.169 Safari/537.36"
114.119.153.16 - - [20/Jul/2025:23:11:45 +1000] "GET /blog/what-does-a-graphic-designer-do/ HTTP/1.1" 200 117978 "https://awaydigitalteams.com/blog/vietnam-is-future-of-digital-marketing-outsourcing/" "Mozilla/5.0 (Linux; Android 7.0;) AppleWebKit/537.36 (KHTML, like Gecko) Mobile Safari/537.36 (compatible; PetalBot;+https://webmaster.petalsearch.com/site/petalbot)"
20.215.214.25 - - [20/Jul/2025:23:11:50 +1000] "GET /blog/what-does-a-graphic-designer-do/ HTTP/2" 200 117730 "-" "Mozilla/5.0 AppleWebKit/537.36 (KHTML, like Gecko); compatible; ChatGPT-User/1.0; +https://openai.com/bot"
216.144.248.18 - - [20/Jul/2025:23:11:57 +1000] "HEAD / HTTP/1.1" 200 0 "https://awaydigitalteams.com" "Mozilla/5.0+(compatible; UptimeRobot/2.0; http://www.uptimerobot.com/)"
216.144.248.18 - - [20/Jul/2025:23:13:08 +1000] "HEAD / HTTP/1.1" 200 0 "https://awaydigitalteams.com/" "Mozilla/5.0+(compatible; UptimeRobot/2.0; http://www.uptimerobot.com/)"
114.119.146.4 - - [20/Jul/2025:23:13:10 +1000] "GET /blog/vietnam-the-hotspot-for-it-developers/ HTTP/1.1" 200 114357 "https://www.awaydigitalteams.com/blog/vietnam-the-hotspot-for-it-developers/" "Mozilla/5.0 (Linux; Android 7.0;) AppleWebKit/537.36 (KHTML, like Gecko) Mobile Safari/537.36 (compatible; PetalBot;+https://webmaster.petalsearch.com/site/petalbot)"
172.105.162.194 - - [20/Jul/2025:23:13:58 +1000] "GET / HTTP/2" 200 119988 "-" "Better Uptime Bot Mozilla/5.0 (Windows NT 10.0; Win64; x64) AppleWebKit/537.36 (KHTML, like Gecko) Chrome/74.0.3729.169 Safari/537.36"
46.250.174.248 - - [20/Jul/2025:23:14:13 +1000] "GET /wp-content/uploads/2022/10/blog-1-2048x930.png HTTP/2" 200 2390717 "https://awaydigitalteams.com/blog/how-to-manage-your-offshore-teams/" "Mozilla/5.0 (Windows NT 10.0; Win64; x64) AppleWebKit/537.36 (KHTML, like Gecko) Chrome/116.0.0.0 Safari/537.36"
114.119.146.4 - - [20/Jul/2025:23:14:33 +1000] "GET /blog/the-business-risks-of-quiet-vacationing-millennials-how-to-manage-remote-teams-effectively/ HTTP/1.1" 200 121883 "https://awaydigitalteams.com/blog/the-business-risks-of-quiet-vacationing-millennials-how-to-manage-remote-teams-effectively/" "Mozilla/5.0 (Linux; Android 7.0;) AppleWebKit/537.36 (KHTML, like Gecko) Mobile Safari/537.36 (compatible; PetalBot;+https://webmaster.petalsearch.com/site/petalbot)"
139.59.109.12 - - [20/Jul/2025:23:14:46 +1000] "HEAD / HTTP/2" 200 0 "-" "downnotifier.com monitoring"
108.61.201.55 - - [20/Jul/2025:23:14:48 +1000] "HEAD / HTTP/2" 200 0 "-" "downnotifier.com monitoring"
66.249.92.196 - - [20/Jul/2025:23:15:49 +1000] "GET /our-services/content-writer-outsourcing/?utm_source=google&utm_medium=cpc&utm_campaign=digitalmarketing&gclid=gtm_5ykoVA8kZX6QHSdEnwAhU0v6GZyg&gbraid=gtm_5ykoVA8kZX6QHSdEnwAhU0v6GZyg&wbraid=gtm_5ykoVA8kZX6QHSdEnwAhU0v6GZyg HTTP/1.1" 200 117843 "-" "Mozilla/5.0 (Linux; Android 6.0.1; Nexus 5X Build/MMB29P) AppleWebKit/537.36 (KHTML, like Gecko) Chrome/137.0.7151.103 Mobile Safari/537.36 (compatible; AdsBot-Google-Mobile; +http://www.google.com/mobile/adsbot.html)"
114.119.129.254 - - [20/Jul/2025:23:15:58 +1000] "GET / HTTP/1.1" 200 119877 "https://awaydigitalteams.com/blog/outsourcing-myths-debunked-separating-fact-from-fiction/" "Mozilla/5.0 (Linux; Android 7.0;) AppleWebKit/537.36 (KHTML, like Gecko) Mobile Safari/537.36 (compatible; PetalBot;+https://webmaster.petalsearch.com/site/petalbot)"
27.131.110.181 - - [20/Jul/2025:23:15:58 +1000] "POST /wp-cron.php?doing_wp_cron=1753017358.0690898895263671875000 HTTP/1.1" 200 0 "-" "WordPress/6.7; https://awaydigitalteams.com"
114.119.129.254 - - [20/Jul/2025:23:15:56 +1000] "GET /blog/outsourcing-myths-debunked-separating-fact-from-fiction/ HTTP/1.1" 301 30 "https://awaydigitalteams.com/blog/outsourcing-myths-debunked-separating-fact-from-fiction/" "Mozilla/5.0 (Linux; Android 7.0;) AppleWebKit/537.36 (KHTML, like Gecko) Mobile Safari/537.36 (compatible; PetalBot;+https://webmaster.petalsearch.com/site/petalbot)"
3.20.63.178 - - [20/Jul/2025:23:16:09 +1000] "HEAD / HTTP/1.1" 200 0 "https://awaydigitalteams.com/" "Mozilla/5.0+(compatible; UptimeRobot/2.0; http://www.uptimerobot.com/)"
216.144.248.27 - - [20/Jul/2025:23:16:54 +1000] "HEAD / HTTP/1.1" 200 0 "https://awaydigitalteams.com/" "Mozilla/5.0+(compatible; UptimeRobot/2.0; http://www.uptimerobot.com/)"
66.228.56.189 - - [20/Jul/2025:23:16:59 +1000] "GET / HTTP/2" 200 119988 "-" "Better Uptime Bot Mozilla/5.0 (Windows NT 10.0; Win64; x64) AppleWebKit/537.36 (KHTML, like Gecko) Chrome/74.0.3729.169 Safari/537.36"
216.144.248.25 - - [20/Jul/2025:23:17:01 +1000] "HEAD / HTTP/1.1" 200 0 "https://awaydigitalteams.com" "Mozilla/5.0+(compatible; UptimeRobot/2.0; http://www.uptimerobot.com/)"
114.119.146.4 - - [20/Jul/2025:23:17:20 +1000] "GET /blog/cultural-fit-in-an-outsourcing-partnership/ HTTP/1.1" 200 112395 "https://awaydigitalteams.com/blog/vietnamese-tet-business-guide-2024/" "Mozilla/5.0 (Linux; Android 7.0;) AppleWebKit/537.36 (KHTML, like Gecko) Mobile Safari/537.36 (compatible; PetalBot;+https://webmaster.petalsearch.com/site/petalbot)"
216.144.248.21 - - [20/Jul/2025:23:18:12 +1000] "HEAD / HTTP/1.1" 200 0 "https://awaydigitalteams.com/" "Mozilla/5.0+(compatible; UptimeRobot/2.0; http://www.uptimerobot.com/)"
92.72.53.153 - - [20/Jul/2025:23:18:35 +1000] "GET /blog/leading-companies-who-outsource-examples/ HTTP/2" 200 117065 "https://www.google.com/" "Mozilla/5.0 (Windows NT 10.0; Win64; x64) AppleWebKit/537.36 (KHTML, like Gecko) Chrome/138.0.0.0 Safari/537.36"
92.72.53.153 - - [20/Jul/2025:23:18:37 +1000] "GET /blog/what-is-outsourcing/ HTTP/2" 200 101848 "https://awaydigitalteams.com/blog/leading-companies-who-outsource-examples/" "Mozilla/5.0 (Windows NT 10.0; Win64; x64) AppleWebKit/537.36 (KHTML, like Gecko) Chrome/138.0.0.0 Safari/537.36"
92.72.53.153 - - [20/Jul/2025:23:18:38 +1000] "GET /wp-includes/js/wp-emoji-release.min.js?ver=2740d675ea275477d4c24cf3b0557345 HTTP/2" 200 4676 "https://awaydigitalteams.com/blog/leading-companies-who-outsource-examples/" "Mozilla/5.0 (Windows NT 10.0; Win64; x64) AppleWebKit/537.36 (KHTML, like Gecko) Chrome/138.0.0.0 Safari/537.36"
92.72.53.153 - - [20/Jul/2025:23:18:38 +1000] "POST /wp-json/wordpress-popular-posts/v2/views/5629 HTTP/2" 201 55 "https://awaydigitalteams.com/blog/leading-companies-who-outsource-examples/" "Mozilla/5.0 (Windows NT 10.0; Win64; x64) AppleWebKit/537.36 (KHTML, like Gecko) Chrome/138.0.0.0 Safari/537.36"
27.131.110.181 - - [20/Jul/2025:23:18:40 +1000] "POST /wp-cron.php?doing_wp_cron=1753017520.7424089908599853515625 HTTP/1.1" 200 0 "-" "WordPress/6.7; https://awaydigitalteams.com"
92.72.53.153 - - [20/Jul/2025:23:18:38 +1000] "GET /wp-json/contact-form-7/v1/contact-forms/1746/feedback/schema HTTP/2" 200 724 "https://awaydigitalteams.com/blog/leading-companies-who-outsource-examples/" "Mozilla/5.0 (Windows NT 10.0; Win64; x64) AppleWebKit/537.36 (KHTML, like Gecko) Chrome/138.0.0.0 Safari/537.36"
92.72.53.153 - - [20/Jul/2025:23:18:38 +1000] "POST /wp-admin/admin-ajax.php HTTP/2" 200 5 "https://awaydigitalteams.com/blog/leading-companies-who-outsource-examples/" "Mozilla/5.0 (Windows NT 10.0; Win64; x64) AppleWebKit/537.36 (KHTML, like Gecko) Chrome/138.0.0.0 Safari/537.36"
92.72.53.153 - - [20/Jul/2025:23:18:38 +1000] "GET /wp-json/contact-form-7/v1/contact-forms/1746/refill HTTP/2" 200 2 "https://awaydigitalteams.com/blog/leading-companies-who-outsource-examples/" "Mozilla/5.0 (Windows NT 10.0; Win64; x64) AppleWebKit/537.36 (KHTML, like Gecko) Chrome/138.0.0.0 Safari/537.36"
92.72.53.153 - - [20/Jul/2025:23:18:38 +1000] "POST /wp-admin/admin-ajax.php HTTP/2" 200 40 "https://awaydigitalteams.com/blog/leading-companies-who-outsource-examples/" "Mozilla/5.0 (Windows NT 10.0; Win64; x64) AppleWebKit/537.36 (KHTML, like Gecko) Chrome/138.0.0.0 Safari/537.36"
114.119.129.254 - - [20/Jul/2025:23:18:43 +1000] "GET /blog/12-accounting-and-bookkeeping-tasks-you-can-outsource-to-vietnam-right-now/ HTTP/1.1" 200 112337 "https://awaydigitalteams.com/blog/3-facts-you-probably-didnt-know-about-vietnams-outsourcing-industry/" "Mozilla/5.0 (Linux; Android 7.0;) AppleWebKit/537.36 (KHTML, like Gecko) Mobile Safari/537.36 (compatible; PetalBot;+https://webmaster.petalsearch.com/site/petalbot)"
139.162.58.253 - - [20/Jul/2025:23:19:58 +1000] "GET / HTTP/2" 200 98304 "-" "Better Uptime Bot Mozilla/5.0 (Windows NT 10.0; Win64; x64) AppleWebKit/537.36 (KHTML, like Gecko) Chrome/74.0.3729.169 Safari/537.36"
216.144.248.26 - - [20/Jul/2025:23:21:12 +1000] "HEAD / HTTP/1.1" 200 0 "https://awaydigitalteams.com/" "Mozilla/5.0+(compatible; UptimeRobot/2.0; http://www.uptimerobot.com/)"
216.144.248.29 - - [20/Jul/2025:23:21:58 +1000] "HEAD / HTTP/1.1" 200 0 "https://awaydigitalteams.com/" "Mozilla/5.0+(compatible; UptimeRobot/2.0; http://www.uptimerobot.com/)"
216.144.248.21 - - [20/Jul/2025:23:22:08 +1000] "HEAD / HTTP/1.1" 200 0 "https://awaydigitalteams.com" "Mozilla/5.0+(compatible; UptimeRobot/2.0; http://www.uptimerobot.com/)"
172.104.181.25 - - [20/Jul/2025:23:22:58 +1000] "GET / HTTP/2" 200 119988 "-" "Better Uptime Bot Mozilla/5.0 (Windows NT 10.0; Win64; x64) AppleWebKit/537.36 (KHTML, like Gecko) Chrome/74.0.3729.169 Safari/537.36"
44.208.221.197 - - [20/Jul/2025:23:23:55 +1000] "GET /blog/access-to-highly-skilled-talent-why-vietnam-is-a-top-choice-for-outsourcing-in-2025/ HTTP/1.1" 200 114630 "-" "Mozilla/5.0 AppleWebKit/537.36 (KHTML, like Gecko; compatible; Perplexity-User/1.0; +https://perplexity.ai/perplexity-user)"
216.144.248.24 - - [20/Jul/2025:23:24:11 +1000] "HEAD / HTTP/1.1" 200 0 "https://awaydigitalteams.com/" "Mozilla/5.0+(compatible; UptimeRobot/2.0; http://www.uptimerobot.com/)"
108.61.201.55 - - [20/Jul/2025:23:24:45 +1000] "HEAD / HTTP/2" 200 0 "-" "downnotifier.com monitoring"
139.59.109.12 - - [20/Jul/2025:23:24:46 +1000] "HEAD / HTTP/2" 200 0 "-" "downnotifier.com monitoring"
27.131.110.181 - - [20/Jul/2025:23:24:55 +1000] "POST /wp-cron.php?doing_wp_cron=1753017895.7318289279937744140625 HTTP/1.1" 200 0 "-" "WordPress/6.7; https://awaydigitalteams.com"
114.119.134.49 - - [20/Jul/2025:23:24:54 +1000] "GET /blog/category/vietnam-outsourcing/page/4/ HTTP/1.1" 302 85 "https://awaydigitalteams.com/blog/category/vietnam-outsourcing/page/3/" "Mozilla/5.0 (Linux; Android 7.0;) AppleWebKit/537.36 (KHTML, like Gecko) Mobile Safari/537.36 (compatible; PetalBot;+https://webmaster.petalsearch.com/site/petalbot)"
114.119.134.49 - - [20/Jul/2025:23:24:56 +1000] "GET / HTTP/1.1" 200 119877 "https://awaydigitalteams.com/blog/category/vietnam-outsourcing/page/3/" "Mozilla/5.0 (Linux; Android 7.0;) AppleWebKit/537.36 (KHTML, like Gecko) Mobile Safari/537.36 (compatible; PetalBot;+https://webmaster.petalsearch.com/site/petalbot)"
194.195.253.108 - - [20/Jul/2025:23:25:59 +1000] "GET / HTTP/2" 200 98250 "-" "Better Uptime Bot Mozilla/5.0 (Windows NT 10.0; Win64; x64) AppleWebKit/537.36 (KHTML, like Gecko) Chrome/74.0.3729.169 Safari/537.36"
216.144.248.23 - - [20/Jul/2025:23:27:03 +1000] "HEAD / HTTP/1.1" 200 0 "https://awaydigitalteams.com/" "Mozilla/5.0+(compatible; UptimeRobot/2.0; http://www.uptimerobot.com/)"
216.144.248.21 - - [20/Jul/2025:23:27:11 +1000] "HEAD / HTTP/1.1" 200 0 "https://awaydigitalteams.com/" "Mozilla/5.0+(compatible; UptimeRobot/2.0; http://www.uptimerobot.com/)"
216.144.248.27 - - [20/Jul/2025:23:27:12 +1000] "HEAD / HTTP/1.1" 200 0 "https://awaydigitalteams.com" "Mozilla/5.0+(compatible; UptimeRobot/2.0; http://www.uptimerobot.com/)"
69.164.207.190 - - [20/Jul/2025:23:29:00 +1000] "GET / HTTP/2" 200 119988 "-" "Better Uptime Bot Mozilla/5.0 (Windows NT 10.0; Win64; x64) AppleWebKit/537.36 (KHTML, like Gecko) Chrome/74.0.3729.169 Safari/537.36"
216.144.248.21 - - [20/Jul/2025:23:29:15 +1000] "HEAD / HTTP/1.1" 200 0 "https://awaydigitalteams.com/" "Mozilla/5.0+(compatible; UptimeRobot/2.0; http://www.uptimerobot.com/)"
74.7.36.95 - - [20/Jul/2025:23:29:18 +1000] "GET /blog/bookkeeper-salary-australia-guide/ HTTP/2" 200 121232 "-" "Mozilla/5.0 AppleWebKit/537.36 (KHTML, like Gecko); compatible; ChatGPT-User/1.0; +https://openai.com/bot"
194.195.253.114 - - [20/Jul/2025:23:31:58 +1000] "GET / HTTP/2" 200 119988 "-" "Better Uptime Bot Mozilla/5.0 (Windows NT 10.0; Win64; x64) AppleWebKit/537.36 (KHTML, like Gecko) Chrome/74.0.3729.169 Safari/537.36"
216.144.248.21 - - [20/Jul/2025:23:32:07 +1000] "HEAD / HTTP/1.1" 200 0 "https://awaydigitalteams.com/" "Mozilla/5.0+(compatible; UptimeRobot/2.0; http://www.uptimerobot.com/)"
216.144.248.28 - - [20/Jul/2025:23:32:16 +1000] "HEAD / HTTP/1.1" 200 0 "https://awaydigitalteams.com/" "Mozilla/5.0+(compatible; UptimeRobot/2.0; http://www.uptimerobot.com/)"
216.144.248.23 - - [20/Jul/2025:23:32:16 +1000] "HEAD / HTTP/1.1" 200 0 "https://awaydigitalteams.com" "Mozilla/5.0+(compatible; UptimeRobot/2.0; http://www.uptimerobot.com/)"
216.144.248.24 - - [20/Jul/2025:23:34:20 +1000] "HEAD / HTTP/1.1" 200 0 "https://awaydigitalteams.com/" "Mozilla/5.0+(compatible; UptimeRobot/2.0; http://www.uptimerobot.com/)"
139.59.109.12 - - [20/Jul/2025:23:34:43 +1000] "HEAD / HTTP/2" 200 0 "-" "downnotifier.com monitoring"
108.61.201.55 - - [20/Jul/2025:23:34:45 +1000] "HEAD / HTTP/2" 200 0 "-" "downnotifier.com monitoring"
66.228.56.189 - - [20/Jul/2025:23:34:58 +1000] "GET / HTTP/2" 200 119988 "-" "Better Uptime Bot Mozilla/5.0 (Windows NT 10.0; Win64; x64) AppleWebKit/537.36 (KHTML, like Gecko) Chrome/74.0.3729.169 Safari/537.36"
107.20.236.150 - - [20/Jul/2025:23:35:30 +1000] "GET /robots.txt HTTP/1.1" 200 274 "-" "Mozilla/5.0 AppleWebKit/537.36 (KHTML, like Gecko; compatible; PerplexityBot/1.0; +https://perplexity.ai/perplexitybot)"
216.144.248.22 - - [20/Jul/2025:23:37:12 +1000] "HEAD / HTTP/1.1" 200 0 "https://awaydigitalteams.com/" "Mozilla/5.0+(compatible; UptimeRobot/2.0; http://www.uptimerobot.com/)"
216.144.248.26 - - [20/Jul/2025:23:37:19 +1000] "HEAD / HTTP/1.1" 200 0 "https://awaydigitalteams.com/" "Mozilla/5.0+(compatible; UptimeRobot/2.0; http://www.uptimerobot.com/)"
216.144.248.21 - - [20/Jul/2025:23:37:20 +1000] "HEAD / HTTP/1.1" 200 0 "https://awaydigitalteams.com" "Mozilla/5.0+(compatible; UptimeRobot/2.0; http://www.uptimerobot.com/)"
139.162.121.226 - - [20/Jul/2025:23:37:59 +1000] "GET / HTTP/2" 200 119988 "-" "Better Uptime Bot Mozilla/5.0 (Windows NT 10.0; Win64; x64) AppleWebKit/537.36 (KHTML, like Gecko) Chrome/74.0.3729.169 Safari/537.36"
66.249.92.194 - - [20/Jul/2025:23:37:59 +1000] "GET /our-services/offshore-system-administrators/?utm_source=google&utm_medium=cpc&utm_campaign=it&utm_term=&utm_campaign=Search+-+Non-Brand+Developer/IT+-+Bris/Melb/Syd+(Max+Conv)+-+IT+Conversion&utm_source=adwords&utm_medium=ppc&hsa_acc=3425353766&hsa_cam=22025209383&hsa_grp=177460341012&hsa_ad=0&hsa_src=&hsa_tgt=&hsa_kw=&hsa_mt=b&hsa_net=adwords&hsa_ver=3 HTTP/1.1" 200 117609 "-" "AdsBot-Google (+http://www.google.com/adsbot.html)"
40.77.167.55 - - [20/Jul/2025:23:38:13 +1000] "GET /wp-content/uploads/2025/06/graphic-template-adt-1536x864.png HTTP/2" 200 565376 "-" "Mozilla/5.0 AppleWebKit/537.36 (KHTML, like Gecko; compatible; bingbot/2.0; +http://www.bing.com/bingbot.htm) Chrome/116.0.1938.76 Safari/537.36"
66.249.66.195 - - [20/Jul/2025:23:38:18 +1000] "GET / HTTP/1.1" 200 102365 "-" "Mozilla/5.0 (compatible; Googlebot/2.1; +http://www.google.com/bot.html)"
66.249.66.195 - - [20/Jul/2025:23:38:18 +1000] "GET / HTTP/1.1" 200 101902 "-" "Mozilla/5.0 (Linux; Android 6.0.1; Nexus 5X Build/MMB29P) AppleWebKit/537.36 (KHTML, like Gecko) Chrome/99.0.4844.84 Mobile Safari/537.36 (compatible; Googlebot/2.1; +http://www.google.com/bot.html)"
27.131.110.181 - - [20/Jul/2025:23:38:47 +1000] "POST /wp-cron.php?doing_wp_cron=1753018727.9478130340576171875000 HTTP/1.1" 200 0 "-" "WordPress/6.7; https://awaydigitalteams.com"
40.77.167.55 - - [20/Jul/2025:23:38:46 +1000] "GET /blog/page/16/ HTTP/2" 200 66098 "-" "Mozilla/5.0 AppleWebKit/537.36 (KHTML, like Gecko; compatible; bingbot/2.0; +http://www.bing.com/bingbot.htm) Chrome/116.0.1938.76 Safari/537.36"
69.164.207.190 - - [20/Jul/2025:23:41:00 +1000] "GET / HTTP/2" 200 119988 "-" "Better Uptime Bot Mozilla/5.0 (Windows NT 10.0; Win64; x64) AppleWebKit/537.36 (KHTML, like Gecko) Chrome/74.0.3729.169 Safari/537.36"
3.20.63.178 - - [20/Jul/2025:23:41:12 +1000] "HEAD / HTTP/1.1" 200 0 "https://awaydigitalteams.com/" "Mozilla/5.0+(compatible; UptimeRobot/2.0; http://www.uptimerobot.com/)"
216.144.248.22 - - [20/Jul/2025:23:42:18 +1000] "HEAD / HTTP/1.1" 200 0 "https://awaydigitalteams.com/" "Mozilla/5.0+(compatible; UptimeRobot/2.0; http://www.uptimerobot.com/)"
216.144.248.21 - - [20/Jul/2025:23:42:24 +1000] "HEAD / HTTP/1.1" 200 0 "https://awaydigitalteams.com/" "Mozilla/5.0+(compatible; UptimeRobot/2.0; http://www.uptimerobot.com/)"
216.144.248.30 - - [20/Jul/2025:23:42:24 +1000] "HEAD / HTTP/1.1" 200 0 "https://awaydigitalteams.com" "Mozilla/5.0+(compatible; UptimeRobot/2.0; http://www.uptimerobot.com/)"
194.195.253.114 - - [20/Jul/2025:23:43:58 +1000] "GET / HTTP/2" 200 119988 "-" "Better Uptime Bot Mozilla/5.0 (Windows NT 10.0; Win64; x64) AppleWebKit/537.36 (KHTML, like Gecko) Chrome/74.0.3729.169 Safari/537.36"
108.61.201.55 - - [20/Jul/2025:23:44:41 +1000] "HEAD / HTTP/2" 200 0 "-" "downnotifier.com monitoring"
