114.119.135.206 - - [21/Jul/2025:06:28:30 +1000] "GET /blog/vietnam-the-safe-investment-destination-post-covid-19/ HTTP/1.1" 200 110677 "https://awaydigitalteams.com/staging/vietnam-the-hotspot-for-it-developers/" "Mozilla/5.0 (Linux; Android 7.0;) AppleWebKit/537.36 (KHTML, like Gecko) Mobile Safari/537.36 (compatible; PetalBot;+https://webmaster.petalsearch.com/site/petalbot)"
139.162.58.253 - - [21/Jul/2025:06:28:59 +1000] "GET / HTTP/2" 200 98250 "-" "Better Uptime Bot Mozilla/5.0 (Windows NT 10.0; Win64; x64) AppleWebKit/537.36 (KHTML, like Gecko) Chrome/74.0.3729.169 Safari/537.36"
216.144.248.18 - - [21/Jul/2025:06:29:26 +1000] "HEAD / HTTP/1.1" 200 0 "https://awaydigitalteams.com" "Mozilla/5.0+(compatible; UptimeRobot/2.0; http://www.uptimerobot.com/)"
66.249.66.195 - - [21/Jul/2025:06:31:32 +1000] "GET /blog/all-you-need-to-know-about-bpo-vietnam/ HTTP/1.1" 200 113847 "-" "Mozilla/5.0 (Linux; Android 6.0.1; Nexus 5X Build/MMB29P) AppleWebKit/537.36 (KHTML, like Gecko) Chrome/137.0.7151.103 Mobile Safari/537.36 (compatible; Googlebot/2.1; +http://www.google.com/bot.html)"
40.77.167.75 - - [21/Jul/2025:06:31:42 +1000] "GET /blog/front-end-developer-salary-in-2024-a-comprehensive-guide/ HTTP/2" 200 116475 "-" "Mozilla/5.0 AppleWebKit/537.36 (KHTML, like Gecko; compatible; bingbot/2.0; +http://www.bing.com/bingbot.htm) Chrome/116.0.1938.76 Safari/537.36"
172.104.181.25 - - [21/Jul/2025:06:31:59 +1000] "GET / HTTP/2" 200 119988 "-" "Better Uptime Bot Mozilla/5.0 (Windows NT 10.0; Win64; x64) AppleWebKit/537.36 (KHTML, like Gecko) Chrome/74.0.3729.169 Safari/537.36"
216.144.248.18 - - [21/Jul/2025:06:32:11 +1000] "HEAD / HTTP/1.1" 200 0 "https://awaydigitalteams.com/" "Mozilla/5.0+(compatible; UptimeRobot/2.0; http://www.uptimerobot.com/)"
3.20.63.178 - - [21/Jul/2025:06:32:38 +1000] "HEAD / HTTP/1.1" 200 0 "https://awaydigitalteams.com/" "Mozilla/5.0+(compatible; UptimeRobot/2.0; http://www.uptimerobot.com/)"
216.144.248.29 - - [21/Jul/2025:06:32:48 +1000] "HEAD / HTTP/1.1" 200 0 "https://awaydigitalteams.com/" "Mozilla/5.0+(compatible; UptimeRobot/2.0; http://www.uptimerobot.com/)"
139.59.109.12 - - [21/Jul/2025:06:33:58 +1000] "HEAD / HTTP/2" 200 0 "-" "downnotifier.com monitoring"
108.61.201.55 - - [21/Jul/2025:06:34:14 +1000] "HEAD / HTTP/2" 200 0 "-" "downnotifier.com monitoring"
85.208.98.18 - - [21/Jul/2025:06:34:18 +1000] "GET /robots.txt HTTP/1.1" 200 274 "http://awaydigitalteams.com/robots.txt" "Mozilla/5.0 (compatible; SemrushBot; +http://www.semrush.com/bot.html)"
85.208.98.18 - - [21/Jul/2025:06:34:25 +1000] "HEAD /blog/global-outsourcing/ HTTP/2" 200 0 "-" "Mozilla/5.0 (compatible; SemrushBot; +http://www.semrush.com/bot.html)"
216.144.248.27 - - [21/Jul/2025:06:34:30 +1000] "HEAD / HTTP/1.1" 200 0 "https://awaydigitalteams.com" "Mozilla/5.0+(compatible; UptimeRobot/2.0; http://www.uptimerobot.com/)"
66.249.92.195 - - [21/Jul/2025:06:35:01 +1000] "GET /our-services/marketing-specialist-outsourcing/?utm_source=google&utm_medium=cpc&utm_campaign=digitalmarketing&gclid=gtm_5ykoVA8kZX6QHSdEnwAhU0v6GZyg&gbraid=gtm_5ykoVA8kZX6QHSdEnwAhU0v6GZyg&wbraid=gtm_5ykoVA8kZX6QHSdEnwAhU0v6GZyg HTTP/1.1" 200 118000 "-" "Mozilla/5.0 (Linux; Android 6.0.1; Nexus 5X Build/MMB29P) AppleWebKit/537.36 (KHTML, like Gecko) Chrome/137.0.7151.103 Mobile Safari/537.36 (compatible; AdsBot-Google-Mobile; +http://www.google.com/mobile/adsbot.html)"
69.164.207.190 - - [21/Jul/2025:06:35:01 +1000] "GET / HTTP/2" 200 98250 "-" "Better Uptime Bot Mozilla/5.0 (Windows NT 10.0; Win64; x64) AppleWebKit/537.36 (KHTML, like Gecko) Chrome/74.0.3729.169 Safari/537.36"
104.222.167.233 - - [21/Jul/2025:06:35:34 +1000] "GET /blog/leading-companies-who-outsource-examples/ HTTP/2" 200 99435 "https://www.bing.com/" "Mozilla/5.0 (Windows NT 10.0; Win64; x64) AppleWebKit/537.36 (KHTML, like Gecko) Chrome/134.0.0.0 YaBrowser/25.4.0.0 Safari/537.36"
104.222.167.233 - - [21/Jul/2025:06:37:04 +1000] "GET /wp-includes/js/wp-emoji-release.min.js?ver=2740d675ea275477d4c24cf3b0557345 HTTP/2" 200 4676 "https://awaydigitalteams.com/blog/leading-companies-who-outsource-examples/" "Mozilla/5.0 (Windows NT 10.0; Win64; x64) AppleWebKit/537.36 (KHTML, like Gecko) Chrome/134.0.0.0 YaBrowser/25.4.0.0 Safari/537.36"
104.222.167.233 - - [21/Jul/2025:06:37:04 +1000] "GET /blog/what-is-outsourcing/ HTTP/2" 200 101855 "https://awaydigitalteams.com/blog/leading-companies-who-outsource-examples/" "Mozilla/5.0 (Windows NT 10.0; Win64; x64) AppleWebKit/537.36 (KHTML, like Gecko) Chrome/134.0.0.0 YaBrowser/25.4.0.0 Safari/537.36"
104.222.167.233 - - [21/Jul/2025:06:37:04 +1000] "GET /wp-json/contact-form-7/v1/contact-forms/1746/feedback/schema HTTP/2" 200 724 "https://awaydigitalteams.com/blog/leading-companies-who-outsource-examples/" "Mozilla/5.0 (Windows NT 10.0; Win64; x64) AppleWebKit/537.36 (KHTML, like Gecko) Chrome/134.0.0.0 YaBrowser/25.4.0.0 Safari/537.36"
104.222.167.233 - - [21/Jul/2025:06:37:05 +1000] "GET /wp-json/contact-form-7/v1/contact-forms/1746/refill HTTP/2" 200 2 "https://awaydigitalteams.com/blog/leading-companies-who-outsource-examples/" "Mozilla/5.0 (Windows NT 10.0; Win64; x64) AppleWebKit/537.36 (KHTML, like Gecko) Chrome/134.0.0.0 YaBrowser/25.4.0.0 Safari/537.36"
104.222.167.233 - - [21/Jul/2025:06:37:04 +1000] "POST /wp-json/wordpress-popular-posts/v2/views/5629 HTTP/2" 201 55 "https://awaydigitalteams.com/blog/leading-companies-who-outsource-examples/" "Mozilla/5.0 (Windows NT 10.0; Win64; x64) AppleWebKit/537.36 (KHTML, like Gecko) Chrome/134.0.0.0 YaBrowser/25.4.0.0 Safari/537.36"
27.131.110.181 - - [21/Jul/2025:06:37:08 +1000] "POST /wp-cron.php?doing_wp_cron=1753043828.5304689407348632812500 HTTP/1.1" 200 0 "-" "WordPress/6.7; https://awaydigitalteams.com"
27.131.110.181 - - [21/Jul/2025:06:37:08 +1000] "POST /wp-cron.php?doing_wp_cron=1753043828.5280959606170654296875 HTTP/1.1" 200 0 "-" "WordPress/6.7; https://awaydigitalteams.com"
104.222.167.233 - - [21/Jul/2025:06:37:04 +1000] "POST /wp-admin/admin-ajax.php HTTP/2" 200 5 "https://awaydigitalteams.com/blog/leading-companies-who-outsource-examples/" "Mozilla/5.0 (Windows NT 10.0; Win64; x64) AppleWebKit/537.36 (KHTML, like Gecko) Chrome/134.0.0.0 YaBrowser/25.4.0.0 Safari/537.36"
104.222.167.233 - - [21/Jul/2025:06:37:04 +1000] "POST /?ob=open-bridge/events HTTP/2" 200 0 "https://awaydigitalteams.com/blog/leading-companies-who-outsource-examples/" "Mozilla/5.0 (Windows NT 10.0; Win64; x64) AppleWebKit/537.36 (KHTML, like Gecko) Chrome/134.0.0.0 YaBrowser/25.4.0.0 Safari/537.36"
104.222.167.233 - - [21/Jul/2025:06:37:04 +1000] "POST /wp-admin/admin-ajax.php HTTP/2" 200 40 "https://awaydigitalteams.com/blog/leading-companies-who-outsource-examples/" "Mozilla/5.0 (Windows NT 10.0; Win64; x64) AppleWebKit/537.36 (KHTML, like Gecko) Chrome/134.0.0.0 YaBrowser/25.4.0.0 Safari/537.36"
216.144.248.28 - - [21/Jul/2025:06:37:14 +1000] "HEAD / HTTP/1.1" 200 0 "https://awaydigitalteams.com/" "Mozilla/5.0+(compatible; UptimeRobot/2.0; http://www.uptimerobot.com/)"
86.0.207.149 - - [21/Jul/2025:06:37:29 +1000] "GET /blog/leading-companies-who-outsource-examples/ HTTP/2" 200 117410 "https://www.google.com/" "Mozilla/5.0 (iPhone; CPU iPhone OS 18_5 like Mac OS X) AppleWebKit/605.1.15 (KHTML, like Gecko) Version/18.5 Mobile/15E148 Safari/604.1"
86.0.207.149 - - [21/Jul/2025:06:37:31 +1000] "POST /wp-json/wordpress-popular-posts/v2/views/5629 HTTP/2" 201 55 "https://awaydigitalteams.com/blog/leading-companies-who-outsource-examples/" "Mozilla/5.0 (iPhone; CPU iPhone OS 18_5 like Mac OS X) AppleWebKit/605.1.15 (KHTML, like Gecko) Version/18.5 Mobile/15E148 Safari/604.1"
86.0.207.149 - - [21/Jul/2025:06:37:31 +1000] "GET /wp-json/contact-form-7/v1/contact-forms/1746/feedback/schema HTTP/2" 200 724 "https://awaydigitalteams.com/blog/leading-companies-who-outsource-examples/" "Mozilla/5.0 (iPhone; CPU iPhone OS 18_5 like Mac OS X) AppleWebKit/605.1.15 (KHTML, like Gecko) Version/18.5 Mobile/15E148 Safari/604.1"
86.0.207.149 - - [21/Jul/2025:06:37:31 +1000] "POST /wp-admin/admin-ajax.php HTTP/2" 200 5 "https://awaydigitalteams.com/blog/leading-companies-who-outsource-examples/" "Mozilla/5.0 (iPhone; CPU iPhone OS 18_5 like Mac OS X) AppleWebKit/605.1.15 (KHTML, like Gecko) Version/18.5 Mobile/15E148 Safari/604.1"
86.0.207.149 - - [21/Jul/2025:06:37:31 +1000] "POST /wp-admin/admin-ajax.php HTTP/2" 200 40 "https://awaydigitalteams.com/blog/leading-companies-who-outsource-examples/" "Mozilla/5.0 (iPhone; CPU iPhone OS 18_5 like Mac OS X) AppleWebKit/605.1.15 (KHTML, like Gecko) Version/18.5 Mobile/15E148 Safari/604.1"
86.0.207.149 - - [21/Jul/2025:06:37:32 +1000] "GET /wp-json/contact-form-7/v1/contact-forms/1746/refill HTTP/2" 200 2 "https://awaydigitalteams.com/blog/leading-companies-who-outsource-examples/" "Mozilla/5.0 (iPhone; CPU iPhone OS 18_5 like Mac OS X) AppleWebKit/605.1.15 (KHTML, like Gecko) Version/18.5 Mobile/15E148 Safari/604.1"
216.144.248.19 - - [21/Jul/2025:06:37:42 +1000] "HEAD / HTTP/1.1" 200 0 "https://awaydigitalteams.com/" "Mozilla/5.0+(compatible; UptimeRobot/2.0; http://www.uptimerobot.com/)"
216.144.248.29 - - [21/Jul/2025:06:37:52 +1000] "HEAD / HTTP/1.1" 200 0 "https://awaydigitalteams.com/" "Mozilla/5.0+(compatible; UptimeRobot/2.0; http://www.uptimerobot.com/)"
139.162.121.226 - - [21/Jul/2025:06:37:59 +1000] "GET / HTTP/2" 200 119988 "-" "Better Uptime Bot Mozilla/5.0 (Windows NT 10.0; Win64; x64) AppleWebKit/537.36 (KHTML, like Gecko) Chrome/74.0.3729.169 Safari/537.36"
40.77.167.77 - - [21/Jul/2025:06:38:12 +1000] "GET / HTTP/2" 200 102365 "-" "Mozilla/5.0 (Windows NT 10.0; Win64; x64) AppleWebKit/537.36 (KHTML, like Gecko) Chrome/112.0.0.0 Safari/537.36 Edg/112.0.1722.68"
40.77.167.75 - - [21/Jul/2025:06:38:17 +1000] "GET /wp-json/wp/v2/pages/93 HTTP/2" 200 4714 "-" "Mozilla/5.0 (Windows NT 10.0; Win64; x64) AppleWebKit/537.36 (KHTML, like Gecko) Chrome/112.0.0.0 Safari/537.36 Edg/112.0.1722.68"
58.136.161.113 - - [21/Jul/2025:06:38:42 +1000] "GET /our-services/outsource-virtual-assistants/ HTTP/1.1" 200 117883 "-" "Mozilla/5.0 (Windows NT 10.0; Win64; x64; rv:109.0) Gecko/20100101 Firefox/111.0"
27.131.110.181 - - [21/Jul/2025:06:39:01 +1000] "POST /wp-cron.php?doing_wp_cron=1753043941.5430510044097900390625 HTTP/1.1" 200 0 "-" "WordPress/6.7; https://awaydigitalteams.com"
58.136.161.113 - - [21/Jul/2025:06:38:58 +1000] "GET /our-services/it-support-outsourcing HTTP/1.1" 301 30 "-" "Mozilla/5.0 (Windows NT 10.0; Win64; x64; rv:109.0) Gecko/20100101 Firefox/111.0"
58.136.161.113 - - [21/Jul/2025:06:38:58 +1000] "GET /our-services/help-desk-support-outsourcing HTTP/1.1" 301 30 "-" "Mozilla/5.0 (Windows NT 10.0; Win64; x64; rv:109.0) Gecko/20100101 Firefox/111.0"
58.136.161.113 - - [21/Jul/2025:06:39:02 +1000] "GET /our-services/it-support-outsourcing/ HTTP/1.1" 200 117719 "-" "Mozilla/5.0 (Windows NT 10.0; Win64; x64; rv:109.0) Gecko/20100101 Firefox/111.0"
58.136.161.113 - - [21/Jul/2025:06:39:02 +1000] "GET /our-services/help-desk-support-outsourcing/ HTTP/1.1" 200 117675 "-" "Mozilla/5.0 (Windows NT 10.0; Win64; x64; rv:109.0) Gecko/20100101 Firefox/111.0"
58.136.161.113 - - [21/Jul/2025:06:38:58 +1000] "GET /our-services/customer-support-function HTTP/1.1" 301 30 "-" "Mozilla/5.0 (Windows NT 10.0; Win64; x64; rv:109.0) Gecko/20100101 Firefox/111.0"
58.136.161.113 - - [21/Jul/2025:06:38:58 +1000] "GET /contact HTTP/1.1" 301 30 "-" "Mozilla/5.0 (Windows NT 10.0; Win64; x64; rv:109.0) Gecko/20100101 Firefox/111.0"
58.136.161.113 - - [21/Jul/2025:06:38:58 +1000] "GET /our-services/sales-support HTTP/1.1" 301 30 "-" "Mozilla/5.0 (Windows NT 10.0; Win64; x64; rv:109.0) Gecko/20100101 Firefox/111.0"
58.136.161.113 - - [21/Jul/2025:06:39:02 +1000] "GET /our-services/customer-support-function/ HTTP/1.1" 200 118467 "-" "Mozilla/5.0 (Windows NT 10.0; Win64; x64; rv:109.0) Gecko/20100101 Firefox/111.0"
58.136.161.113 - - [21/Jul/2025:06:39:02 +1000] "GET /contact/ HTTP/1.1" 200 107379 "-" "Mozilla/5.0 (Windows NT 10.0; Win64; x64; rv:109.0) Gecko/20100101 Firefox/111.0"
58.136.161.113 - - [21/Jul/2025:06:39:02 +1000] "GET /our-services/sales-support/ HTTP/1.1" 200 117593 "-" "Mozilla/5.0 (Windows NT 10.0; Win64; x64; rv:109.0) Gecko/20100101 Firefox/111.0"
216.144.248.21 - - [21/Jul/2025:06:39:35 +1000] "HEAD / HTTP/1.1" 200 0 "https://awaydigitalteams.com" "Mozilla/5.0+(compatible; UptimeRobot/2.0; http://www.uptimerobot.com/)"
66.228.53.233 - - [21/Jul/2025:06:41:00 +1000] "GET / HTTP/2" 200 119988 "-" "Better Uptime Bot Mozilla/5.0 (Windows NT 10.0; Win64; x64) AppleWebKit/537.36 (KHTML, like Gecko) Chrome/74.0.3729.169 Safari/537.36"
216.144.248.25 - - [21/Jul/2025:06:42:19 +1000] "HEAD / HTTP/1.1" 200 0 "https://awaydigitalteams.com/" "Mozilla/5.0+(compatible; UptimeRobot/2.0; http://www.uptimerobot.com/)"
66.249.66.195 - - [21/Jul/2025:06:42:36 +1000] "GET /blog/what-does-a-graphic-designer-do/ HTTP/1.1" 200 117978 "-" "Mozilla/5.0 (Linux; Android 6.0.1; Nexus 5X Build/MMB29P) AppleWebKit/537.36 (KHTML, like Gecko) Chrome/137.0.7151.103 Mobile Safari/537.36 (compatible; Googlebot/2.1; +http://www.google.com/bot.html)"
216.144.248.26 - - [21/Jul/2025:06:42:56 +1000] "HEAD / HTTP/1.1" 200 0 "https://awaydigitalteams.com/" "Mozilla/5.0+(compatible; UptimeRobot/2.0; http://www.uptimerobot.com/)"
27.131.110.181 - - [21/Jul/2025:06:43:38 +1000] "POST /wp-cron.php?doing_wp_cron=1753044218.1495320796966552734375 HTTP/1.1" 200 0 "-" "WordPress/6.7; https://awaydigitalteams.com"
40.77.167.150 - - [21/Jul/2025:06:43:37 +1000] "GET /blog/winning-strategies-for-australian-startups-in-a-competitive-market/feed/ HTTP/2" 302 77 "-" "Mozilla/5.0 AppleWebKit/537.36 (KHTML, like Gecko; compatible; bingbot/2.0; +http://www.bing.com/bingbot.htm) Chrome/116.0.1938.76 Safari/537.36"
108.61.201.55 - - [21/Jul/2025:06:43:57 +1000] "HEAD / HTTP/2" 200 0 "-" "downnotifier.com monitoring"
139.162.121.238 - - [21/Jul/2025:06:43:59 +1000] "GET / HTTP/2" 200 98250 "-" "Better Uptime Bot Mozilla/5.0 (Windows NT 10.0; Win64; x64) AppleWebKit/537.36 (KHTML, like Gecko) Chrome/74.0.3729.169 Safari/537.36"
216.144.248.29 - - [21/Jul/2025:06:44:02 +1000] "HEAD / HTTP/1.1" 200 0 "https://awaydigitalteams.com/" "Mozilla/5.0+(compatible; UptimeRobot/2.0; http://www.uptimerobot.com/)"
139.59.109.12 - - [21/Jul/2025:06:44:13 +1000] "HEAD / HTTP/2" 200 0 "-" "downnotifier.com monitoring"
27.131.110.181 - - [21/Jul/2025:06:44:17 +1000] "POST /wp-cron.php?doing_wp_cron=1753044257.2069520950317382812500 HTTP/1.1" 200 0 "-" "WordPress/6.7; https://awaydigitalteams.com"
66.249.66.194 - - [21/Jul/2025:06:44:16 +1000] "GET /ads.txt HTTP/1.1" 301 14 "-" "Mozilla/5.0 (compatible; Googlebot/2.1; +http://www.google.com/bot.html)"
66.249.66.196 - - [21/Jul/2025:06:44:18 +1000] "GET /ads.txt HTTP/1.1" 301 14 "-" "Mozilla/5.0 (compatible; Googlebot/2.1; +http://www.google.com/bot.html)"
66.249.66.194 - - [21/Jul/2025:06:44:20 +1000] "GET / HTTP/1.1" 200 102365 "-" "Mozilla/5.0 (compatible; Googlebot/2.1; +http://www.google.com/bot.html)"
216.144.248.18 - - [21/Jul/2025:06:44:38 +1000] "HEAD / HTTP/1.1" 200 0 "https://awaydigitalteams.com" "Mozilla/5.0+(compatible; UptimeRobot/2.0; http://www.uptimerobot.com/)"
172.105.162.194 - - [21/Jul/2025:06:46:59 +1000] "GET / HTTP/2" 200 119988 "-" "Better Uptime Bot Mozilla/5.0 (Windows NT 10.0; Win64; x64) AppleWebKit/537.36 (KHTML, like Gecko) Chrome/74.0.3729.169 Safari/537.36"
216.144.248.30 - - [21/Jul/2025:06:48:00 +1000] "HEAD / HTTP/1.1" 200 0 "https://awaydigitalteams.com/" "Mozilla/5.0+(compatible; UptimeRobot/2.0; http://www.uptimerobot.com/)"
216.144.248.25 - - [21/Jul/2025:06:48:17 +1000] "HEAD / HTTP/1.1" 200 0 "https://awaydigitalteams.com/" "Mozilla/5.0+(compatible; UptimeRobot/2.0; http://www.uptimerobot.com/)"
104.222.167.233 - - [21/Jul/2025:06:48:18 +1000] "GET /blog/how-ai-is-changing-the-future-of-outsourcing/ HTTP/2" 200 115549 "https://awaydigitalteams.com/blog/leading-companies-who-outsource-examples/" "Mozilla/5.0 (Windows NT 10.0; Win64; x64) AppleWebKit/537.36 (KHTML, like Gecko) Chrome/134.0.0.0 YaBrowser/25.4.0.0 Safari/537.36"
216.144.248.22 - - [21/Jul/2025:06:49:06 +1000] "HEAD / HTTP/1.1" 200 0 "https://awaydigitalteams.com/" "Mozilla/5.0+(compatible; UptimeRobot/2.0; http://www.uptimerobot.com/)"
216.144.248.26 - - [21/Jul/2025:06:49:41 +1000] "HEAD / HTTP/1.1" 200 0 "https://awaydigitalteams.com" "Mozilla/5.0+(compatible; UptimeRobot/2.0; http://www.uptimerobot.com/)"
216.244.66.200 - - [21/Jul/2025:06:49:44 +1000] "GET /robots.txt HTTP/1.1" 200 274 "-" "Mozilla/5.0 (compatible; DotBot/1.2; +https://opensiteexplorer.org/dotbot; help@moz.com)"
69.164.207.190 - - [21/Jul/2025:06:50:01 +1000] "GET / HTTP/2" 200 119988 "-" "Better Uptime Bot Mozilla/5.0 (Windows NT 10.0; Win64; x64) AppleWebKit/537.36 (KHTML, like Gecko) Chrome/74.0.3729.169 Safari/537.36"
69.164.207.190 - - [21/Jul/2025:06:53:00 +1000] "GET / HTTP/2" 200 119988 "-" "Better Uptime Bot Mozilla/5.0 (Windows NT 10.0; Win64; x64) AppleWebKit/537.36 (KHTML, like Gecko) Chrome/74.0.3729.169 Safari/537.36"
216.144.248.29 - - [21/Jul/2025:06:53:04 +1000] "HEAD / HTTP/1.1" 200 0 "https://awaydigitalteams.com/" "Mozilla/5.0+(compatible; UptimeRobot/2.0; http://www.uptimerobot.com/)"
216.144.248.24 - - [21/Jul/2025:06:53:22 +1000] "HEAD / HTTP/1.1" 200 0 "https://awaydigitalteams.com/" "Mozilla/5.0+(compatible; UptimeRobot/2.0; http://www.uptimerobot.com/)"
139.59.109.12 - - [21/Jul/2025:06:53:58 +1000] "HEAD / HTTP/2" 200 0 "-" "downnotifier.com monitoring"
108.61.201.55 - - [21/Jul/2025:06:54:11 +1000] "HEAD / HTTP/2" 200 0 "-" "downnotifier.com monitoring"
216.144.248.23 - - [21/Jul/2025:06:55:04 +1000] "HEAD / HTTP/1.1" 200 0 "https://awaydigitalteams.com/" "Mozilla/5.0+(compatible; UptimeRobot/2.0; http://www.uptimerobot.com/)"
52.167.144.213 - - [21/Jul/2025:06:55:17 +1000] "GET /our-services/information-technology-function/ HTTP/2" 200 118357 "-" "Mozilla/5.0 AppleWebKit/537.36 (KHTML, like Gecko; compatible; bingbot/2.0; +http://www.bing.com/bingbot.htm) Chrome/116.0.1938.76 Safari/537.36"
216.144.248.26 - - [21/Jul/2025:06:55:40 +1000] "HEAD / HTTP/1.1" 200 0 "https://awaydigitalteams.com" "Mozilla/5.0+(compatible; UptimeRobot/2.0; http://www.uptimerobot.com/)"
66.249.66.194 - - [21/Jul/2025:06:55:56 +1000] "GET /our-services/hiring-data-analysts/ HTTP/1.1" 200 117962 "-" "Mozilla/5.0 (Linux; Android 6.0.1; Nexus 5X Build/MMB29P) AppleWebKit/537.36 (KHTML, like Gecko) Chrome/137.0.7151.103 Mobile Safari/537.36 (compatible; Googlebot/2.1; +http://www.google.com/bot.html)"
69.164.207.190 - - [21/Jul/2025:06:56:01 +1000] "GET / HTTP/2" 200 119988 "-" "Better Uptime Bot Mozilla/5.0 (Windows NT 10.0; Win64; x64) AppleWebKit/537.36 (KHTML, like Gecko) Chrome/74.0.3729.169 Safari/537.36"
27.131.110.181 - - [21/Jul/2025:06:56:52 +1000] "POST /wp-cron.php?doing_wp_cron=1753045012.7585470676422119140625 HTTP/1.1" 200 0 "-" "WordPress/6.7; https://awaydigitalteams.com"
27.131.110.181 - - [21/Jul/2025:06:56:52 +1000] "POST /wp-cron.php?doing_wp_cron=1753045012.8294889926910400390625 HTTP/1.1" 200 0 "-" "WordPress/6.7; https://awaydigitalteams.com"
27.131.110.181 - - [21/Jul/2025:06:56:53 +1000] "POST /wp-cron.php?doing_wp_cron=1753045013.0396609306335449218750 HTTP/1.1" 200 0 "-" "WordPress/6.7; https://awaydigitalteams.com"
216.244.66.200 - - [21/Jul/2025:06:56:51 +1000] "GET /blog/page/14/ HTTP/1.1" 200 651667 "-" "Mozilla/5.0 (compatible; DotBot/1.2; +https://opensiteexplorer.org/dotbot; help@moz.com)"
185.191.171.7 - - [21/Jul/2025:06:57:30 +1000] "GET /robots.txt HTTP/1.1" 200 274 "-" "Mozilla/5.0 (compatible; SemrushBot/7~bl; +http://www.semrush.com/bot.html)"
185.191.171.16 - - [21/Jul/2025:06:57:31 +1000] "GET /blog/software-testing-service/ HTTP/1.1" 200 118002 "-" "Mozilla/5.0 (compatible; SemrushBot/7~bl; +http://www.semrush.com/bot.html)"
216.144.248.22 - - [21/Jul/2025:06:58:32 +1000] "HEAD / HTTP/1.1" 200 0 "https://awaydigitalteams.com/" "Mozilla/5.0+(compatible; UptimeRobot/2.0; http://www.uptimerobot.com/)"
139.162.58.253 - - [21/Jul/2025:06:58:59 +1000] "GET / HTTP/2" 200 98250 "-" "Better Uptime Bot Mozilla/5.0 (Windows NT 10.0; Win64; x64) AppleWebKit/537.36 (KHTML, like Gecko) Chrome/74.0.3729.169 Safari/537.36"
66.249.66.195 - - [21/Jul/2025:07:00:02 +1000] "GET /blog/major-retail-challenges-and-how-outsourcing-solves-them/ HTTP/1.1" 200 116314 "-" "Mozilla/5.0 (Linux; Android 6.0.1; Nexus 5X Build/MMB29P) AppleWebKit/537.36 (KHTML, like Gecko) Chrome/137.0.7151.103 Mobile Safari/537.36 (compatible; Googlebot/2.1; +http://www.google.com/bot.html)"
216.144.248.23 - - [21/Jul/2025:07:00:09 +1000] "HEAD / HTTP/1.1" 200 0 "https://awaydigitalteams.com/" "Mozilla/5.0+(compatible; UptimeRobot/2.0; http://www.uptimerobot.com/)"
3.212.128.62 - - [21/Jul/2025:07:00:14 +1000] "HEAD / HTTP/1.1" 200 0 "https://awaydigitalteams.com/" "Mozilla/5.0+(compatible; UptimeRobot/2.0; http://www.uptimerobot.com/)"
216.144.248.24 - - [21/Jul/2025:07:00:44 +1000] "HEAD / HTTP/1.1" 200 0 "https://awaydigitalteams.com" "Mozilla/5.0+(compatible; UptimeRobot/2.0; http://www.uptimerobot.com/)"
172.104.181.25 - - [21/Jul/2025:07:01:59 +1000] "GET / HTTP/2" 200 119988 "-" "Better Uptime Bot Mozilla/5.0 (Windows NT 10.0; Win64; x64) AppleWebKit/537.36 (KHTML, like Gecko) Chrome/74.0.3729.169 Safari/537.36"
216.144.248.29 - - [21/Jul/2025:07:03:36 +1000] "HEAD / HTTP/1.1" 200 0 "https://awaydigitalteams.com/" "Mozilla/5.0+(compatible; UptimeRobot/2.0; http://www.uptimerobot.com/)"
66.249.66.195 - - [21/Jul/2025:07:03:43 +1000] "GET /blog/offshore-development-center-meaning/ HTTP/1.1" 200 119418 "-" "Mozilla/5.0 (Linux; Android 6.0.1; Nexus 5X Build/MMB29P) AppleWebKit/537.36 (KHTML, like Gecko) Chrome/137.0.7151.103 Mobile Safari/537.36 (compatible; Googlebot/2.1; +http://www.google.com/bot.html)"
51.8.155.71 - - [21/Jul/2025:07:03:53 +1000] "GET / HTTP/2" 200 119988 "-" "Mozilla/5.0 AppleWebKit/537.36 (KHTML, like Gecko); compatible; ChatGPT-User/1.0; +https://openai.com/bot"
51.8.155.71 - - [21/Jul/2025:07:03:53 +1000] "GET /blog/what-does-a-graphic-designer-do/ HTTP/2" 200 117730 "-" "Mozilla/5.0 AppleWebKit/537.36 (KHTML, like Gecko); compatible; ChatGPT-User/1.0; +https://openai.com/bot"
108.61.201.55 - - [21/Jul/2025:07:03:59 +1000] "HEAD / HTTP/2" 200 0 "-" "downnotifier.com monitoring"
66.249.66.194 - - [21/Jul/2025:07:04:08 +1000] "GET /our-services/ux-ui-designer/ HTTP/1.1" 200 117749 "-" "Mozilla/5.0 (Linux; Android 6.0.1; Nexus 5X Build/MMB29P) AppleWebKit/537.36 (KHTML, like Gecko) Chrome/137.0.7151.103 Mobile Safari/537.36 (compatible; Googlebot/2.1; +http://www.google.com/bot.html)"
139.59.109.12 - - [21/Jul/2025:07:04:10 +1000] "HEAD / HTTP/2" 200 0 "-" "downnotifier.com monitoring"
66.249.66.194 - - [21/Jul/2025:07:04:39 +1000] "GET /blog/ HTTP/1.1" 200 111533 "-" "Mozilla/5.0 (compatible; Googlebot/2.1; +http://www.google.com/bot.html)"
69.164.207.190 - - [21/Jul/2025:07:05:00 +1000] "GET / HTTP/2" 200 119988 "-" "Better Uptime Bot Mozilla/5.0 (Windows NT 10.0; Win64; x64) AppleWebKit/537.36 (KHTML, like Gecko) Chrome/74.0.3729.169 Safari/537.36"
216.144.248.22 - - [21/Jul/2025:07:05:18 +1000] "HEAD / HTTP/1.1" 200 0 "https://awaydigitalteams.com/" "Mozilla/5.0+(compatible; UptimeRobot/2.0; http://www.uptimerobot.com/)"
216.144.248.21 - - [21/Jul/2025:07:06:08 +1000] "HEAD / HTTP/1.1" 200 0 "https://awaydigitalteams.com/" "Mozilla/5.0+(compatible; UptimeRobot/2.0; http://www.uptimerobot.com/)"
216.144.248.24 - - [21/Jul/2025:07:06:44 +1000] "HEAD / HTTP/1.1" 200 0 "https://awaydigitalteams.com" "Mozilla/5.0+(compatible; UptimeRobot/2.0; http://www.uptimerobot.com/)"
66.249.66.196 - - [21/Jul/2025:07:07:26 +1000] "GET /blog/talent-acquisition-specialist-pay/ HTTP/1.1" 200 121218 "-" "Mozilla/5.0 (Linux; Android 6.0.1; Nexus 5X Build/MMB29P) AppleWebKit/537.36 (KHTML, like Gecko) Chrome/137.0.7151.103 Mobile Safari/537.36 (compatible; Googlebot/2.1; +http://www.google.com/bot.html)"
27.131.110.181 - - [21/Jul/2025:07:07:28 +1000] "POST /wp-cron.php?doing_wp_cron=1753045648.3867340087890625000000 HTTP/1.1" 200 0 "-" "WordPress/6.7; https://awaydigitalteams.com"
114.119.151.89 - - [21/Jul/2025:07:07:26 +1000] "GET /our-services/software-development-outsiurcing-companies/ HTTP/1.1" 301 30 "https://awaydigitalteams.com/our-services/accounting-outsourcing-solutions/" "Mozilla/5.0 (Linux; Android 7.0;) AppleWebKit/537.36 (KHTML, like Gecko) Mobile Safari/537.36 (compatible; PetalBot;+https://webmaster.petalsearch.com/site/petalbot)"
114.119.151.89 - - [21/Jul/2025:07:07:28 +1000] "GET / HTTP/1.1" 200 119877 "https://awaydigitalteams.com/our-services/accounting-outsourcing-solutions/" "Mozilla/5.0 (Linux; Android 7.0;) AppleWebKit/537.36 (KHTML, like Gecko) Mobile Safari/537.36 (compatible; PetalBot;+https://webmaster.petalsearch.com/site/petalbot)"
168.119.178.203 - - [21/Jul/2025:07:08:00 +1000] "GET / HTTP/2" 200 119988 "-" "Better Uptime Bot Mozilla/5.0 (Windows NT 10.0; Win64; x64) AppleWebKit/537.36 (KHTML, like Gecko) Chrome/74.0.3729.169 Safari/537.36"
66.249.66.194 - - [21/Jul/2025:07:08:15 +1000] "GET /blog/access-to-highly-skilled-talent-why-vietnam-is-a-top-choice-for-outsourcing-in-2025/ HTTP/1.1" 200 114977 "-" "Mozilla/5.0 (Linux; Android 6.0.1; Nexus 5X Build/MMB29P) AppleWebKit/537.36 (KHTML, like Gecko) Chrome/137.0.7151.103 Mobile Safari/537.36 (compatible; Googlebot/2.1; +http://www.google.com/bot.html)"
216.144.248.19 - - [21/Jul/2025:07:08:39 +1000] "HEAD / HTTP/1.1" 200 0 "https://awaydigitalteams.com/" "Mozilla/5.0+(compatible; UptimeRobot/2.0; http://www.uptimerobot.com/)"
66.249.66.195 - - [21/Jul/2025:07:08:51 +1000] "GET /blog/australian-values-global-reach-outsourcing-customer-service-for-a-seamless-experience/ HTTP/1.1" 200 115084 "-" "GoogleOther"
66.249.66.194 - - [21/Jul/2025:07:08:53 +1000] "HEAD /blog/australian-values-global-reach-outsourcing-customer-service-for-a-seamless-experience/ HTTP/1.1" 200 0 "https://awaydigitalteams.com/blog/australian-values-global-reach-outsourcing-customer-service-for-a-seamless-experience/" "GoogleOther"
52.34.76.202 - - [21/Jul/2025:07:09:49 +1000] "GET /blog/global-outsourcing/ HTTP/1.1" 200 123684 "https://www.bing.com/" "Mozilla/5.0 (Windows NT 10.0; Win64; x64) AppleWebKit/537.36 (KHTML, like Gecko) Chrome/116.0.0.0 Safari/537.36"
194.195.253.114 - - [21/Jul/2025:07:10:59 +1000] "GET / HTTP/2" 200 119988 "-" "Better Uptime Bot Mozilla/5.0 (Windows NT 10.0; Win64; x64) AppleWebKit/537.36 (KHTML, like Gecko) Chrome/74.0.3729.169 Safari/537.36"
181.196.14.157 - - [21/Jul/2025:07:11:01 +1000] "GET /blog/what-does-a-graphic-designer-do/ HTTP/2" 200 100226 "https://www.google.com/" "Mozilla/5.0 (Windows NT 10.0; Win64; x64) AppleWebKit/537.36 (KHTML, like Gecko) Chrome/138.0.0.0 Safari/537.36"
181.196.14.157 - - [21/Jul/2025:07:11:04 +1000] "GET /our-services/graphic-designer/ HTTP/2" 200 117787 "https://awaydigitalteams.com/blog/what-does-a-graphic-designer-do/" "Mozilla/5.0 (Windows NT 10.0; Win64; x64) AppleWebKit/537.36 (KHTML, like Gecko) Chrome/138.0.0.0 Safari/537.36"
27.131.110.181 - - [21/Jul/2025:07:11:06 +1000] "POST /wp-cron.php?doing_wp_cron=1753045866.8534169197082519531250 HTTP/1.1" 200 0 "-" "WordPress/6.7; https://awaydigitalteams.com"
181.196.14.157 - - [21/Jul/2025:07:11:05 +1000] "POST /wp-json/wordpress-popular-posts/v2/views/6086 HTTP/2" 201 54 "https://awaydigitalteams.com/blog/what-does-a-graphic-designer-do/" "Mozilla/5.0 (Windows NT 10.0; Win64; x64) AppleWebKit/537.36 (KHTML, like Gecko) Chrome/138.0.0.0 Safari/537.36"
181.196.14.157 - - [21/Jul/2025:07:11:07 +1000] "GET /wp-json/contact-form-7/v1/contact-forms/1746/feedback/schema HTTP/2" 200 724 "https://awaydigitalteams.com/blog/what-does-a-graphic-designer-do/" "Mozilla/5.0 (Windows NT 10.0; Win64; x64) AppleWebKit/537.36 (KHTML, like Gecko) Chrome/138.0.0.0 Safari/537.36"
181.196.14.157 - - [21/Jul/2025:07:11:07 +1000] "GET /wp-includes/js/wp-emoji-release.min.js?ver=2740d675ea275477d4c24cf3b0557345 HTTP/2" 200 4676 "https://awaydigitalteams.com/blog/what-does-a-graphic-designer-do/" "Mozilla/5.0 (Windows NT 10.0; Win64; x64) AppleWebKit/537.36 (KHTML, like Gecko) Chrome/138.0.0.0 Safari/537.36"
27.131.110.181 - - [21/Jul/2025:07:11:07 +1000] "POST /wp-cron.php?doing_wp_cron=1753045867.8932690620422363281250 HTTP/1.1" 200 0 "-" "WordPress/6.7; https://awaydigitalteams.com"
181.196.14.157 - - [21/Jul/2025:07:11:06 +1000] "POST /?ob=open-bridge/events HTTP/2" 200 0 "https://awaydigitalteams.com/blog/what-does-a-graphic-designer-do/" "Mozilla/5.0 (Windows NT 10.0; Win64; x64) AppleWebKit/537.36 (KHTML, like Gecko) Chrome/138.0.0.0 Safari/537.36"
181.196.14.157 - - [21/Jul/2025:07:11:07 +1000] "POST /wp-admin/admin-ajax.php HTTP/2" 200 5 "https://awaydigitalteams.com/blog/what-does-a-graphic-designer-do/" "Mozilla/5.0 (Windows NT 10.0; Win64; x64) AppleWebKit/537.36 (KHTML, like Gecko) Chrome/138.0.0.0 Safari/537.36"
181.196.14.157 - - [21/Jul/2025:07:11:10 +1000] "GET /wp-json/contact-form-7/v1/contact-forms/1746/refill HTTP/2" 200 2 "https://awaydigitalteams.com/blog/what-does-a-graphic-designer-do/" "Mozilla/5.0 (Windows NT 10.0; Win64; x64) AppleWebKit/537.36 (KHTML, like Gecko) Chrome/138.0.0.0 Safari/537.36"
181.196.14.157 - - [21/Jul/2025:07:11:07 +1000] "POST /wp-admin/admin-ajax.php HTTP/2" 200 40 "https://awaydigitalteams.com/blog/what-does-a-graphic-designer-do/" "Mozilla/5.0 (Windows NT 10.0; Win64; x64) AppleWebKit/537.36 (KHTML, like Gecko) Chrome/138.0.0.0 Safari/537.36"
66.249.92.194 - - [21/Jul/2025:07:11:09 +1000] "GET /our-services/outsourced-software-testing-services/?utm_source=google&utm_medium=cpc&utm_campaign=it&gclid=gtm_5ykoVA8kZX6QHSdEnwAhU0v6GZyg&gbraid=gtm_5ykoVA8kZX6QHSdEnwAhU0v6GZyg&wbraid=gtm_5ykoVA8kZX6QHSdEnwAhU0v6GZyg HTTP/1.1" 200 117997 "-" "Mozilla/5.0 (Linux; Android 6.0.1; Nexus 5X Build/MMB29P) AppleWebKit/537.36 (KHTML, like Gecko) Chrome/137.0.7151.103 Mobile Safari/537.36 (compatible; AdsBot-Google-Mobile; +http://www.google.com/mobile/adsbot.html)"
216.144.248.30 - - [21/Jul/2025:07:11:12 +1000] "HEAD / HTTP/1.1" 200 0 "https://awaydigitalteams.com/" "Mozilla/5.0+(compatible; UptimeRobot/2.0; http://www.uptimerobot.com/)"
216.144.248.30 - - [21/Jul/2025:07:11:17 +1000] "HEAD / HTTP/1.1" 200 0 "https://awaydigitalteams.com/" "Mozilla/5.0+(compatible; UptimeRobot/2.0; http://www.uptimerobot.com/)"
216.144.248.22 - - [21/Jul/2025:07:11:48 +1000] "HEAD / HTTP/1.1" 200 0 "https://awaydigitalteams.com" "Mozilla/5.0+(compatible; UptimeRobot/2.0; http://www.uptimerobot.com/)"
66.249.66.194 - - [21/Jul/2025:07:12:22 +1000] "GET /our-services/outsourcing-administration-function/ HTTP/1.1" 200 117378 "-" "Mozilla/5.0 (Linux; Android 6.0.1; Nexus 5X Build/MMB29P) AppleWebKit/537.36 (KHTML, like Gecko) Chrome/137.0.7151.103 Mobile Safari/537.36 (compatible; Googlebot/2.1; +http://www.google.com/bot.html)"
216.144.248.22 - - [21/Jul/2025:07:13:42 +1000] "HEAD / HTTP/1.1" 200 0 "https://awaydigitalteams.com/" "Mozilla/5.0+(compatible; UptimeRobot/2.0; http://www.uptimerobot.com/)"
139.59.109.12 - - [21/Jul/2025:07:13:58 +1000] "HEAD / HTTP/2" 200 0 "-" "downnotifier.com monitoring"
139.162.215.113 - - [21/Jul/2025:07:14:00 +1000] "GET / HTTP/2" 200 119988 "-" "Better Uptime Bot Mozilla/5.0 (Windows NT 10.0; Win64; x64) AppleWebKit/537.36 (KHTML, like Gecko) Chrome/74.0.3729.169 Safari/537.36"
104.239.105.28 - - [21/Jul/2025:07:14:03 +1000] "GET /blog/the-significance-of-outsourcing-devops-in-any-scale/ HTTP/1.1" 200 112898 "-" "Mozilla/5.0 (Macintosh; Intel Mac OS X 10_15_7) AppleWebKit/537.36 (KHTML, like Gecko) Chrome/131.0.0.0 Safari/537.36"
108.61.201.55 - - [21/Jul/2025:07:14:08 +1000] "HEAD / HTTP/2" 200 0 "-" "downnotifier.com monitoring"
20.191.45.212 - - [21/Jul/2025:07:14:18 +1000] "GET / HTTP/1.1" 200 119988 "https://awaydigitalteams.com/" "DuckDuckBot/1.1; (+http://duckduckgo.com/duckduckbot.html)"
66.249.66.194 - - [21/Jul/2025:07:16:05 +1000] "GET /technology-outsourcing-2/ HTTP/1.1" 200 116567 "-" "GoogleOther"
66.249.66.196 - - [21/Jul/2025:07:16:08 +1000] "HEAD /technology-outsourcing-2/ HTTP/1.1" 200 0 "https://awaydigitalteams.com/technology-outsourcing-2/" "GoogleOther"
216.144.248.28 - - [21/Jul/2025:07:16:16 +1000] "HEAD / HTTP/1.1" 200 0 "https://awaydigitalteams.com/" "Mozilla/5.0+(compatible; UptimeRobot/2.0; http://www.uptimerobot.com/)"
216.144.248.29 - - [21/Jul/2025:07:16:52 +1000] "HEAD / HTTP/1.1" 200 0 "https://awaydigitalteams.com" "Mozilla/5.0+(compatible; UptimeRobot/2.0; http://www.uptimerobot.com/)"
168.119.178.203 - - [21/Jul/2025:07:17:00 +1000] "GET / HTTP/2" 200 119988 "-" "Better Uptime Bot Mozilla/5.0 (Windows NT 10.0; Win64; x64) AppleWebKit/537.36 (KHTML, like Gecko) Chrome/74.0.3729.169 Safari/537.36"
216.144.248.26 - - [21/Jul/2025:07:17:38 +1000] "HEAD / HTTP/1.1" 200 0 "https://awaydigitalteams.com/" "Mozilla/5.0+(compatible; UptimeRobot/2.0; http://www.uptimerobot.com/)"
216.144.248.28 - - [21/Jul/2025:07:18:46 +1000] "HEAD / HTTP/1.1" 200 0 "https://awaydigitalteams.com/" "Mozilla/5.0+(compatible; UptimeRobot/2.0; http://www.uptimerobot.com/)"
66.249.66.195 - - [21/Jul/2025:07:18:58 +1000] "GET /our-services/data-engineer-outsourcing/ HTTP/1.1" 200 117913 "-" "Mozilla/5.0 (Linux; Android 6.0.1; Nexus 5X Build/MMB29P) AppleWebKit/537.36 (KHTML, like Gecko) Chrome/137.0.7151.103 Mobile Safari/537.36 (compatible; Googlebot/2.1; +http://www.google.com/bot.html)"
66.228.56.140 - - [21/Jul/2025:07:20:01 +1000] "GET / HTTP/2" 200 98250 "-" "Better Uptime Bot Mozilla/5.0 (Windows NT 10.0; Win64; x64) AppleWebKit/537.36 (KHTML, like Gecko) Chrome/74.0.3729.169 Safari/537.36"
216.144.248.28 - - [21/Jul/2025:07:21:19 +1000] "HEAD / HTTP/1.1" 200 0 "https://awaydigitalteams.com/" "Mozilla/5.0+(compatible; UptimeRobot/2.0; http://www.uptimerobot.com/)"
66.249.66.195 - - [21/Jul/2025:07:22:15 +1000] "GET /blog/it-outsourcing-in-a-nutshell/ HTTP/1.1" 200 115047 "-" "Mozilla/5.0 (Linux; Android 6.0.1; Nexus 5X Build/MMB29P) AppleWebKit/537.36 (KHTML, like Gecko) Chrome/137.0.7151.103 Mobile Safari/537.36 (compatible; Googlebot/2.1; +http://www.google.com/bot.html)"
216.144.248.21 - - [21/Jul/2025:07:22:43 +1000] "HEAD / HTTP/1.1" 200 0 "https://awaydigitalteams.com/" "Mozilla/5.0+(compatible; UptimeRobot/2.0; http://www.uptimerobot.com/)"
216.144.248.27 - - [21/Jul/2025:07:22:51 +1000] "HEAD / HTTP/1.1" 200 0 "https://awaydigitalteams.com" "Mozilla/5.0+(compatible; UptimeRobot/2.0; http://www.uptimerobot.com/)"
139.162.58.253 - - [21/Jul/2025:07:22:59 +1000] "GET / HTTP/2" 200 98250 "-" "Better Uptime Bot Mozilla/5.0 (Windows NT 10.0; Win64; x64) AppleWebKit/537.36 (KHTML, like Gecko) Chrome/74.0.3729.169 Safari/537.36"
216.144.248.23 - - [21/Jul/2025:07:23:53 +1000] "HEAD / HTTP/1.1" 200 0 "https://awaydigitalteams.com/" "Mozilla/5.0+(compatible; UptimeRobot/2.0; http://www.uptimerobot.com/)"
108.61.201.55 - - [21/Jul/2025:07:23:59 +1000] "HEAD / HTTP/2" 200 0 "-" "downnotifier.com monitoring"
139.59.109.12 - - [21/Jul/2025:07:24:07 +1000] "HEAD / HTTP/2" 200 0 "-" "downnotifier.com monitoring"
139.162.58.253 - - [21/Jul/2025:07:25:59 +1000] "GET / HTTP/2" 200 98250 "-" "Better Uptime Bot Mozilla/5.0 (Windows NT 10.0; Win64; x64) AppleWebKit/537.36 (KHTML, like Gecko) Chrome/74.0.3729.169 Safari/537.36"
216.144.248.25 - - [21/Jul/2025:07:26:23 +1000] "HEAD / HTTP/1.1" 200 0 "https://awaydigitalteams.com/" "Mozilla/5.0+(compatible; UptimeRobot/2.0; http://www.uptimerobot.com/)"
114.119.146.4 - - [21/Jul/2025:07:26:30 +1000] "GET /blog/outsourcing-it-services-to-vietnam/ HTTP/1.1" 301 30 "https://awaydigitalteams.com/blog/exploring-the-pros-and-cons-of-outsourcing-a-strategic-move-for-australian-businesses/" "Mozilla/5.0 (Linux; Android 7.0;) AppleWebKit/537.36 (KHTML, like Gecko) Mobile Safari/537.36 (compatible; PetalBot;+https://webmaster.petalsearch.com/site/petalbot)"
27.131.110.181 - - [21/Jul/2025:07:26:32 +1000] "POST /wp-cron.php?doing_wp_cron=1753046792.2642800807952880859375 HTTP/1.1" 200 0 "-" "WordPress/6.7; https://awaydigitalteams.com"
114.119.146.4 - - [21/Jul/2025:07:26:33 +1000] "GET / HTTP/1.1" 200 119877 "https://awaydigitalteams.com/blog/exploring-the-pros-and-cons-of-outsourcing-a-strategic-move-for-australian-businesses/" "Mozilla/5.0 (Linux; Android 7.0;) AppleWebKit/537.36 (KHTML, like Gecko) Mobile Safari/537.36 (compatible; PetalBot;+https://webmaster.petalsearch.com/site/petalbot)"
66.249.66.194 - - [21/Jul/2025:07:27:12 +1000] "GET /vietnam-outsourcing/ HTTP/1.1" 200 116882 "-" "Mozilla/5.0 (Linux; Android 6.0.1; Nexus 5X Build/MMB29P) AppleWebKit/537.36 (KHTML, like Gecko) Chrome/137.0.7151.103 Mobile Safari/537.36 (compatible; Googlebot/2.1; +http://www.google.com/bot.html)"
216.144.248.18 - - [21/Jul/2025:07:27:46 +1000] "HEAD / HTTP/1.1" 200 0 "https://awaydigitalteams.com/" "Mozilla/5.0+(compatible; UptimeRobot/2.0; http://www.uptimerobot.com/)"
216.144.248.29 - - [21/Jul/2025:07:28:48 +1000] "HEAD / HTTP/1.1" 200 0 "https://awaydigitalteams.com" "Mozilla/5.0+(compatible; UptimeRobot/2.0; http://www.uptimerobot.com/)"
139.162.58.253 - - [21/Jul/2025:07:28:59 +1000] "GET / HTTP/2" 200 98250 "-" "Better Uptime Bot Mozilla/5.0 (Windows NT 10.0; Win64; x64) AppleWebKit/537.36 (KHTML, like Gecko) Chrome/74.0.3729.169 Safari/537.36"
216.144.248.29 - - [21/Jul/2025:07:29:49 +1000] "HEAD / HTTP/1.1" 200 0 "https://awaydigitalteams.com/" "Mozilla/5.0+(compatible; UptimeRobot/2.0; http://www.uptimerobot.com/)"
66.249.66.194 - - [21/Jul/2025:07:30:29 +1000] "GET /our-services/customer-support-function/ HTTP/1.1" 200 118865 "-" "Mozilla/5.0 (Linux; Android 6.0.1; Nexus 5X Build/MMB29P) AppleWebKit/537.36 (KHTML, like Gecko) Chrome/137.0.7151.103 Mobile Safari/537.36 (compatible; Googlebot/2.1; +http://www.google.com/bot.html)"
216.144.248.29 - - [21/Jul/2025:07:31:27 +1000] "HEAD / HTTP/1.1" 200 0 "https://awaydigitalteams.com/" "Mozilla/5.0+(compatible; UptimeRobot/2.0; http://www.uptimerobot.com/)"
66.228.56.140 - - [21/Jul/2025:07:32:00 +1000] "GET / HTTP/2" 200 119988 "-" "Better Uptime Bot Mozilla/5.0 (Windows NT 10.0; Win64; x64) AppleWebKit/537.36 (KHTML, like Gecko) Chrome/74.0.3729.169 Safari/537.36"
216.144.248.22 - - [21/Jul/2025:07:32:50 +1000] "HEAD / HTTP/1.1" 200 0 "https://awaydigitalteams.com/" "Mozilla/5.0+(compatible; UptimeRobot/2.0; http://www.uptimerobot.com/)"
216.144.248.29 - - [21/Jul/2025:07:33:52 +1000] "HEAD / HTTP/1.1" 200 0 "https://awaydigitalteams.com" "Mozilla/5.0+(compatible; UptimeRobot/2.0; http://www.uptimerobot.com/)"
139.59.109.12 - - [21/Jul/2025:07:33:58 +1000] "HEAD / HTTP/2" 200 0 "-" "downnotifier.com monitoring"
108.61.201.55 - - [21/Jul/2025:07:34:05 +1000] "HEAD / HTTP/2" 200 0 "-" "downnotifier.com monitoring"
216.244.66.200 - - [21/Jul/2025:07:34:46 +1000] "GET /robots.txt HTTP/1.1" 200 274 "-" "Mozilla/5.0 (compatible; DotBot/1.2; +https://opensiteexplorer.org/dotbot; help@moz.com)"
66.228.53.233 - - [21/Jul/2025:07:35:00 +1000] "GET / HTTP/2" 200 119988 "-" "Better Uptime Bot Mozilla/5.0 (Windows NT 10.0; Win64; x64) AppleWebKit/537.36 (KHTML, like Gecko) Chrome/74.0.3729.169 Safari/537.36"
40.77.167.57 - - [21/Jul/2025:07:36:19 +1000] "GET /blog/english-language-proficiency-and-the-education-system-in-vietnam/ HTTP/2" 200 115650 "-" "Mozilla/5.0 AppleWebKit/537.36 (KHTML, like Gecko; compatible; bingbot/2.0; +http://www.bing.com/bingbot.htm) Chrome/116.0.1938.76 Safari/537.36"
34.198.201.66 - - [21/Jul/2025:07:36:41 +1000] "HEAD / HTTP/1.1" 200 0 "https://awaydigitalteams.com/" "Mozilla/5.0+(compatible; UptimeRobot/2.0; http://www.uptimerobot.com/)"
216.144.248.25 - - [21/Jul/2025:07:37:26 +1000] "HEAD / HTTP/1.1" 200 0 "https://awaydigitalteams.com/" "Mozilla/5.0+(compatible; UptimeRobot/2.0; http://www.uptimerobot.com/)"
52.52.40.184 - - [21/Jul/2025:07:37:37 +1000] "GET /about-us/ HTTP/2" 200 108996 "-" "Mozilla/5.0 (Windows NT 10.0; Win64; x64) AppleWebKit/537.36 (KHTML, like Gecko) Chrome/131.0.0.0 Safari/537.36s"
139.162.121.238 - - [21/Jul/2025:07:38:01 +1000] "GET / HTTP/2" 200 98250 "-" "Better Uptime Bot Mozilla/5.0 (Windows NT 10.0; Win64; x64) AppleWebKit/537.36 (KHTML, like Gecko) Chrome/74.0.3729.169 Safari/537.36"
216.144.248.24 - - [21/Jul/2025:07:38:56 +1000] "HEAD / HTTP/1.1" 200 0 "https://awaydigitalteams.com" "Mozilla/5.0+(compatible; UptimeRobot/2.0; http://www.uptimerobot.com/)"
3.20.63.178 - - [21/Jul/2025:07:39:41 +1000] "HEAD / HTTP/1.1" 200 0 "https://awaydigitalteams.com/" "Mozilla/5.0+(compatible; UptimeRobot/2.0; http://www.uptimerobot.com/)"
27.131.110.181 - - [21/Jul/2025:07:40:10 +1000] "GET /?nitroHealthcheck=1 HTTP/1.1" 200 27 "-" "-"
34.147.203.208 - - [21/Jul/2025:07:40:09 +1000] "GET /?ignorenitro=NkLEXDQEbW&nitroWebhook=config&token=75d85c80e82f009c6e59808f5ce9badc HTTP/1.1" 200 38 "-" "Mozilla/5.0 (Macintosh; Intel Mac OS X 13_3) AppleWebKit/537.36 (KHTML, like Gecko) Chrome/112.0.0.0 Safari/537.36 Nitro-Webhook-Agent"
34.147.203.208 - - [21/Jul/2025:07:40:11 +1000] "GET / HTTP/1.1" 200 65536 "-" "Mozilla/5.0 (Macintosh; Intel Mac OS X 13_3) AppleWebKit/537.36 (KHTML, like Gecko) Chrome/112.0.0.0 Safari/537.36 Nitro-Webhook-Agent"
34.147.203.208 - - [21/Jul/2025:07:40:11 +1000] "GET / HTTP/1.1" 200 97346 "-" "Mozilla/5.0 (Macintosh; Intel Mac OS X 13_3) AppleWebKit/537.36 (KHTML, like Gecko) Chrome/112.0.0.0 Safari/537.36 Nitro-Webhook-Agent"
194.195.253.114 - - [21/Jul/2025:07:40:59 +1000] "GET / HTTP/2" 200 119988 "-" "Better Uptime Bot Mozilla/5.0 (Windows NT 10.0; Win64; x64) AppleWebKit/537.36 (KHTML, like Gecko) Chrome/74.0.3729.169 Safari/537.36"
216.144.248.22 - - [21/Jul/2025:07:41:45 +1000] "HEAD / HTTP/1.1" 200 0 "https://awaydigitalteams.com/" "Mozilla/5.0+(compatible; UptimeRobot/2.0; http://www.uptimerobot.com/)"
103.131.71.236 - - [21/Jul/2025:07:42:13 +1000] "GET /robots.txt HTTP/1.1" 200 274 "-" "Mozilla/5.0 (compatible; coccocbot-web/1.0; +http://help.coccoc.com/searchengine)"
103.131.71.95 - - [21/Jul/2025:07:42:16 +1000] "GET / HTTP/1.1" 200 119988 "-" "Mozilla/5.0 (compatible; coccocbot-web/1.0; +http://help.coccoc.com/searchengine)"
103.131.71.95 - - [21/Jul/2025:07:42:18 +1000] "GET /contact/ HTTP/1.1" 200 107379 "-" "Mozilla/5.0 (compatible; coccocbot-web/1.0; +http://help.coccoc.com/searchengine)"
52.167.144.179 - - [21/Jul/2025:07:42:23 +1000] "GET /blog/outsource-web-development-to-vietnam-a-complete-guide/ HTTP/2" 200 115090 "-" "Mozilla/5.0 AppleWebKit/537.36 (KHTML, like Gecko; compatible; bingbot/2.0; +http://www.bing.com/bingbot.htm) Chrome/116.0.1938.76 Safari/537.36"
216.144.248.28 - - [21/Jul/2025:07:42:29 +1000] "HEAD / HTTP/1.1" 200 0 "https://awaydigitalteams.com/" "Mozilla/5.0+(compatible; UptimeRobot/2.0; http://www.uptimerobot.com/)"
27.131.110.181 - - [21/Jul/2025:07:42:52 +1000] "POST /wp-cron.php?doing_wp_cron=1753047772.7309160232543945312500 HTTP/1.1" 200 0 "-" "WordPress/6.7; https://awaydigitalteams.com"
216.244.66.200 - - [21/Jul/2025:07:42:50 +1000] "GET /blog/page/17/ HTTP/1.1" 301 10 "-" "Mozilla/5.0 (compatible; DotBot/1.2; +https://opensiteexplorer.org/dotbot; help@moz.com)"
27.131.110.181 - - [21/Jul/2025:07:43:10 +1000] "POST /wp-cron.php?doing_wp_cron=1753047790.8081490993499755859375 HTTP/1.1" 200 0 "-" "WordPress/6.7; https://awaydigitalteams.com"
66.249.66.194 - - [21/Jul/2025:07:43:09 +1000] "GET /blog/6-issues-to-consider-before-outsourcing-your-software-development/ HTTP/1.1" 301 14 "-" "GoogleOther"
66.249.66.196 - - [21/Jul/2025:07:43:11 +1000] "GET / HTTP/1.1" 200 102365 "-" "GoogleOther"
66.249.66.195 - - [21/Jul/2025:07:43:13 +1000] "HEAD / HTTP/1.1" 200 0 "https://awaydigitalteams.com/" "GoogleOther"
52.167.144.191 - - [21/Jul/2025:07:43:19 +1000] "GET /blog/top-3-tips-for-leaders-running-remote-teams/ HTTP/2" 301 14 "-" "Mozilla/5.0 AppleWebKit/537.36 (KHTML, like Gecko; compatible; bingbot/2.0; +http://www.bing.com/bingbot.htm) Chrome/116.0.1938.76 Safari/537.36"
108.61.201.55 - - [21/Jul/2025:07:43:56 +1000] "HEAD / HTTP/2" 200 0 "-" "downnotifier.com monitoring"
139.162.121.226 - - [21/Jul/2025:07:44:00 +1000] "GET / HTTP/2" 200 119988 "-" "Better Uptime Bot Mozilla/5.0 (Windows NT 10.0; Win64; x64) AppleWebKit/537.36 (KHTML, like Gecko) Chrome/74.0.3729.169 Safari/537.36"
216.144.248.24 - - [21/Jul/2025:07:44:02 +1000] "HEAD / HTTP/1.1" 200 0 "https://awaydigitalteams.com" "Mozilla/5.0+(compatible; UptimeRobot/2.0; http://www.uptimerobot.com/)"
139.59.109.12 - - [21/Jul/2025:07:44:03 +1000] "HEAD / HTTP/2" 200 0 "-" "downnotifier.com monitoring"
66.249.66.194 - - [21/Jul/2025:07:44:19 +1000] "GET /blog/choose-the-perfect-offshore-ecommerce-developers/ HTTP/1.1" 200 114895 "-" "Mozilla/5.0 (Linux; Android 6.0.1; Nexus 5X Build/MMB29P) AppleWebKit/537.36 (KHTML, like Gecko) Chrome/138.0.7204.157 Mobile Safari/537.36 (compatible; Googlebot/2.1; +http://www.google.com/bot.html)"
66.249.66.194 - - [21/Jul/2025:07:44:23 +1000] "GET /blog/global-companies-are-thriving-with-vietnam-teams/ HTTP/1.1" 200 115618 "-" "Mozilla/5.0 (Linux; Android 6.0.1; Nexus 5X Build/MMB29P) AppleWebKit/537.36 (KHTML, like Gecko) Chrome/138.0.7204.157 Mobile Safari/537.36 (compatible; Googlebot/2.1; +http://www.google.com/bot.html)"
66.249.66.195 - - [21/Jul/2025:07:44:27 +1000] "GET /blog/what-does-a-graphic-designer-do/feed/ HTTP/1.1" 302 77 "-" "Mozilla/5.0 (Linux; Android 6.0.1; Nexus 5X Build/MMB29P) AppleWebKit/537.36 (KHTML, like Gecko) Chrome/138.0.7204.157 Mobile Safari/537.36 (compatible; Googlebot/2.1; +http://www.google.com/bot.html)"
27.131.110.181 - - [21/Jul/2025:07:44:28 +1000] "POST /wp-cron.php?doing_wp_cron=1753047868.4501380920410156250000 HTTP/1.1" 200 0 "-" "WordPress/6.7; https://awaydigitalteams.com"
216.144.248.19 - - [21/Jul/2025:07:44:45 +1000] "HEAD / HTTP/1.1" 200 0 "https://awaydigitalteams.com/" "Mozilla/5.0+(compatible; UptimeRobot/2.0; http://www.uptimerobot.com/)"
216.244.66.200 - - [21/Jul/2025:07:44:36 +1000] "GET /blog/unlocking-potential-outsourcing-for-scaleups/ HTTP/1.1" 200 720896 "-" "Mozilla/5.0 (compatible; DotBot/1.2; +https://opensiteexplorer.org/dotbot; help@moz.com)"
216.144.248.22 - - [21/Jul/2025:07:46:47 +1000] "HEAD / HTTP/1.1" 200 0 "https://awaydigitalteams.com/" "Mozilla/5.0+(compatible; UptimeRobot/2.0; http://www.uptimerobot.com/)"
139.162.215.113 - - [21/Jul/2025:07:46:59 +1000] "GET / HTTP/2" 200 119988 "-" "Better Uptime Bot Mozilla/5.0 (Windows NT 10.0; Win64; x64) AppleWebKit/537.36 (KHTML, like Gecko) Chrome/74.0.3729.169 Safari/537.36"
216.144.248.27 - - [21/Jul/2025:07:47:34 +1000] "HEAD / HTTP/1.1" 200 0 "https://awaydigitalteams.com/" "Mozilla/5.0+(compatible; UptimeRobot/2.0; http://www.uptimerobot.com/)"
216.144.248.24 - - [21/Jul/2025:07:49:05 +1000] "HEAD / HTTP/1.1" 200 0 "https://awaydigitalteams.com" "Mozilla/5.0+(compatible; UptimeRobot/2.0; http://www.uptimerobot.com/)"
216.144.248.19 - - [21/Jul/2025:07:49:47 +1000] "HEAD / HTTP/1.1" 200 0 "https://awaydigitalteams.com/" "Mozilla/5.0+(compatible; UptimeRobot/2.0; http://www.uptimerobot.com/)"
139.162.215.114 - - [21/Jul/2025:07:50:03 +1000] "GET / HTTP/2" 200 119988 "-" "Better Uptime Bot Mozilla/5.0 (Windows NT 10.0; Win64; x64) AppleWebKit/537.36 (KHTML, like Gecko) Chrome/74.0.3729.169 Safari/537.36"
142.132.248.24 - - [21/Jul/2025:07:50:29 +1000] "GET / HTTP/1.1" 200 119877 "http://awaydigitalteams.com/" "Mozilla/5.0 (Android 15; Mobile; rv:68.0) Gecko/68.0 Firefox/137.0"
142.132.248.24 - - [21/Jul/2025:07:50:31 +1000] "GET /about-us/ HTTP/1.1" 200 109063 "https://awaydigitalteams.com/" "Mozilla/5.0 (Android 15; Mobile; rv:68.0) Gecko/68.0 Firefox/137.0"
27.131.110.181 - - [21/Jul/2025:07:50:33 +1000] "POST /staging/wp-cron.php?doing_wp_cron=1753048233.7791500091552734375000 HTTP/1.1" 200 0 "https://awaydigitalteams.com/staging/wp-cron.php?doing_wp_cron=1753048233.7791500091552734375000" "WordPress/5.8.10; https://awaydigitalteams.com/staging"
216.244.66.200 - - [21/Jul/2025:07:50:31 +1000] "GET /staging/the-rise-of-remote-working-and-what-it-means-for-business-moving-forwards/ HTTP/1.1" 200 235274 "-" "Mozilla/5.0 (compatible; DotBot/1.2; +https://opensiteexplorer.org/dotbot; help@moz.com)"
216.144.248.25 - - [21/Jul/2025:07:51:52 +1000] "HEAD / HTTP/1.1" 200 0 "https://awaydigitalteams.com/" "Mozilla/5.0+(compatible; UptimeRobot/2.0; http://www.uptimerobot.com/)"
66.249.66.195 - - [21/Jul/2025:07:51:54 +1000] "GET /our-services/digital-marketing-and-design-function/ HTTP/1.1" 200 119265 "-" "Mozilla/5.0 (Linux; Android 6.0.1; Nexus 5X Build/MMB29P) AppleWebKit/537.36 (KHTML, like Gecko) Chrome/137.0.7151.103 Mobile Safari/537.36 (compatible; Googlebot/2.1; +http://www.google.com/bot.html)"
114.119.129.254 - - [21/Jul/2025:07:52:42 +1000] "GET /blog/master-outsourcing-vietnam-2023/ HTTP/1.1" 200 113578 "https://awaydigitalteams.com/blog/7-shocking-stats-about-vietnams-outsourcing-sector/" "Mozilla/5.0 (Linux; Android 7.0;) AppleWebKit/537.36 (KHTML, like Gecko) Mobile Safari/537.36 (compatible; PetalBot;+https://webmaster.petalsearch.com/site/petalbot)"
69.164.207.190 - - [21/Jul/2025:07:53:01 +1000] "GET / HTTP/2" 200 119988 "-" "Better Uptime Bot Mozilla/5.0 (Windows NT 10.0; Win64; x64) AppleWebKit/537.36 (KHTML, like Gecko) Chrome/74.0.3729.169 Safari/537.36"
216.144.248.26 - - [21/Jul/2025:07:53:33 +1000] "HEAD / HTTP/1.1" 200 0 "https://awaydigitalteams.com/" "Mozilla/5.0+(compatible; UptimeRobot/2.0; http://www.uptimerobot.com/)"
139.59.109.12 - - [21/Jul/2025:07:53:55 +1000] "HEAD / HTTP/2" 200 0 "-" "downnotifier.com monitoring"
108.61.201.55 - - [21/Jul/2025:07:54:02 +1000] "HEAD / HTTP/2" 200 0 "-" "downnotifier.com monitoring"
216.144.248.23 - - [21/Jul/2025:07:54:09 +1000] "HEAD / HTTP/1.1" 200 0 "https://awaydigitalteams.com" "Mozilla/5.0+(compatible; UptimeRobot/2.0; http://www.uptimerobot.com/)"
