91.242.162.4 - - [21/Jul/2025:02:45:41 +1000] "GET /blog/outsourcing-trends-for-2025-the-talent-revolution-that-can-transform-your-business/ HTTP/2" 200 115439 "https://awaydigitalteams.com/blog/outsourcing-trends-for-2025-the-talent-revolution-that-can-transform-your-business" "Mozilla/5.0 (compatible; Qwantbot/1.0_4812024; +https://help.qwant.com/bot/)"
91.242.162.4 - - [21/Jul/2025:02:45:47 +1000] "GET /blog/what-is-outsourcing HTTP/2" 301 14 "-" "Mozilla/5.0 (compatible; Qwantbot/1.0_4812024; +https://help.qwant.com/bot/)"
91.242.162.4 - - [21/Jul/2025:02:45:49 +1000] "GET /blog/what-is-outsourcing/ HTTP/2" 200 119359 "https://awaydigitalteams.com/blog/what-is-outsourcing" "Mozilla/5.0 (compatible; Qwantbot/1.0_4812024; +https://help.qwant.com/bot/)"
216.144.248.23 - - [21/Jul/2025:02:46:25 +1000] "HEAD / HTTP/1.1" 200 0 "https://awaydigitalteams.com" "Mozilla/5.0+(compatible; UptimeRobot/2.0; http://www.uptimerobot.com/)"
139.162.215.114 - - [21/Jul/2025:02:47:06 +1000] "GET / HTTP/2" 200 119988 "-" "Better Uptime Bot Mozilla/5.0 (Windows NT 10.0; Win64; x64) AppleWebKit/537.36 (KHTML, like Gecko) Chrome/74.0.3729.169 Safari/537.36"
216.144.248.30 - - [21/Jul/2025:02:47:31 +1000] "HEAD / HTTP/1.1" 200 0 "https://awaydigitalteams.com/" "Mozilla/5.0+(compatible; UptimeRobot/2.0; http://www.uptimerobot.com/)"
52.167.144.204 - - [21/Jul/2025:02:48:44 +1000] "GET /blog/australian-values-global-reach-outsourcing-customer-service-for-a-seamless-experience/feed/ HTTP/2" 302 77 "-" "Mozilla/5.0 AppleWebKit/537.36 (KHTML, like Gecko; compatible; bingbot/2.0; +http://www.bing.com/bingbot.htm) Chrome/116.0.1938.76 Safari/537.36"
27.131.110.181 - - [21/Jul/2025:02:48:45 +1000] "POST /wp-cron.php?doing_wp_cron=1753030125.2893879413604736328125 HTTP/1.1" 200 0 "-" "WordPress/6.7; https://awaydigitalteams.com"
216.144.248.28 - - [21/Jul/2025:02:49:29 +1000] "HEAD / HTTP/1.1" 200 0 "https://awaydigitalteams.com/" "Mozilla/5.0+(compatible; UptimeRobot/2.0; http://www.uptimerobot.com/)"
139.162.121.238 - - [21/Jul/2025:02:49:59 +1000] "GET / HTTP/2" 200 119988 "-" "Better Uptime Bot Mozilla/5.0 (Windows NT 10.0; Win64; x64) AppleWebKit/537.36 (KHTML, like Gecko) Chrome/74.0.3729.169 Safari/537.36"
216.144.248.19 - - [21/Jul/2025:02:50:10 +1000] "HEAD / HTTP/1.1" 200 0 "https://awaydigitalteams.com/" "Mozilla/5.0+(compatible; UptimeRobot/2.0; http://www.uptimerobot.com/)"
216.144.248.19 - - [21/Jul/2025:02:51:29 +1000] "HEAD / HTTP/1.1" 200 0 "https://awaydigitalteams.com" "Mozilla/5.0+(compatible; UptimeRobot/2.0; http://www.uptimerobot.com/)"
66.249.66.196 - - [21/Jul/2025:02:51:35 +1000] "GET /blog/access-to-highly-skilled-talent-why-vietnam-is-a-top-choice-for-outsourcing-in-2025/ HTTP/1.1" 200 114977 "-" "Mozilla/5.0 (Linux; Android 6.0.1; Nexus 5X Build/MMB29P) AppleWebKit/537.36 (KHTML, like Gecko) Chrome/99.0.4844.84 Mobile Safari/537.36 (compatible; Googlebot/2.1; +http://www.google.com/bot.html)"
66.249.66.195 - - [21/Jul/2025:02:51:35 +1000] "GET /blog/access-to-highly-skilled-talent-why-vietnam-is-a-top-choice-for-outsourcing-in-2025/ HTTP/1.1" 200 114630 "-" "Mozilla/5.0 (compatible; Googlebot/2.1; +http://www.google.com/bot.html)"
85.208.96.193 - - [21/Jul/2025:02:51:49 +1000] "GET /robots.txt HTTP/1.1" 200 274 "-" "Mozilla/5.0 (compatible; SemrushBot/7~bl; +http://www.semrush.com/bot.html)"
185.191.171.17 - - [21/Jul/2025:02:51:50 +1000] "GET /blog/education-and-training-in-the-it-sector/ HTTP/1.1" 200 112639 "-" "Mozilla/5.0 (compatible; SemrushBot/7~bl; +http://www.semrush.com/bot.html)"
216.144.248.28 - - [21/Jul/2025:02:52:34 +1000] "HEAD / HTTP/1.1" 200 0 "https://awaydigitalteams.com/" "Mozilla/5.0+(compatible; UptimeRobot/2.0; http://www.uptimerobot.com/)"
139.162.121.238 - - [21/Jul/2025:02:52:59 +1000] "GET / HTTP/2" 200 119988 "-" "Better Uptime Bot Mozilla/5.0 (Windows NT 10.0; Win64; x64) AppleWebKit/537.36 (KHTML, like Gecko) Chrome/74.0.3729.169 Safari/537.36"
114.119.135.206 - - [21/Jul/2025:02:53:38 +1000] "GET /blog/what-is-the-most-outsourced-role-and-why/ HTTP/1.1" 200 113502 "https://awaydigitalteams.com/blog/exploring-the-pros-and-cons-of-outsourcing-a-strategic-move-for-australian-businesses/" "Mozilla/5.0 (Linux; Android 7.0;) AppleWebKit/537.36 (KHTML, like Gecko) Mobile Safari/537.36 (compatible; PetalBot;+https://webmaster.petalsearch.com/site/petalbot)"
139.59.109.12 - - [21/Jul/2025:02:54:19 +1000] "HEAD / HTTP/2" 200 0 "-" "downnotifier.com monitoring"
108.61.201.55 - - [21/Jul/2025:02:54:26 +1000] "HEAD / HTTP/2" 200 0 "-" "downnotifier.com monitoring"
216.144.248.23 - - [21/Jul/2025:02:54:33 +1000] "HEAD / HTTP/1.1" 200 0 "https://awaydigitalteams.com/" "Mozilla/5.0+(compatible; UptimeRobot/2.0; http://www.uptimerobot.com/)"
14.162.232.171 - - [21/Jul/2025:02:54:45 +1000] "GET /wp-content/uploads/2023/10/Outsourcing-graphic-4-300x95.jpg HTTP/1.1" 206 6903 "-" "Mozilla/5.0 (Macintosh; Intel Mac OS X 10_13_6) AppleWebKit/537.36 (KHTML, like Gecko) Chrome/78.0.3904.108 Safari/537.36"
216.144.248.18 - - [21/Jul/2025:02:55:14 +1000] "HEAD / HTTP/1.1" 200 0 "https://awaydigitalteams.com/" "Mozilla/5.0+(compatible; UptimeRobot/2.0; http://www.uptimerobot.com/)"
139.162.58.253 - - [21/Jul/2025:02:56:00 +1000] "GET / HTTP/2" 200 98250 "-" "Better Uptime Bot Mozilla/5.0 (Windows NT 10.0; Win64; x64) AppleWebKit/537.36 (KHTML, like Gecko) Chrome/74.0.3729.169 Safari/537.36"
216.144.248.29 - - [21/Jul/2025:02:57:27 +1000] "HEAD / HTTP/1.1" 200 0 "https://awaydigitalteams.com" "Mozilla/5.0+(compatible; UptimeRobot/2.0; http://www.uptimerobot.com/)"
216.144.248.23 - - [21/Jul/2025:02:57:38 +1000] "HEAD / HTTP/1.1" 200 0 "https://awaydigitalteams.com/" "Mozilla/5.0+(compatible; UptimeRobot/2.0; http://www.uptimerobot.com/)"
91.107.221.68 - - [21/Jul/2025:02:59:01 +1000] "GET / HTTP/2" 200 119988 "-" "Better Uptime Bot Mozilla/5.0 (Windows NT 10.0; Win64; x64) AppleWebKit/537.36 (KHTML, like Gecko) Chrome/74.0.3729.169 Safari/537.36"
27.131.110.181 - - [21/Jul/2025:02:59:28 +1000] "POST /wp-cron.php?doing_wp_cron=1753030768.3670780658721923828125 HTTP/1.1" 200 0 "-" "WordPress/6.7; https://awaydigitalteams.com"
27.131.110.181 - - [21/Jul/2025:02:59:28 +1000] "POST /wp-cron.php?doing_wp_cron=1753030768.7886910438537597656250 HTTP/1.1" 200 0 "-" "WordPress/6.7; https://awaydigitalteams.com"
101.53.35.145 - - [21/Jul/2025:02:59:26 +1000] "POST /wp-json/wordpress-popular-posts/v2/views/2822 HTTP/2" 201 55 "https://awaydigitalteams.com/blog/english-language-proficiency-and-the-education-system-in-vietnam/" "Mozilla/5.0 (Windows NT 10.0; Win64; x64) AppleWebKit/537.36 (KHTML, like Gecko) Chrome/138.0.0.0 Safari/537.36"
27.131.110.181 - - [21/Jul/2025:02:59:28 +1000] "POST /wp-cron.php?doing_wp_cron=1753030768.5639851093292236328125 HTTP/1.1" 200 0 "-" "WordPress/6.7; https://awaydigitalteams.com"
101.53.35.145 - - [21/Jul/2025:02:59:26 +1000] "POST /wp-admin/admin-ajax.php HTTP/2" 200 5 "https://awaydigitalteams.com/blog/english-language-proficiency-and-the-education-system-in-vietnam/" "Mozilla/5.0 (Windows NT 10.0; Win64; x64) AppleWebKit/537.36 (KHTML, like Gecko) Chrome/138.0.0.0 Safari/537.36"
101.53.35.145 - - [21/Jul/2025:02:59:26 +1000] "POST /wp-admin/admin-ajax.php HTTP/2" 200 40 "https://awaydigitalteams.com/blog/english-language-proficiency-and-the-education-system-in-vietnam/" "Mozilla/5.0 (Windows NT 10.0; Win64; x64) AppleWebKit/537.36 (KHTML, like Gecko) Chrome/138.0.0.0 Safari/537.36"
101.53.35.145 - - [21/Jul/2025:02:59:29 +1000] "GET /wp-json/contact-form-7/v1/contact-forms/1746/refill HTTP/2" 200 2 "https://awaydigitalteams.com/blog/english-language-proficiency-and-the-education-system-in-vietnam/" "Mozilla/5.0 (Windows NT 10.0; Win64; x64) AppleWebKit/537.36 (KHTML, like Gecko) Chrome/138.0.0.0 Safari/537.36"
216.144.248.21 - - [21/Jul/2025:02:59:37 +1000] "HEAD / HTTP/1.1" 200 0 "https://awaydigitalteams.com/" "Mozilla/5.0+(compatible; UptimeRobot/2.0; http://www.uptimerobot.com/)"
216.144.248.26 - - [21/Jul/2025:03:00:18 +1000] "HEAD / HTTP/1.1" 200 0 "https://awaydigitalteams.com/" "Mozilla/5.0+(compatible; UptimeRobot/2.0; http://www.uptimerobot.com/)"
40.77.167.68 - - [21/Jul/2025:03:00:32 +1000] "GET /our-services/data-engineer-outsourcing/ HTTP/2" 200 117768 "-" "Mozilla/5.0 AppleWebKit/537.36 (KHTML, like Gecko; compatible; bingbot/2.0; +http://www.bing.com/bingbot.htm) Chrome/116.0.1938.76 Safari/537.36"
172.104.181.25 - - [21/Jul/2025:03:01:59 +1000] "GET / HTTP/2" 200 119988 "-" "Better Uptime Bot Mozilla/5.0 (Windows NT 10.0; Win64; x64) AppleWebKit/537.36 (KHTML, like Gecko) Chrome/74.0.3729.169 Safari/537.36"
216.144.248.30 - - [21/Jul/2025:03:02:31 +1000] "HEAD / HTTP/1.1" 200 0 "https://awaydigitalteams.com" "Mozilla/5.0+(compatible; UptimeRobot/2.0; http://www.uptimerobot.com/)"
216.144.248.24 - - [21/Jul/2025:03:02:42 +1000] "HEAD / HTTP/1.1" 200 0 "https://awaydigitalteams.com/" "Mozilla/5.0+(compatible; UptimeRobot/2.0; http://www.uptimerobot.com/)"
108.61.201.55 - - [21/Jul/2025:03:04:17 +1000] "HEAD / HTTP/2" 200 0 "-" "downnotifier.com monitoring"
139.59.109.12 - - [21/Jul/2025:03:04:25 +1000] "HEAD / HTTP/2" 200 0 "-" "downnotifier.com monitoring"
216.144.248.23 - - [21/Jul/2025:03:04:41 +1000] "HEAD / HTTP/1.1" 200 0 "https://awaydigitalteams.com/" "Mozilla/5.0+(compatible; UptimeRobot/2.0; http://www.uptimerobot.com/)"
69.164.207.190 - - [21/Jul/2025:03:05:02 +1000] "GET / HTTP/2" 200 98250 "-" "Better Uptime Bot Mozilla/5.0 (Windows NT 10.0; Win64; x64) AppleWebKit/537.36 (KHTML, like Gecko) Chrome/74.0.3729.169 Safari/537.36"
157.49.16.73 - - [21/Jul/2025:03:05:20 +1000] "GET /wp-content/uploads/2024/06/away-digital-teams-social-preview-image.jpg HTTP/2" 200 16214 "https://www.perplexity.ai/" "WindowsApp"
216.144.248.26 - - [21/Jul/2025:03:05:21 +1000] "HEAD / HTTP/1.1" 200 0 "https://awaydigitalteams.com/" "Mozilla/5.0+(compatible; UptimeRobot/2.0; http://www.uptimerobot.com/)"
216.144.248.18 - - [21/Jul/2025:03:07:35 +1000] "HEAD / HTTP/1.1" 200 0 "https://awaydigitalteams.com" "Mozilla/5.0+(compatible; UptimeRobot/2.0; http://www.uptimerobot.com/)"
216.144.248.21 - - [21/Jul/2025:03:07:45 +1000] "HEAD / HTTP/1.1" 200 0 "https://awaydigitalteams.com/" "Mozilla/5.0+(compatible; UptimeRobot/2.0; http://www.uptimerobot.com/)"
69.164.207.190 - - [21/Jul/2025:03:08:01 +1000] "GET / HTTP/2" 200 119988 "-" "Better Uptime Bot Mozilla/5.0 (Windows NT 10.0; Win64; x64) AppleWebKit/537.36 (KHTML, like Gecko) Chrome/74.0.3729.169 Safari/537.36"
216.144.248.22 - - [21/Jul/2025:03:09:44 +1000] "HEAD / HTTP/1.1" 200 0 "https://awaydigitalteams.com/" "Mozilla/5.0+(compatible; UptimeRobot/2.0; http://www.uptimerobot.com/)"
216.144.248.25 - - [21/Jul/2025:03:10:26 +1000] "HEAD / HTTP/1.1" 200 0 "https://awaydigitalteams.com/" "Mozilla/5.0+(compatible; UptimeRobot/2.0; http://www.uptimerobot.com/)"
194.195.253.114 - - [21/Jul/2025:03:11:00 +1000] "GET / HTTP/2" 200 119988 "-" "Better Uptime Bot Mozilla/5.0 (Windows NT 10.0; Win64; x64) AppleWebKit/537.36 (KHTML, like Gecko) Chrome/74.0.3729.169 Safari/537.36"
216.144.248.30 - - [21/Jul/2025:03:12:39 +1000] "HEAD / HTTP/1.1" 200 0 "https://awaydigitalteams.com" "Mozilla/5.0+(compatible; UptimeRobot/2.0; http://www.uptimerobot.com/)"
216.144.248.18 - - [21/Jul/2025:03:12:49 +1000] "HEAD / HTTP/1.1" 200 0 "https://awaydigitalteams.com/" "Mozilla/5.0+(compatible; UptimeRobot/2.0; http://www.uptimerobot.com/)"
194.195.253.111 - - [21/Jul/2025:03:14:00 +1000] "GET / HTTP/2" 200 119988 "-" "Better Uptime Bot Mozilla/5.0 (Windows NT 10.0; Win64; x64) AppleWebKit/537.36 (KHTML, like Gecko) Chrome/74.0.3729.169 Safari/537.36"
139.59.109.12 - - [21/Jul/2025:03:14:16 +1000] "HEAD / HTTP/2" 200 0 "-" "downnotifier.com monitoring"
108.61.201.55 - - [21/Jul/2025:03:14:23 +1000] "HEAD / HTTP/2" 200 0 "-" "downnotifier.com monitoring"
216.144.248.25 - - [21/Jul/2025:03:14:48 +1000] "HEAD / HTTP/1.1" 200 0 "https://awaydigitalteams.com/" "Mozilla/5.0+(compatible; UptimeRobot/2.0; http://www.uptimerobot.com/)"
216.144.248.22 - - [21/Jul/2025:03:15:29 +1000] "HEAD / HTTP/1.1" 200 0 "https://awaydigitalteams.com/" "Mozilla/5.0+(compatible; UptimeRobot/2.0; http://www.uptimerobot.com/)"
23.98.186.193 - - [21/Jul/2025:03:15:55 +1000] "GET /blog/outsourcing-trends-for-2025-the-talent-revolution-that-can-transform-your-business/ HTTP/2" 200 97948 "-" "Mozilla/5.0 AppleWebKit/537.36 (KHTML, like Gecko); compatible; ChatGPT-User/1.0; +https://openai.com/bot"
23.98.186.205 - - [21/Jul/2025:03:16:00 +1000] "GET / HTTP/2" 200 102365 "-" "Mozilla/5.0 AppleWebKit/537.36 (KHTML, like Gecko); compatible; ChatGPT-User/1.0; +https://openai.com/bot"
139.162.121.226 - - [21/Jul/2025:03:17:00 +1000] "GET / HTTP/2" 200 119988 "-" "Better Uptime Bot Mozilla/5.0 (Windows NT 10.0; Win64; x64) AppleWebKit/537.36 (KHTML, like Gecko) Chrome/74.0.3729.169 Safari/537.36"
52.167.144.207 - - [21/Jul/2025:03:17:36 +1000] "GET /blog/vietnam-close-skills-gap-and-power-the-digital-economy/ HTTP/2" 200 115342 "-" "Mozilla/5.0 AppleWebKit/537.36 (KHTML, like Gecko; compatible; bingbot/2.0; +http://www.bing.com/bingbot.htm) Chrome/116.0.1938.76 Safari/537.36"
216.144.248.21 - - [21/Jul/2025:03:17:43 +1000] "HEAD / HTTP/1.1" 200 0 "https://awaydigitalteams.com" "Mozilla/5.0+(compatible; UptimeRobot/2.0; http://www.uptimerobot.com/)"
216.144.248.29 - - [21/Jul/2025:03:17:53 +1000] "HEAD / HTTP/1.1" 200 0 "https://awaydigitalteams.com/" "Mozilla/5.0+(compatible; UptimeRobot/2.0; http://www.uptimerobot.com/)"
216.144.248.30 - - [21/Jul/2025:03:19:52 +1000] "HEAD / HTTP/1.1" 200 0 "https://awaydigitalteams.com/" "Mozilla/5.0+(compatible; UptimeRobot/2.0; http://www.uptimerobot.com/)"
194.195.253.111 - - [21/Jul/2025:03:19:59 +1000] "GET / HTTP/2" 200 119988 "-" "Better Uptime Bot Mozilla/5.0 (Windows NT 10.0; Win64; x64) AppleWebKit/537.36 (KHTML, like Gecko) Chrome/74.0.3729.169 Safari/537.36"
216.144.248.19 - - [21/Jul/2025:03:20:32 +1000] "HEAD / HTTP/1.1" 200 0 "https://awaydigitalteams.com/" "Mozilla/5.0+(compatible; UptimeRobot/2.0; http://www.uptimerobot.com/)"
216.144.248.30 - - [21/Jul/2025:03:22:47 +1000] "HEAD / HTTP/1.1" 200 0 "https://awaydigitalteams.com" "Mozilla/5.0+(compatible; UptimeRobot/2.0; http://www.uptimerobot.com/)"
216.144.248.19 - - [21/Jul/2025:03:22:56 +1000] "HEAD / HTTP/1.1" 200 0 "https://awaydigitalteams.com/" "Mozilla/5.0+(compatible; UptimeRobot/2.0; http://www.uptimerobot.com/)"
139.162.58.253 - - [21/Jul/2025:03:23:00 +1000] "GET / HTTP/2" 200 98250 "-" "Better Uptime Bot Mozilla/5.0 (Windows NT 10.0; Win64; x64) AppleWebKit/537.36 (KHTML, like Gecko) Chrome/74.0.3729.169 Safari/537.36"
52.167.144.18 - - [21/Jul/2025:03:23:55 +1000] "GET /blog/how-outsourcing-a-bookkeeper-from-vietnam-transformed-our-business/ HTTP/2" 200 112949 "-" "Mozilla/5.0 AppleWebKit/537.36 (KHTML, like Gecko; compatible; bingbot/2.0; +http://www.bing.com/bingbot.htm) Chrome/116.0.1938.76 Safari/537.36"
108.61.201.55 - - [21/Jul/2025:03:24:14 +1000] "HEAD / HTTP/2" 200 0 "-" "downnotifier.com monitoring"
139.59.109.12 - - [21/Jul/2025:03:24:22 +1000] "HEAD / HTTP/2" 200 0 "-" "downnotifier.com monitoring"
47.242.22.227 - - [21/Jul/2025:03:24:51 +1000] "HEAD / HTTP/1.1" 200 0 "-" "Mozilla/5.0 (Windows NT 6.3; Win64; x64) AppleWebKit/537.36 (KHTML, like Gecko) Chrome/61.0.2544.46 Safari/537.36"
47.242.22.227 - - [21/Jul/2025:03:24:51 +1000] "GET / HTTP/1.1" 200 119988 "-" "Mozilla/5.0 (Windows NT 6.3; Win64; x64) AppleWebKit/537.36 (KHTML, like Gecko) Chrome/61.0.2544.46 Safari/537.36"
27.131.110.181 - - [21/Jul/2025:03:24:53 +1000] "POST /wp-cron.php?doing_wp_cron=1753032293.4598228931427001953125 HTTP/1.1" 200 0 "-" "WordPress/6.7; https://awaydigitalteams.com"
47.242.34.59 - - [21/Jul/2025:03:24:51 +1000] "HEAD /our-services/hiring-data-analysts HTTP/1.1" 301 0 "-" "Mozilla/5.0 (Windows NT 10.0; Win64; x64) AppleWebKit/537.36 (KHTML, like Gecko) Chrome/76.0.2147.196 Safari/537.36"
27.131.110.181 - - [21/Jul/2025:03:24:53 +1000] "POST /wp-cron.php?doing_wp_cron=1753032293.2476310729980468750000 HTTP/1.1" 200 0 "-" "WordPress/6.7; https://awaydigitalteams.com"
27.131.110.181 - - [21/Jul/2025:03:24:53 +1000] "POST /wp-cron.php?doing_wp_cron=1753032293.3579061031341552734375 HTTP/1.1" 200 0 "-" "WordPress/6.7; https://awaydigitalteams.com"
27.131.110.181 - - [21/Jul/2025:03:24:53 +1000] "POST /wp-cron.php?doing_wp_cron=1753032293.6466519832611083984375 HTTP/1.1" 200 0 "-" "WordPress/6.7; https://awaydigitalteams.com"
47.242.32.32 - - [21/Jul/2025:03:24:51 +1000] "HEAD /our-services/outsourcing-back-end-developers HTTP/1.1" 301 0 "-" "Mozilla/5.0 (Windows NT 6.3; Win64; x64) AppleWebKit/537.36 (KHTML, like Gecko) Chrome/64.0.3572.104 Safari/537.36"
47.242.34.59 - - [21/Jul/2025:03:24:54 +1000] "HEAD /our-services/hiring-data-analysts/ HTTP/1.1" 200 0 "-" "Mozilla/5.0 (Windows NT 10.0; Win64; x64) AppleWebKit/537.36 (KHTML, like Gecko) Chrome/76.0.2147.196 Safari/537.36"
47.242.32.32 - - [21/Jul/2025:03:24:54 +1000] "HEAD /our-services/outsourcing-back-end-developers/ HTTP/1.1" 200 0 "-" "Mozilla/5.0 (Windows NT 6.3; Win64; x64) AppleWebKit/537.36 (KHTML, like Gecko) Chrome/64.0.3572.104 Safari/537.36"
216.144.248.29 - - [21/Jul/2025:03:24:56 +1000] "HEAD / HTTP/1.1" 200 0 "https://awaydigitalteams.com/" "Mozilla/5.0+(compatible; UptimeRobot/2.0; http://www.uptimerobot.com/)"
47.242.34.59 - - [21/Jul/2025:03:24:54 +1000] "GET /our-services/hiring-data-analysts HTTP/1.1" 301 30 "-" "Mozilla/5.0 (Windows NT 10.0; Win64; x64) AppleWebKit/537.36 (KHTML, like Gecko) Chrome/76.0.2147.196 Safari/537.36"
47.242.34.59 - - [21/Jul/2025:03:24:57 +1000] "GET /our-services/hiring-data-analysts/ HTTP/1.1" 200 117818 "-" "Mozilla/5.0 (Windows NT 10.0; Win64; x64) AppleWebKit/537.36 (KHTML, like Gecko) Chrome/76.0.2147.196 Safari/537.36"
47.242.32.32 - - [21/Jul/2025:03:24:54 +1000] "GET /our-services/outsourcing-back-end-developers HTTP/1.1" 301 30 "-" "Mozilla/5.0 (Windows NT 6.3; Win64; x64) AppleWebKit/537.36 (KHTML, like Gecko) Chrome/64.0.3572.104 Safari/537.36"
47.242.32.32 - - [21/Jul/2025:03:24:57 +1000] "GET /our-services/outsourcing-back-end-developers/ HTTP/1.1" 200 117836 "-" "Mozilla/5.0 (Windows NT 6.3; Win64; x64) AppleWebKit/537.36 (KHTML, like Gecko) Chrome/64.0.3572.104 Safari/537.36"
47.242.28.70 - - [21/Jul/2025:03:25:00 +1000] "HEAD /healthcare-outsourcing HTTP/1.1" 301 0 "-" "Mozilla/5.0 (Windows NT 6.2; Win64; x64) AppleWebKit/537.36 (KHTML, like Gecko) Chrome/68.0.3945.30 Safari/537.36"
47.242.28.70 - - [21/Jul/2025:03:25:01 +1000] "HEAD /healthcare-outsourcing/ HTTP/1.1" 200 0 "-" "Mozilla/5.0 (Windows NT 6.2; Win64; x64) AppleWebKit/537.36 (KHTML, like Gecko) Chrome/68.0.3945.30 Safari/537.36"
47.242.17.186 - - [21/Jul/2025:03:25:00 +1000] "HEAD /ecommerce-outsourcing HTTP/1.1" 301 0 "-" "Mozilla/5.0 (Windows NT 10.0; Win64; x64) AppleWebKit/537.36 (KHTML, like Gecko) Chrome/79.0.2939.159 Safari/537.36"
47.242.17.186 - - [21/Jul/2025:03:25:01 +1000] "HEAD /ecommerce-outsourcing/ HTTP/1.1" 200 0 "-" "Mozilla/5.0 (Windows NT 10.0; Win64; x64) AppleWebKit/537.36 (KHTML, like Gecko) Chrome/79.0.2939.159 Safari/537.36"
27.131.110.181 - - [21/Jul/2025:03:25:04 +1000] "POST /wp-cron.php?doing_wp_cron=1753032304.0884790420532226562500 HTTP/1.1" 200 0 "-" "WordPress/6.7; https://awaydigitalteams.com"
47.242.17.186 - - [21/Jul/2025:03:25:02 +1000] "GET /ecommerce-outsourcing HTTP/1.1" 301 30 "-" "Mozilla/5.0 (Windows NT 10.0; Win64; x64) AppleWebKit/537.36 (KHTML, like Gecko) Chrome/79.0.2939.159 Safari/537.36"
47.242.28.70 - - [21/Jul/2025:03:25:02 +1000] "GET /healthcare-outsourcing HTTP/1.1" 301 30 "-" "Mozilla/5.0 (Windows NT 6.2; Win64; x64) AppleWebKit/537.36 (KHTML, like Gecko) Chrome/68.0.3945.30 Safari/537.36"
47.242.17.186 - - [21/Jul/2025:03:25:05 +1000] "GET /ecommerce-outsourcing/ HTTP/1.1" 200 119560 "-" "Mozilla/5.0 (Windows NT 10.0; Win64; x64) AppleWebKit/537.36 (KHTML, like Gecko) Chrome/79.0.2939.159 Safari/537.36"
47.242.28.70 - - [21/Jul/2025:03:25:04 +1000] "GET /healthcare-outsourcing/ HTTP/1.1" 200 119698 "-" "Mozilla/5.0 (Windows NT 6.2; Win64; x64) AppleWebKit/537.36 (KHTML, like Gecko) Chrome/68.0.3945.30 Safari/537.36"
47.242.32.32 - - [21/Jul/2025:03:25:05 +1000] "HEAD /financial-services-outsourcing HTTP/1.1" 301 0 "-" "Mozilla/5.0 (Windows NT 6.0; Win64; x64) AppleWebKit/537.36 (KHTML, like Gecko) Chrome/67.0.3854.111 Safari/537.36"
47.242.32.32 - - [21/Jul/2025:03:25:08 +1000] "HEAD /financial-services-outsourcing/ HTTP/1.1" 200 0 "-" "Mozilla/5.0 (Windows NT 6.0; Win64; x64) AppleWebKit/537.36 (KHTML, like Gecko) Chrome/67.0.3854.111 Safari/537.36"
47.242.27.42 - - [21/Jul/2025:03:25:05 +1000] "HEAD /technology-outsourcing HTTP/1.1" 301 0 "-" "Mozilla/5.0 (Windows NT 6.2; Win64; x64) AppleWebKit/537.36 (KHTML, like Gecko) Chrome/72.0.2030.90 Safari/537.36"
47.242.29.0 - - [21/Jul/2025:03:25:05 +1000] "HEAD /our-services/outsource-app-development HTTP/1.1" 301 0 "-" "Mozilla/5.0 (Windows NT 6.1; Win64; x64) AppleWebKit/537.36 (KHTML, like Gecko) Chrome/67.0.2331.114 Safari/537.36"
47.242.24.23 - - [21/Jul/2025:03:25:05 +1000] "HEAD /how-it-works HTTP/1.1" 301 0 "-" "Mozilla/5.0 (Windows NT 6.1; Win64; x64) AppleWebKit/537.36 (KHTML, like Gecko) Chrome/62.0.3198.128 Safari/537.36"
47.242.27.42 - - [21/Jul/2025:03:25:08 +1000] "HEAD /technology-outsourcing/ HTTP/1.1" 200 0 "-" "Mozilla/5.0 (Windows NT 6.2; Win64; x64) AppleWebKit/537.36 (KHTML, like Gecko) Chrome/72.0.2030.90 Safari/537.36"
47.242.29.0 - - [21/Jul/2025:03:25:08 +1000] "HEAD /our-services/outsource-app-development/ HTTP/1.1" 200 0 "-" "Mozilla/5.0 (Windows NT 6.1; Win64; x64) AppleWebKit/537.36 (KHTML, like Gecko) Chrome/67.0.2331.114 Safari/537.36"
47.242.24.23 - - [21/Jul/2025:03:25:08 +1000] "HEAD /how-it-works/ HTTP/1.1" 200 0 "-" "Mozilla/5.0 (Windows NT 6.1; Win64; x64) AppleWebKit/537.36 (KHTML, like Gecko) Chrome/62.0.3198.128 Safari/537.36"
47.242.32.32 - - [21/Jul/2025:03:25:09 +1000] "GET /financial-services-outsourcing HTTP/1.1" 301 30 "-" "Mozilla/5.0 (Windows NT 6.0; Win64; x64) AppleWebKit/537.36 (KHTML, like Gecko) Chrome/67.0.3854.111 Safari/537.36"
47.242.27.42 - - [21/Jul/2025:03:25:08 +1000] "GET /technology-outsourcing HTTP/1.1" 301 30 "-" "Mozilla/5.0 (Windows NT 6.2; Win64; x64) AppleWebKit/537.36 (KHTML, like Gecko) Chrome/72.0.2030.90 Safari/537.36"
47.242.24.23 - - [21/Jul/2025:03:25:08 +1000] "GET /how-it-works HTTP/1.1" 301 30 "-" "Mozilla/5.0 (Windows NT 6.1; Win64; x64) AppleWebKit/537.36 (KHTML, like Gecko) Chrome/62.0.3198.128 Safari/537.36"
47.242.29.0 - - [21/Jul/2025:03:25:09 +1000] "GET /our-services/outsource-app-development HTTP/1.1" 301 30 "-" "Mozilla/5.0 (Windows NT 6.1; Win64; x64) AppleWebKit/537.36 (KHTML, like Gecko) Chrome/67.0.2331.114 Safari/537.36"
47.242.27.42 - - [21/Jul/2025:03:25:11 +1000] "GET /technology-outsourcing/ HTTP/1.1" 200 119775 "-" "Mozilla/5.0 (Windows NT 6.2; Win64; x64) AppleWebKit/537.36 (KHTML, like Gecko) Chrome/72.0.2030.90 Safari/537.36"
47.242.24.23 - - [21/Jul/2025:03:25:11 +1000] "GET /how-it-works/ HTTP/1.1" 200 114629 "-" "Mozilla/5.0 (Windows NT 6.1; Win64; x64) AppleWebKit/537.36 (KHTML, like Gecko) Chrome/62.0.3198.128 Safari/537.36"
47.242.29.0 - - [21/Jul/2025:03:25:11 +1000] "GET /our-services/outsource-app-development/ HTTP/1.1" 200 117886 "-" "Mozilla/5.0 (Windows NT 6.1; Win64; x64) AppleWebKit/537.36 (KHTML, like Gecko) Chrome/67.0.2331.114 Safari/537.36"
47.242.32.32 - - [21/Jul/2025:03:25:11 +1000] "GET /financial-services-outsourcing/ HTTP/1.1" 200 121167 "-" "Mozilla/5.0 (Windows NT 6.0; Win64; x64) AppleWebKit/537.36 (KHTML, like Gecko) Chrome/67.0.3854.111 Safari/537.36"
47.242.20.107 - - [21/Jul/2025:03:25:24 +1000] "HEAD /our-services/hiring-cloud-engineers HTTP/1.1" 301 0 "-" "Mozilla/5.0 (Windows NT 6.1; Win64; x64) AppleWebKit/537.36 (KHTML, like Gecko) Chrome/62.0.2123.44 Safari/537.36"
47.242.20.107 - - [21/Jul/2025:03:25:25 +1000] "HEAD /our-services/hiring-cloud-engineers/ HTTP/1.1" 200 0 "-" "Mozilla/5.0 (Windows NT 6.1; Win64; x64) AppleWebKit/537.36 (KHTML, like Gecko) Chrome/62.0.2123.44 Safari/537.36"
47.242.20.107 - - [21/Jul/2025:03:25:26 +1000] "GET /our-services/hiring-cloud-engineers HTTP/1.1" 301 30 "-" "Mozilla/5.0 (Windows NT 6.1; Win64; x64) AppleWebKit/537.36 (KHTML, like Gecko) Chrome/62.0.2123.44 Safari/537.36"
47.242.20.107 - - [21/Jul/2025:03:25:27 +1000] "GET /our-services/hiring-cloud-engineers/ HTTP/1.1" 200 117764 "-" "Mozilla/5.0 (Windows NT 6.1; Win64; x64) AppleWebKit/537.36 (KHTML, like Gecko) Chrome/62.0.2123.44 Safari/537.36"
216.144.248.29 - - [21/Jul/2025:03:25:36 +1000] "HEAD / HTTP/1.1" 200 0 "https://awaydigitalteams.com/" "Mozilla/5.0+(compatible; UptimeRobot/2.0; http://www.uptimerobot.com/)"
66.228.53.233 - - [21/Jul/2025:03:26:00 +1000] "GET / HTTP/2" 200 119988 "-" "Better Uptime Bot Mozilla/5.0 (Windows NT 10.0; Win64; x64) AppleWebKit/537.36 (KHTML, like Gecko) Chrome/74.0.3729.169 Safari/537.36"
40.77.167.37 - - [21/Jul/2025:03:26:11 +1000] "GET /blog/offshore-development-center-meaning/ HTTP/2" 200 119131 "-" "Mozilla/5.0 AppleWebKit/537.36 (KHTML, like Gecko; compatible; bingbot/2.0; +http://www.bing.com/bingbot.htm) Chrome/116.0.1938.76 Safari/537.36"
47.242.27.42 - - [21/Jul/2025:03:27:02 +1000] "HEAD /our-services/accounts-receivable-officer-outsourcing HTTP/1.1" 301 0 "-" "Mozilla/5.0 (Windows NT 6.1; Win64; x64) AppleWebKit/537.36 (KHTML, like Gecko) Chrome/73.0.2320.155 Safari/537.36"
27.131.110.181 - - [21/Jul/2025:03:27:04 +1000] "POST /wp-cron.php?doing_wp_cron=1753032424.5446341037750244140625 HTTP/1.1" 200 0 "-" "WordPress/6.7; https://awaydigitalteams.com"
47.242.22.66 - - [21/Jul/2025:03:27:02 +1000] "HEAD /our-services/accounts-payable-officer-outsourcing HTTP/1.1" 301 0 "-" "Mozilla/5.0 (Windows NT 10.0; Win64; x64) AppleWebKit/537.36 (KHTML, like Gecko) Chrome/63.0.2191.191 Safari/537.36"
47.242.37.200 - - [21/Jul/2025:03:27:02 +1000] "HEAD /our-services/outsourcing-bookkeepers HTTP/1.1" 301 0 "-" "Mozilla/5.0 (Windows NT 10.0; Win64; x64) AppleWebKit/537.36 (KHTML, like Gecko) Chrome/72.0.2761.87 Safari/537.36"
47.242.22.66 - - [21/Jul/2025:03:27:05 +1000] "HEAD /our-services/accounts-payable-officer-outsourcing/ HTTP/1.1" 200 0 "-" "Mozilla/5.0 (Windows NT 10.0; Win64; x64) AppleWebKit/537.36 (KHTML, like Gecko) Chrome/63.0.2191.191 Safari/537.36"
47.242.37.200 - - [21/Jul/2025:03:27:05 +1000] "HEAD /our-services/outsourcing-bookkeepers/ HTTP/1.1" 200 0 "-" "Mozilla/5.0 (Windows NT 10.0; Win64; x64) AppleWebKit/537.36 (KHTML, like Gecko) Chrome/72.0.2761.87 Safari/537.36"
47.242.27.42 - - [21/Jul/2025:03:27:05 +1000] "HEAD /our-services/accounts-receivable-officer-outsourcing/ HTTP/1.1" 200 0 "-" "Mozilla/5.0 (Windows NT 6.1; Win64; x64) AppleWebKit/537.36 (KHTML, like Gecko) Chrome/73.0.2320.155 Safari/537.36"
47.242.22.66 - - [21/Jul/2025:03:27:05 +1000] "GET /our-services/accounts-payable-officer-outsourcing HTTP/1.1" 301 30 "-" "Mozilla/5.0 (Windows NT 10.0; Win64; x64) AppleWebKit/537.36 (KHTML, like Gecko) Chrome/63.0.2191.191 Safari/537.36"
47.242.37.200 - - [21/Jul/2025:03:27:05 +1000] "GET /our-services/outsourcing-bookkeepers HTTP/1.1" 301 30 "-" "Mozilla/5.0 (Windows NT 10.0; Win64; x64) AppleWebKit/537.36 (KHTML, like Gecko) Chrome/72.0.2761.87 Safari/537.36"
47.242.27.42 - - [21/Jul/2025:03:27:05 +1000] "GET /our-services/accounts-receivable-officer-outsourcing HTTP/1.1" 301 30 "-" "Mozilla/5.0 (Windows NT 6.1; Win64; x64) AppleWebKit/537.36 (KHTML, like Gecko) Chrome/73.0.2320.155 Safari/537.36"
47.242.22.66 - - [21/Jul/2025:03:27:07 +1000] "GET /our-services/accounts-payable-officer-outsourcing/ HTTP/1.1" 200 117839 "-" "Mozilla/5.0 (Windows NT 10.0; Win64; x64) AppleWebKit/537.36 (KHTML, like Gecko) Chrome/63.0.2191.191 Safari/537.36"
47.242.37.200 - - [21/Jul/2025:03:27:07 +1000] "GET /our-services/outsourcing-bookkeepers/ HTTP/1.1" 200 117782 "-" "Mozilla/5.0 (Windows NT 10.0; Win64; x64) AppleWebKit/537.36 (KHTML, like Gecko) Chrome/72.0.2761.87 Safari/537.36"
47.242.27.42 - - [21/Jul/2025:03:27:07 +1000] "GET /our-services/accounts-receivable-officer-outsourcing/ HTTP/1.1" 200 117543 "-" "Mozilla/5.0 (Windows NT 6.1; Win64; x64) AppleWebKit/537.36 (KHTML, like Gecko) Chrome/73.0.2320.155 Safari/537.36"
47.242.21.167 - - [21/Jul/2025:03:27:20 +1000] "HEAD /our-services/data-engineer-outsourcing HTTP/1.1" 301 0 "-" "Mozilla/5.0 (Windows NT 6.3; Win64; x64) AppleWebKit/537.36 (KHTML, like Gecko) Chrome/76.0.3266.99 Safari/537.36"
47.242.21.167 - - [21/Jul/2025:03:27:22 +1000] "HEAD /our-services/data-engineer-outsourcing/ HTTP/1.1" 200 0 "-" "Mozilla/5.0 (Windows NT 6.3; Win64; x64) AppleWebKit/537.36 (KHTML, like Gecko) Chrome/76.0.3266.99 Safari/537.36"
47.242.42.208 - - [21/Jul/2025:03:27:21 +1000] "HEAD /our-services/offshore-front-end-developers HTTP/1.1" 301 0 "-" "Mozilla/5.0 (Windows NT 6.1; Win64; x64) AppleWebKit/537.36 (KHTML, like Gecko) Chrome/70.0.2212.47 Safari/537.36"
47.242.42.208 - - [21/Jul/2025:03:27:22 +1000] "HEAD /our-services/offshore-front-end-developers/ HTTP/1.1" 200 0 "-" "Mozilla/5.0 (Windows NT 6.1; Win64; x64) AppleWebKit/537.36 (KHTML, like Gecko) Chrome/70.0.2212.47 Safari/537.36"
47.242.42.208 - - [21/Jul/2025:03:27:23 +1000] "GET /our-services/offshore-front-end-developers HTTP/1.1" 301 30 "-" "Mozilla/5.0 (Windows NT 6.1; Win64; x64) AppleWebKit/537.36 (KHTML, like Gecko) Chrome/70.0.2212.47 Safari/537.36"
47.242.21.167 - - [21/Jul/2025:03:27:23 +1000] "GET /our-services/data-engineer-outsourcing HTTP/1.1" 301 30 "-" "Mozilla/5.0 (Windows NT 6.3; Win64; x64) AppleWebKit/537.36 (KHTML, like Gecko) Chrome/76.0.3266.99 Safari/537.36"
47.242.21.167 - - [21/Jul/2025:03:27:25 +1000] "GET /our-services/data-engineer-outsourcing/ HTTP/1.1" 200 117768 "-" "Mozilla/5.0 (Windows NT 6.3; Win64; x64) AppleWebKit/537.36 (KHTML, like Gecko) Chrome/76.0.3266.99 Safari/537.36"
47.242.22.75 - - [21/Jul/2025:03:27:23 +1000] "GET /our-services/customer-service-representative-outsourcing/ HTTP/1.1" 301 30 "-" "Mozilla/5.0 (Windows NT 6.1; Win64; x64) AppleWebKit/537.36 (KHTML, like Gecko) Chrome/76.0.2580.199 Safari/537.36"
47.242.42.208 - - [21/Jul/2025:03:27:25 +1000] "GET /our-services/offshore-front-end-developers/ HTTP/1.1" 200 117904 "-" "Mozilla/5.0 (Windows NT 6.1; Win64; x64) AppleWebKit/537.36 (KHTML, like Gecko) Chrome/70.0.2212.47 Safari/537.36"
47.242.42.89 - - [21/Jul/2025:03:27:26 +1000] "GET /our-services/customer-service-representative-outsourcing/ HTTP/1.1" 200 117859 "-" "Mozilla/5.0 (Windows NT 6.1; Win64; x64) AppleWebKit/537.36 (KHTML, like Gecko) Chrome/76.0.2580.199 Safari/537.36"
47.242.31.34 - - [21/Jul/2025:03:27:42 +1000] "HEAD /our-services/accounting-outsourcing-solutions HTTP/1.1" 301 0 "-" "Mozilla/5.0 (Windows NT 6.3; Win64; x64) AppleWebKit/537.36 (KHTML, like Gecko) Chrome/68.0.2050.90 Safari/537.36"
47.242.31.34 - - [21/Jul/2025:03:27:42 +1000] "HEAD /our-services/offshore-devops-engineers HTTP/1.1" 301 0 "-" "Mozilla/5.0 (Windows NT 6.2; Win64; x64) AppleWebKit/537.36 (KHTML, like Gecko) Chrome/77.0.2788.124 Safari/537.36"
47.242.31.34 - - [21/Jul/2025:03:27:44 +1000] "HEAD /our-services/accounting-outsourcing-solutions/ HTTP/1.1" 200 0 "-" "Mozilla/5.0 (Windows NT 6.3; Win64; x64) AppleWebKit/537.36 (KHTML, like Gecko) Chrome/68.0.2050.90 Safari/537.36"
47.242.22.66 - - [21/Jul/2025:03:27:42 +1000] "HEAD /vietnam-outsourcing HTTP/1.1" 301 0 "-" "Mozilla/5.0 (Windows NT 6.0; Win64; x64) AppleWebKit/537.36 (KHTML, like Gecko) Chrome/61.0.3928.165 Safari/537.36"
47.242.17.186 - - [21/Jul/2025:03:27:42 +1000] "HEAD /outsourcing-2-0 HTTP/1.1" 301 0 "-" "Mozilla/5.0 (Windows NT 10.0; Win64; x64) AppleWebKit/537.36 (KHTML, like Gecko) Chrome/68.0.3239.53 Safari/537.36"
47.242.22.66 - - [21/Jul/2025:03:27:44 +1000] "HEAD /vietnam-outsourcing/ HTTP/1.1" 200 0 "-" "Mozilla/5.0 (Windows NT 6.0; Win64; x64) AppleWebKit/537.36 (KHTML, like Gecko) Chrome/61.0.3928.165 Safari/537.36"
47.242.17.186 - - [21/Jul/2025:03:27:44 +1000] "HEAD /outsourcing-2-0/ HTTP/1.1" 200 0 "-" "Mozilla/5.0 (Windows NT 10.0; Win64; x64) AppleWebKit/537.36 (KHTML, like Gecko) Chrome/68.0.3239.53 Safari/537.36"
47.242.31.34 - - [21/Jul/2025:03:27:44 +1000] "HEAD /our-services/offshore-devops-engineers/ HTTP/1.1" 200 0 "-" "Mozilla/5.0 (Windows NT 6.2; Win64; x64) AppleWebKit/537.36 (KHTML, like Gecko) Chrome/77.0.2788.124 Safari/537.36"
47.242.31.34 - - [21/Jul/2025:03:27:45 +1000] "GET /our-services/accounting-outsourcing-solutions HTTP/1.1" 301 30 "-" "Mozilla/5.0 (Windows NT 6.3; Win64; x64) AppleWebKit/537.36 (KHTML, like Gecko) Chrome/68.0.2050.90 Safari/537.36"
47.242.31.34 - - [21/Jul/2025:03:27:45 +1000] "GET /our-services/offshore-devops-engineers HTTP/1.1" 301 30 "-" "Mozilla/5.0 (Windows NT 6.2; Win64; x64) AppleWebKit/537.36 (KHTML, like Gecko) Chrome/77.0.2788.124 Safari/537.36"
47.242.22.66 - - [21/Jul/2025:03:27:45 +1000] "GET /vietnam-outsourcing HTTP/1.1" 301 30 "-" "Mozilla/5.0 (Windows NT 6.0; Win64; x64) AppleWebKit/537.36 (KHTML, like Gecko) Chrome/61.0.3928.165 Safari/537.36"
47.242.17.186 - - [21/Jul/2025:03:27:45 +1000] "GET /outsourcing-2-0 HTTP/1.1" 301 30 "-" "Mozilla/5.0 (Windows NT 10.0; Win64; x64) AppleWebKit/537.36 (KHTML, like Gecko) Chrome/68.0.3239.53 Safari/537.36"
47.242.22.66 - - [21/Jul/2025:03:27:47 +1000] "GET /vietnam-outsourcing/ HTTP/1.1" 200 116568 "-" "Mozilla/5.0 (Windows NT 6.0; Win64; x64) AppleWebKit/537.36 (KHTML, like Gecko) Chrome/61.0.3928.165 Safari/537.36"
47.242.17.186 - - [21/Jul/2025:03:27:48 +1000] "GET /outsourcing-2-0/ HTTP/1.1" 200 114344 "-" "Mozilla/5.0 (Windows NT 10.0; Win64; x64) AppleWebKit/537.36 (KHTML, like Gecko) Chrome/68.0.3239.53 Safari/537.36"
47.242.31.34 - - [21/Jul/2025:03:27:48 +1000] "GET /our-services/accounting-outsourcing-solutions/ HTTP/1.1" 200 117927 "-" "Mozilla/5.0 (Windows NT 6.3; Win64; x64) AppleWebKit/537.36 (KHTML, like Gecko) Chrome/68.0.2050.90 Safari/537.36"
47.242.31.34 - - [21/Jul/2025:03:27:48 +1000] "GET /our-services/offshore-devops-engineers/ HTTP/1.1" 200 117972 "-" "Mozilla/5.0 (Windows NT 6.2; Win64; x64) AppleWebKit/537.36 (KHTML, like Gecko) Chrome/77.0.2788.124 Safari/537.36"
216.144.248.26 - - [21/Jul/2025:03:27:50 +1000] "HEAD / HTTP/1.1" 200 0 "https://awaydigitalteams.com" "Mozilla/5.0+(compatible; UptimeRobot/2.0; http://www.uptimerobot.com/)"
216.144.248.29 - - [21/Jul/2025:03:28:54 +1000] "HEAD / HTTP/1.1" 200 0 "https://awaydigitalteams.com/" "Mozilla/5.0+(compatible; UptimeRobot/2.0; http://www.uptimerobot.com/)"
194.195.253.108 - - [21/Jul/2025:03:28:59 +1000] "GET / HTTP/2" 200 98250 "-" "Better Uptime Bot Mozilla/5.0 (Windows NT 10.0; Win64; x64) AppleWebKit/537.36 (KHTML, like Gecko) Chrome/74.0.3729.169 Safari/537.36"
27.131.110.181 - - [21/Jul/2025:03:29:26 +1000] "POST /wp-cron.php?doing_wp_cron=1753032566.7163650989532470703125 HTTP/1.1" 200 0 "-" "WordPress/6.7; https://awaydigitalteams.com"
47.242.29.0 - - [21/Jul/2025:03:29:25 +1000] "GET /build-your-team/ HTTP/1.1" 301 30 "-" "Mozilla/5.0 (Windows NT 6.3; Win64; x64) AppleWebKit/537.36 (KHTML, like Gecko) Chrome/76.0.2968.48 Safari/537.36"
47.242.41.164 - - [21/Jul/2025:03:29:28 +1000] "GET /build-your-team/ HTTP/1.1" 200 110013 "-" "Mozilla/5.0 (Windows NT 6.3; Win64; x64) AppleWebKit/537.36 (KHTML, like Gecko) Chrome/76.0.2968.48 Safari/537.36"
114.119.135.206 - - [21/Jul/2025:03:29:29 +1000] "GET /staging/tag/remote-talent/ HTTP/1.1" 302 85 "https://awaydigitalteams.com/staging/vietnam-the-hotspot-for-it-developers/" "Mozilla/5.0 (Linux; Android 7.0;) AppleWebKit/537.36 (KHTML, like Gecko) Mobile Safari/537.36 (compatible; PetalBot;+https://webmaster.petalsearch.com/site/petalbot)"
114.119.135.206 - - [21/Jul/2025:03:29:33 +1000] "GET / HTTP/1.1" 200 119877 "https://awaydigitalteams.com/staging/vietnam-the-hotspot-for-it-developers/" "Mozilla/5.0 (Linux; Android 7.0;) AppleWebKit/537.36 (KHTML, like Gecko) Mobile Safari/537.36 (compatible; PetalBot;+https://webmaster.petalsearch.com/site/petalbot)"
27.131.110.181 - - [21/Jul/2025:03:29:33 +1000] "GET /staging/ HTTP/1.1" 200 61236 "https://awaydigitalteams.com/staging/" "WordPress/5.8.10; https://awaydigitalteams.com/staging"
27.131.110.181 - - [21/Jul/2025:03:29:32 +1000] "POST /staging/wp-cron.php?doing_wp_cron=1753032572.5245010852813720703125 HTTP/1.1" 200 0 "https://awaydigitalteams.com/staging/wp-cron.php?doing_wp_cron=1753032572.5245010852813720703125" "WordPress/5.8.10; https://awaydigitalteams.com/staging"
216.144.248.18 - - [21/Jul/2025:03:29:59 +1000] "HEAD / HTTP/1.1" 200 0 "https://awaydigitalteams.com/" "Mozilla/5.0+(compatible; UptimeRobot/2.0; http://www.uptimerobot.com/)"
216.144.248.28 - - [21/Jul/2025:03:30:39 +1000] "HEAD / HTTP/1.1" 200 0 "https://awaydigitalteams.com/" "Mozilla/5.0+(compatible; UptimeRobot/2.0; http://www.uptimerobot.com/)"
27.131.110.181 - - [21/Jul/2025:03:30:54 +1000] "POST /wp-cron.php?doing_wp_cron=1753032654.8229019641876220703125 HTTP/1.1" 200 0 "-" "WordPress/6.7; https://awaydigitalteams.com"
114.119.129.254 - - [21/Jul/2025:03:30:53 +1000] "GET /event/team-building-2024/ HTTP/1.1" 200 91388 "https://awaydigitalteams.com/event/team-building-2024/" "Mozilla/5.0 (Linux; Android 7.0;) AppleWebKit/537.36 (KHTML, like Gecko) Mobile Safari/537.36 (compatible; PetalBot;+https://webmaster.petalsearch.com/site/petalbot)"
27.131.110.181 - - [21/Jul/2025:03:31:07 +1000] "POST /wp-cron.php?doing_wp_cron=1753032667.1336479187011718750000 HTTP/1.1" 200 0 "-" "WordPress/6.7; https://awaydigitalteams.com"
47.242.43.125 - - [21/Jul/2025:03:31:05 +1000] "HEAD /our-services/payroll-recruitment HTTP/1.1" 301 0 "-" "Mozilla/5.0 (Windows NT 10.0; Win64; x64) AppleWebKit/537.36 (KHTML, like Gecko) Chrome/72.0.3236.15 Safari/537.36"
47.242.43.125 - - [21/Jul/2025:03:31:07 +1000] "HEAD /our-services/payroll-recruitment/ HTTP/1.1" 200 0 "-" "Mozilla/5.0 (Windows NT 10.0; Win64; x64) AppleWebKit/537.36 (KHTML, like Gecko) Chrome/72.0.3236.15 Safari/537.36"
47.242.43.125 - - [21/Jul/2025:03:31:08 +1000] "GET /our-services/payroll-recruitment HTTP/1.1" 301 30 "-" "Mozilla/5.0 (Windows NT 10.0; Win64; x64) AppleWebKit/537.36 (KHTML, like Gecko) Chrome/72.0.3236.15 Safari/537.36"
47.242.43.125 - - [21/Jul/2025:03:31:09 +1000] "GET /our-services/payroll-recruitment/ HTTP/1.1" 200 117801 "-" "Mozilla/5.0 (Windows NT 10.0; Win64; x64) AppleWebKit/537.36 (KHTML, like Gecko) Chrome/72.0.3236.15 Safari/537.36"
139.162.121.226 - - [21/Jul/2025:03:31:59 +1000] "GET / HTTP/2" 200 119988 "-" "Better Uptime Bot Mozilla/5.0 (Windows NT 10.0; Win64; x64) AppleWebKit/537.36 (KHTML, like Gecko) Chrome/74.0.3729.169 Safari/537.36"
185.191.171.2 - - [21/Jul/2025:03:32:12 +1000] "GET /blog/exploring-the-pros-and-cons-of-outsourcing-a-strategic-move-for-australian-businesses/ HTTP/1.1" 200 113226 "-" "Mozilla/5.0 (compatible; SemrushBot/7~bl; +http://www.semrush.com/bot.html)"
216.144.248.22 - - [21/Jul/2025:03:32:53 +1000] "HEAD / HTTP/1.1" 200 0 "https://awaydigitalteams.com" "Mozilla/5.0+(compatible; UptimeRobot/2.0; http://www.uptimerobot.com/)"
139.59.109.12 - - [21/Jul/2025:03:34:13 +1000] "HEAD / HTTP/2" 200 0 "-" "downnotifier.com monitoring"
108.61.201.55 - - [21/Jul/2025:03:34:23 +1000] "HEAD / HTTP/2" 200 0 "-" "downnotifier.com monitoring"
216.144.248.18 - - [21/Jul/2025:03:34:52 +1000] "HEAD / HTTP/1.1" 200 0 "https://awaydigitalteams.com/" "Mozilla/5.0+(compatible; UptimeRobot/2.0; http://www.uptimerobot.com/)"
66.228.53.233 - - [21/Jul/2025:03:35:00 +1000] "GET / HTTP/2" 200 119988 "-" "Better Uptime Bot Mozilla/5.0 (Windows NT 10.0; Win64; x64) AppleWebKit/537.36 (KHTML, like Gecko) Chrome/74.0.3729.169 Safari/537.36"
216.144.248.18 - - [21/Jul/2025:03:35:03 +1000] "HEAD / HTTP/1.1" 200 0 "https://awaydigitalteams.com/" "Mozilla/5.0+(compatible; UptimeRobot/2.0; http://www.uptimerobot.com/)"
162.120.184.47 - - [21/Jul/2025:03:35:27 +1000] "GET /blog/cross-cultural-management-101-australia-and-vietnam/ HTTP/2" 200 113553 "https://www.google.com/" "Mozilla/5.0 (Windows NT 10.0; Win64; x64) AppleWebKit/537.36 (KHTML, like Gecko) Chrome/138.0.0.0 Safari/537.36"
27.131.110.181 - - [21/Jul/2025:03:35:28 +1000] "POST /wp-cron.php?doing_wp_cron=1753032928.8761610984802246093750 HTTP/1.1" 200 0 "-" "WordPress/6.7; https://awaydigitalteams.com"
66.249.82.8 - - [21/Jul/2025:03:35:27 +1000] "GET /.well-known/traffic-advice HTTP/1.1" 301 30 "-" "Chrome Privacy Preserving Prefetch Proxy"
216.144.248.30 - - [21/Jul/2025:03:35:44 +1000] "HEAD / HTTP/1.1" 200 0 "https://awaydigitalteams.com/" "Mozilla/5.0+(compatible; UptimeRobot/2.0; http://www.uptimerobot.com/)"
173.252.107.113 - - [21/Jul/2025:03:35:47 +1000] "GET /our-services/social-media-specialist/ HTTP/2" 200 830663 "-" "meta-externalagent/1.1 (+https://developers.facebook.com/docs/sharing/webmasters/crawler)"
40.77.167.68 - - [21/Jul/2025:03:36:00 +1000] "GET /blog/australian-values-global-reach-outsourcing-customer-service-for-a-seamless-experience/ HTTP/2" 200 115084 "-" "Mozilla/5.0 AppleWebKit/537.36 (KHTML, like Gecko; compatible; bingbot/2.0; +http://www.bing.com/bingbot.htm) Chrome/116.0.1938.76 Safari/537.36"
216.144.248.18 - - [21/Jul/2025:03:37:57 +1000] "HEAD / HTTP/1.1" 200 0 "https://awaydigitalteams.com" "Mozilla/5.0+(compatible; UptimeRobot/2.0; http://www.uptimerobot.com/)"
139.162.58.253 - - [21/Jul/2025:03:38:00 +1000] "GET / HTTP/2" 200 98250 "-" "Better Uptime Bot Mozilla/5.0 (Windows NT 10.0; Win64; x64) AppleWebKit/537.36 (KHTML, like Gecko) Chrome/74.0.3729.169 Safari/537.36"
40.77.167.68 - - [21/Jul/2025:03:39:02 +1000] "GET /build-your-team/ HTTP/2" 200 93058 "-" "Mozilla/5.0 AppleWebKit/537.36 (KHTML, like Gecko; compatible; bingbot/2.0; +http://www.bing.com/bingbot.htm) Chrome/116.0.1938.76 Safari/537.36"
216.144.248.21 - - [21/Jul/2025:03:39:55 +1000] "HEAD / HTTP/1.1" 200 0 "https://awaydigitalteams.com/" "Mozilla/5.0+(compatible; UptimeRobot/2.0; http://www.uptimerobot.com/)"
216.144.248.23 - - [21/Jul/2025:03:40:06 +1000] "HEAD / HTTP/1.1" 200 0 "https://awaydigitalteams.com/" "Mozilla/5.0+(compatible; UptimeRobot/2.0; http://www.uptimerobot.com/)"
194.195.253.111 - - [21/Jul/2025:03:40:58 +1000] "GET / HTTP/2" 200 119988 "-" "Better Uptime Bot Mozilla/5.0 (Windows NT 10.0; Win64; x64) AppleWebKit/537.36 (KHTML, like Gecko) Chrome/74.0.3729.169 Safari/537.36"
44.208.221.197 - - [21/Jul/2025:03:41:24 +1000] "GET /blog/what-does-a-graphic-designer-do/ HTTP/1.1" 200 117730 "-" "Mozilla/5.0 AppleWebKit/537.36 (KHTML, like Gecko; compatible; Perplexity-User/1.0; +https://perplexity.ai/perplexity-user)"
216.144.248.21 - - [21/Jul/2025:03:41:42 +1000] "HEAD / HTTP/1.1" 200 0 "https://awaydigitalteams.com/" "Mozilla/5.0+(compatible; UptimeRobot/2.0; http://www.uptimerobot.com/)"
216.144.248.26 - - [21/Jul/2025:03:43:01 +1000] "HEAD / HTTP/1.1" 200 0 "https://awaydigitalteams.com" "Mozilla/5.0+(compatible; UptimeRobot/2.0; http://www.uptimerobot.com/)"
66.228.56.189 - - [21/Jul/2025:03:44:01 +1000] "GET / HTTP/2" 200 119988 "-" "Better Uptime Bot Mozilla/5.0 (Windows NT 10.0; Win64; x64) AppleWebKit/537.36 (KHTML, like Gecko) Chrome/74.0.3729.169 Safari/537.36"
108.61.201.55 - - [21/Jul/2025:03:44:14 +1000] "HEAD / HTTP/2" 200 0 "-" "downnotifier.com monitoring"
139.59.109.12 - - [21/Jul/2025:03:44:22 +1000] "HEAD / HTTP/2" 200 0 "-" "downnotifier.com monitoring"
216.144.248.19 - - [21/Jul/2025:03:44:59 +1000] "HEAD / HTTP/1.1" 200 0 "https://awaydigitalteams.com/" "Mozilla/5.0+(compatible; UptimeRobot/2.0; http://www.uptimerobot.com/)"
216.144.248.24 - - [21/Jul/2025:03:45:10 +1000] "HEAD / HTTP/1.1" 200 0 "https://awaydigitalteams.com/" "Mozilla/5.0+(compatible; UptimeRobot/2.0; http://www.uptimerobot.com/)"
173.252.79.6 - - [21/Jul/2025:03:45:50 +1000] "GET /blog/outsourcing-trends-for-2025-the-talent-revolution-that-can-transform-your-business/ HTTP/2" 200 347816 "-" "meta-externalagent/1.1 (+https://developers.facebook.com/docs/sharing/webmasters/crawler)"
173.252.79.116 - - [21/Jul/2025:03:45:58 +1000] "GET /wp-content/uploads/2024/06/away-digital-teams-social-preview-image.jpg HTTP/2" 200 42202 "-" "facebookexternalhit/1.1 (+http://www.facebook.com/externalhit_uatext.php)"
173.252.79.114 - - [21/Jul/2025:03:45:58 +1000] "GET /wp-content/uploads/2024/06/away-digital-teams-social-preview-image.jpg HTTP/2" 200 42202 "-" "facebookexternalhit/1.1 (+http://www.facebook.com/externalhit_uatext.php)"
91.107.221.68 - - [21/Jul/2025:03:46:59 +1000] "GET / HTTP/2" 200 119988 "-" "Better Uptime Bot Mozilla/5.0 (Windows NT 10.0; Win64; x64) AppleWebKit/537.36 (KHTML, like Gecko) Chrome/74.0.3729.169 Safari/537.36"
216.144.248.27 - - [21/Jul/2025:03:47:39 +1000] "HEAD / HTTP/1.1" 200 0 "https://awaydigitalteams.com/" "Mozilla/5.0+(compatible; UptimeRobot/2.0; http://www.uptimerobot.com/)"
216.144.248.30 - - [21/Jul/2025:03:48:05 +1000] "HEAD / HTTP/1.1" 200 0 "https://awaydigitalteams.com" "Mozilla/5.0+(compatible; UptimeRobot/2.0; http://www.uptimerobot.com/)"
44.208.221.197 - - [21/Jul/2025:03:49:57 +1000] "GET /blog/front-end-developer-salary-in-2024-a-comprehensive-guide/ HTTP/1.1" 200 116475 "-" "Mozilla/5.0 AppleWebKit/537.36 (KHTML, like Gecko; compatible; Perplexity-User/1.0; +https://perplexity.ai/perplexity-user)"
66.228.53.233 - - [21/Jul/2025:03:50:01 +1000] "GET / HTTP/2" 200 119988 "-" "Better Uptime Bot Mozilla/5.0 (Windows NT 10.0; Win64; x64) AppleWebKit/537.36 (KHTML, like Gecko) Chrome/74.0.3729.169 Safari/537.36"
216.144.248.30 - - [21/Jul/2025:03:50:02 +1000] "HEAD / HTTP/1.1" 200 0 "https://awaydigitalteams.com/" "Mozilla/5.0+(compatible; UptimeRobot/2.0; http://www.uptimerobot.com/)"
216.144.248.23 - - [21/Jul/2025:03:50:14 +1000] "HEAD / HTTP/1.1" 200 0 "https://awaydigitalteams.com/" "Mozilla/5.0+(compatible; UptimeRobot/2.0; http://www.uptimerobot.com/)"
40.77.167.64 - - [21/Jul/2025:03:50:57 +1000] "GET /wp-content/uploads/2021/07/ADT_Logo_2.svg HTTP/2" 200 1403 "-" "Mozilla/5.0 AppleWebKit/537.36 (KHTML, like Gecko; compatible; bingbot/2.0; +http://www.bing.com/bingbot.htm) Chrome/116.0.1938.76 Safari/537.36"
34.217.215.133 - - [21/Jul/2025:03:51:18 +1000] "GET /wp-content/uploads/2025/01/outsourcing-talents-with-away-digital-teams.webp HTTP/2" 200 103382 "-" "Mozilla/5.0 (Windows NT 10.0; Win64; x64) AppleWebKit/537.36 (KHTML, like Gecko) Chrome/137.0.0.0 Safari/537.36"
177.66.217.44 - - [21/Jul/2025:03:51:41 +1000] "GET /blog/leading-companies-who-outsource-examples/ HTTP/1.1" 200 117065 "-" "Mozilla/5.0 (Windows NT 10.0; Win64; x64) AppleWebKit/537.36 (KHTML, like Gecko) Chrome/122.0.0.0 Safari/537.36"
23.98.142.179 - - [21/Jul/2025:03:52:17 +1000] "GET /blog/english-language-proficiency-and-the-education-system-in-vietnam/ HTTP/2" 200 115650 "-" "Mozilla/5.0 AppleWebKit/537.36 (KHTML, like Gecko); compatible; ChatGPT-User/1.0; +https://openai.com/bot"
216.144.248.19 - - [21/Jul/2025:03:52:42 +1000] "HEAD / HTTP/1.1" 200 0 "https://awaydigitalteams.com/" "Mozilla/5.0+(compatible; UptimeRobot/2.0; http://www.uptimerobot.com/)"
91.107.221.68 - - [21/Jul/2025:03:53:00 +1000] "GET / HTTP/2" 200 119988 "-" "Better Uptime Bot Mozilla/5.0 (Windows NT 10.0; Win64; x64) AppleWebKit/537.36 (KHTML, like Gecko) Chrome/74.0.3729.169 Safari/537.36"
216.144.248.18 - - [21/Jul/2025:03:53:08 +1000] "HEAD / HTTP/1.1" 200 0 "https://awaydigitalteams.com" "Mozilla/5.0+(compatible; UptimeRobot/2.0; http://www.uptimerobot.com/)"
139.59.109.12 - - [21/Jul/2025:03:54:13 +1000] "HEAD / HTTP/2" 200 0 "-" "downnotifier.com monitoring"
27.131.110.181 - - [21/Jul/2025:03:54:15 +1000] "POST /wp-cron.php?doing_wp_cron=1753034055.5054280757904052734375 HTTP/1.1" 200 0 "-" "WordPress/6.7; https://awaydigitalteams.com"
114.119.134.49 - - [21/Jul/2025:03:54:13 +1000] "GET /career/part-time-social-media-specialist/ HTTP/1.1" 200 89163 "https://awaydigitalteams.com/career/part-time-social-media-specialist/" "Mozilla/5.0 (Linux; Android 7.0;) AppleWebKit/537.36 (KHTML, like Gecko) Mobile Safari/537.36 (compatible; PetalBot;+https://webmaster.petalsearch.com/site/petalbot)"
108.61.201.55 - - [21/Jul/2025:03:54:21 +1000] "HEAD / HTTP/2" 200 0 "-" "downnotifier.com monitoring"
162.120.187.247 - - [21/Jul/2025:03:54:45 +1000] "GET /blog/what-does-a-graphic-designer-do/ HTTP/2" 200 117978 "https://www.google.com/" "Mozilla/5.0 (Linux; Android 10; K) AppleWebKit/537.36 (KHTML, like Gecko) Chrome/138.0.0.0 Mobile Safari/537.36"
216.144.248.25 - - [21/Jul/2025:03:55:06 +1000] "HEAD / HTTP/1.1" 200 0 "https://awaydigitalteams.com/" "Mozilla/5.0+(compatible; UptimeRobot/2.0; http://www.uptimerobot.com/)"
216.144.248.28 - - [21/Jul/2025:03:55:18 +1000] "HEAD / HTTP/1.1" 200 0 "https://awaydigitalteams.com/" "Mozilla/5.0+(compatible; UptimeRobot/2.0; http://www.uptimerobot.com/)"
27.131.110.181 - - [21/Jul/2025:03:55:34 +1000] "POST /wp-cron.php?doing_wp_cron=1753034134.2881379127502441406250 HTTP/1.1" 200 0 "-" "WordPress/6.7; https://awaydigitalteams.com"
114.119.135.206 - - [21/Jul/2025:03:55:33 +1000] "GET /career/backend-magento-developer/ HTTP/1.1" 200 89815 "https://awaydigitalteams.com/career/backend-magento-developer/" "Mozilla/5.0 (Linux; Android 7.0;) AppleWebKit/537.36 (KHTML, like Gecko) Mobile Safari/537.36 (compatible; PetalBot;+https://webmaster.petalsearch.com/site/petalbot)"
139.162.215.114 - - [21/Jul/2025:03:56:03 +1000] "GET / HTTP/2" 200 119988 "-" "Better Uptime Bot Mozilla/5.0 (Windows NT 10.0; Win64; x64) AppleWebKit/537.36 (KHTML, like Gecko) Chrome/74.0.3729.169 Safari/537.36"
27.131.110.181 - - [21/Jul/2025:03:56:48 +1000] "POST /wp-cron.php?doing_wp_cron=1753034208.9471650123596191406250 HTTP/1.1" 200 0 "-" "WordPress/6.7; https://awaydigitalteams.com"
40.77.167.64 - - [21/Jul/2025:03:56:47 +1000] "GET /data-security/ HTTP/2" 200 70583 "-" "Mozilla/5.0 AppleWebKit/537.36 (KHTML, like Gecko; compatible; bingbot/2.0; +http://www.bing.com/bingbot.htm) Chrome/116.0.1938.76 Safari/537.36"
